=== Artemis II headless optimize start 30-Sep-2026 12:29:53 ===
cold start from C:\Users\aharden\OneDrive - NASA\Documents\MATLAB\tot\examples\LaunchVehicleDesigner\SLS_Block1\SLS_ArtemisII.mat
Starting parallel pool (parpool) using the 'Processes' profile ...
Connected to parallel pool with 16 workers.
parallel FD on 16 workers
Problem:
  variables:        52
  constraints:      equality 46 (0 linear + 46 nonlinear)
                    inequality 18 (0 linear + 18 nonlinear)
  bounds:           finite lower 52, finite upper 52
  derivatives:      objective finite-difference (step 1e-05, forward); constraints finite-difference (step 1e-05, forward)
  auto-scaling:     on (Dx spread 1)
  hessian model:    bfgs
  solver core:      interior-point
  parallel:         finitediff

Non-default options in use:
  FiniteDifferenceStepSize       = 1.4901e-08
  globalization                  = 'merit'
  parallel                       = 'finitediff'
  IterationFcn                   = @(info)AdamNlOptOptimizer.reportHeadlessProgress(info,progressFcn,maxTime,optimStartTic)

 iter              f        feas         opt        comp         mu     step   mode     nFun   time(s)
    0   1.248542e+00   2.935e-02   5.104e+00   1.000e-01   1.00e-01  0.0e+00   feas       53       0.4
    1   1.181239e+00   2.357e-02   3.545e+00   1.004e-01   1.00e-01  7.0e-01   feas      106      37.6
    2   1.188495e+00   1.310e-02   1.133e-01   5.807e-02   2.00e-02  6.6e-01   feas      159     100.6
    3   1.188612e+00   1.238e-02   1.125e-01   5.592e-02   2.00e-02  4.6e-02   feas      212     145.9
    4   1.191082e+00   1.090e-02   1.362e+00   1.358e-01   2.00e-02  1.1e-01   feas      266     189.0
    5   1.191922e+00   1.032e-02   9.226e-01   1.258e-01   2.83e-03  3.8e-02   feas      319     223.7
    6   1.195800e+00   1.004e-02   3.156e+00   2.108e-01   2.83e-03  2.7e-02   feas      374     287.9
    7   1.197889e+00   9.991e-03   3.986e+00   2.547e-01   2.83e-03  4.7e-03   feas      432     343.1
    8   1.200025e+00   9.962e-03   1.005e+00   2.828e-01   2.83e-03  3.0e-03   feas      490     412.7
    9   1.204651e+00   9.554e-03   9.982e-01   2.913e-01   2.83e-03  4.9e-02   feas      543     453.1
   10   1.202840e+00   9.505e-03   1.138e+00   2.764e-01   2.83e-03  5.1e-02   feas      598     490.3
   11   1.203206e+00   9.471e-03   1.985e+00   4.701e-01   2.83e-03  3.6e-03   feas      651     523.9
   12   1.203809e+00   9.458e-03   4.659e+00   1.898e+00   2.83e-03  9.2e-03   feas      708     579.0
   13   1.207711e+00   9.169e-03   1.366e+01   5.401e+00   2.83e-03  3.5e-02   feas      764     628.1
   14   1.207262e+00   9.057e-03   1.254e+01   4.993e+00   2.83e-03  2.6e-02   feas      820     673.3
   15   1.212638e+00   6.105e-03   9.913e+00   3.257e+00   2.83e-03  1.6e-01   feas      874     714.0
   16   1.212031e+00   6.006e-03   5.993e+00   1.769e+00   2.83e-03  6.2e-02   feas      927     749.3
   17   1.210828e+00   5.485e-03   6.472e+00   1.728e+00   2.83e-03  1.4e-02   feas      982     789.8
   18   1.210939e+00   5.409e-03   6.873e+00   1.724e+00   2.83e-03  6.2e-03   feas     1038     831.0
   19   1.211682e+00   5.355e-03   8.596e+00   1.864e+00   2.83e-03  8.2e-03   feas     1094     872.2
   20   1.211718e+00   5.337e-03   8.813e+00   1.905e+00   2.83e-03  2.4e-03   feas     1151     913.1
   21   1.212170e+00   5.319e-03   9.590e+00   1.976e+00   2.83e-03  3.3e-03   feas     1208     958.2
   22   1.213044e+00   5.280e-03   1.281e+01   2.434e+00   2.83e-03  6.7e-03   feas     1264     998.0
   23   1.214029e+00   5.146e-03   1.333e+01   2.465e+00   2.83e-03  2.1e-02   feas     1319    1038.4
   24   1.215230e+00   5.345e-03   7.050e+01   6.335e+00   2.83e-03  4.1e-02   feas     1372    1071.0
   25   1.214992e+00   4.588e-03   8.329e+01   5.938e+00   2.83e-03  6.0e-02   feas     1425    1103.3
   26   1.219182e+00   4.472e-03   9.369e+01   5.826e+00   2.83e-03  4.7e-02   feas     1480    1142.9
   27   1.223146e+00   4.434e-03   9.804e+01   5.573e+00   2.83e-03  4.4e-02   feas     1535    1177.0
   28   1.221683e+00   4.812e-03   4.909e+02   4.331e+00   2.83e-03  2.7e-02   feas     1592    1226.0
   29   1.221700e+00   5.136e-03   6.322e+02   3.881e+00   2.83e-03  1.5e-02   feas     1645    1261.6
   30   1.219767e+00   4.593e-03   5.924e+02   3.281e+00   2.83e-03  1.5e-01   feas     1700    1301.0
   31   1.218554e+00   4.489e-03   1.051e+01   1.483e+00   2.83e-03  3.0e-02   feas     1754    1333.1
   32   1.217033e+00   4.444e-03   1.025e+01   1.394e+00   2.83e-03  3.0e-02   feas     1810    1369.7
   33   1.216253e+00   4.374e-03   9.723e+00   1.284e+00   2.83e-03  3.5e-02   feas     1866    1407.8
   34   1.213017e+00   4.441e-03   8.337e+00   1.253e+00   2.83e-03  2.2e-02   feas     1921    1441.3
   35   1.213154e+00   4.731e-03   4.045e+01   2.233e+00   2.83e-03  1.6e-02   feas     1977    1477.1
   36   1.231323e+00   3.300e-03   1.315e+01   1.177e+00   2.83e-03  5.0e-01   feas     2031    1507.8
   37   1.231563e+00   3.285e-03   2.790e+01   2.623e+00   2.83e-03  1.2e-02   feas     2087    1543.4
   38   1.236440e+00   3.131e-03   5.028e+01   4.726e+00   2.83e-03  1.1e-01   feas     2140    1573.9
   39   1.236594e+00   3.014e-03   8.324e+01   4.369e+00   2.83e-03  5.6e-02   feas     2193    1601.2
   40   1.236049e+00   3.011e-03   1.012e+02   4.362e+00   2.83e-03  6.5e-03   feas     2247    1632.7
   41   1.235602e+00   3.022e-03   1.286e+02   4.357e+00   2.83e-03  7.9e-04   feas     2305    1677.4
   42   1.235342e+00   3.024e-03   1.702e+02   4.352e+00   2.83e-03  4.9e-04   feas     2364    1725.3
   43   1.235532e+00   2.918e-03   1.866e+02   4.322e+00   2.83e-03  3.6e-02   feas     2421    1770.6
   44   1.239814e+00   2.515e-03   5.305e+00   1.192e-01   2.83e-03  1.0e+00   feas     2474    1801.3
   45   1.231672e+00   1.123e-03   4.557e+00   7.992e-02   2.83e-03  1.0e+00   feas     2527    1828.4
   46   1.226010e+00   1.380e-04   9.744e-01   5.598e-02   2.83e-03  1.0e+00   feas     2580    1856.4
   47   1.219065e+00   1.841e-04   4.008e-01   3.529e-03   2.83e-03  5.0e-01   feas     2634    1886.0
   48   1.217706e+00   1.837e-04   3.529e-01   3.415e-03   2.83e-03  3.1e-02   feas     2692    1934.5
   49   1.216917e+00   1.839e-04   3.591e-01   5.766e-03   2.83e-03  7.8e-03   feas     2752    1989.1
   50   1.216209e+00   1.838e-04   3.497e-01   6.821e-03   2.83e-03  7.8e-03   feas     2812    2038.3
   51   1.215589e+00   1.834e-04   3.558e-01   9.574e-03   2.83e-03  7.8e-03   feas     2872    2091.3
   52   1.214893e+00   1.833e-04   3.429e-01   1.116e-02   2.83e-03  7.8e-03   feas     2932    2144.1
   53   1.214077e+00   1.837e-04   3.821e-01   1.376e-02   2.83e-03  7.8e-03   feas     2992    2197.9
   54   1.213321e+00   1.840e-04   3.492e-01   1.507e-02   2.83e-03  7.8e-03   feas     3052    2245.1
   55   1.212590e+00   1.841e-04   3.533e-01   1.633e-02   2.83e-03  7.8e-03   feas     3112    2298.3
   56   1.212000e+00   1.844e-04   3.463e-01   1.737e-02   2.83e-03  3.9e-03   feas     3173    2352.8
   57   1.211242e+00   1.847e-04   3.482e-01   1.886e-02   2.83e-03  7.8e-03   feas     3233    2404.0
   58   1.210267e+00   1.862e-04   3.317e-01   2.005e-02   2.83e-03  7.8e-03   feas     3293    2453.2
   59   1.209300e+00   1.878e-04   3.615e-01   2.102e-02   2.83e-03  7.8e-03   feas     3353    2499.7
   60   1.208445e+00   1.885e-04   3.156e-01   2.292e-02   2.83e-03  7.8e-03   feas     3413    2545.8
   61   1.207717e+00   1.893e-04   3.138e-01   2.350e-02   2.83e-03  3.8e-03   feas     3474    2595.8
   62   1.206676e+00   1.914e-04   3.210e-01   2.418e-02   2.83e-03  7.8e-03   feas     3534    2644.8
   63   1.205757e+00   1.926e-04   3.314e-01   2.523e-02   2.83e-03  7.8e-03   feas     3594    2691.7
   64   1.205238e+00   1.926e-04   3.371e-01   2.581e-02   2.83e-03  3.9e-03   feas     3655    2743.8
   65   1.204710e+00   1.928e-04   3.261e-01   2.694e-02   2.83e-03  3.9e-03   feas     3716    2800.6
   66   1.204322e+00   1.930e-04   3.310e-01   2.748e-02   2.83e-03  1.7e-03   feas     3778    2853.9
   67   1.204271e+00   1.929e-04   3.213e-01   2.765e-02   2.83e-03  9.4e-05   feas     3843    2915.3
   68   1.204149e+00   1.929e-04   3.205e-01   2.786e-02   2.83e-03  2.9e-04   feas     3907    2968.6
   69   1.203651e+00   1.936e-04   3.044e-01   2.935e-02   2.83e-03  1.2e-03   feas     3969    3016.9
   70   1.203186e+00   1.936e-04   3.100e-01   3.012e-02   2.83e-03  3.9e-03   feas     4030    3060.7
   71   1.202706e+00   1.936e-04   3.052e-01   3.130e-02   2.83e-03  3.9e-03   feas     4091    3109.0
   72   1.202393e+00   1.935e-04   3.037e-01   3.226e-02   2.83e-03  1.9e-03   feas     4153    3159.7
   73   1.201807e+00   1.940e-04   2.742e-01   3.271e-02   2.83e-03  2.8e-03   feas     4214    3210.1
   74   1.201222e+00   1.945e-04   4.657e-01   3.540e-02   2.83e-03  3.9e-03   feas     4275    3254.8
   75   1.200306e+00   1.942e-04   3.428e-01   3.626e-02   2.83e-03  1.6e-02   feas     4334    3298.9
   76   1.199550e+00   1.947e-04   3.328e-01   3.744e-02   2.83e-03  7.8e-03   feas     4394    3348.7
   77   1.199018e+00   1.949e-04   3.305e-01   3.825e-02   2.83e-03  3.9e-03   feas     4455    3405.3
   78   1.198944e+00   1.948e-04   3.136e-01   3.959e-02   2.83e-03  4.9e-04   feas     4519    3472.5
   79   1.198877e+00   1.948e-04   2.937e-01   3.989e-02   2.83e-03  1.9e-04   feas     4584    3544.6
   80   1.198821e+00   1.947e-04   3.225e-01   4.271e-02   2.83e-03  2.4e-04   feas     4649    3607.3
   81   1.198806e+00   1.947e-04   3.269e-01   4.308e-02   2.83e-03  6.1e-05   feas     4716    3670.2
   82   1.198790e+00   1.947e-04   3.223e-01   4.535e-02   2.83e-03  6.1e-05   feas     4783    3734.7
   83   1.198772e+00   1.947e-04   3.144e-01   4.557e-02   2.83e-03  4.0e-05   feas     4850    3806.5
   84   1.198772e+00   1.947e-04   3.075e-01   4.572e-02   2.83e-03  5.6e-08   feas     4925    3892.0
   85   1.194407e+00   1.390e-04   2.964e-01   2.434e-02   2.83e-03  5.0e-01   feas     4979    3917.8
   86   1.193779e+00   1.380e-04   2.893e-01   2.573e-02   2.83e-03  1.6e-02   feas     5038    3957.7
   87   1.193476e+00   1.378e-04   2.807e-01   2.845e-02   2.83e-03  3.9e-03   feas     5099    4001.9
   88   1.193293e+00   1.376e-04   2.762e-01   2.843e-02   1.50e-04  2.0e-03   feas     5161    4050.6
   89   1.193262e+00   1.376e-04   2.916e-01   2.844e-02   1.50e-04  4.7e-05   feas     5227    4108.7
   90   1.193099e+00   1.374e-04   3.260e-01   2.847e-02   1.50e-04  1.4e-03   feas     5289    4155.1
   91   1.193051e+00   1.374e-04   3.177e-01   2.848e-02   1.50e-04  1.2e-04   feas     5354    4210.2
   92   1.192969e+00   1.374e-04   4.922e-01   2.856e-02   1.50e-04  3.8e-04   feas     5417    4259.7
   93   1.192715e+00   1.370e-04   2.819e-01   2.853e-02   1.50e-04  3.9e-03   feas     5478    4305.4
   94   1.192591e+00   1.367e-04   2.635e-01   2.862e-02   1.50e-04  1.9e-03   feas     5537    4343.3
   95   1.192381e+00   1.367e-04   2.517e-01   2.861e-02   1.50e-04  1.6e-03   feas     5598    4388.1
   96   1.192268e+00   1.367e-04   2.880e-01   2.863e-02   1.50e-04  5.9e-04   feas     5660    4436.0
   97   1.191963e+00   1.367e-04   2.898e-01   2.863e-02   1.50e-04  1.8e-03   feas     5720    4478.1
   98   1.191714e+00   1.366e-04   2.987e-01   2.873e-02   1.50e-04  2.0e-03   feas     5781    4524.5
   99   1.191244e+00   1.363e-04   2.988e-01   2.858e-02   1.50e-04  7.6e-03   feas     5841    4581.6
  100   1.191103e+00   1.363e-04   3.062e-01   2.858e-02   1.50e-04  4.3e-04   feas     5903    4631.4
  101   1.190887e+00   1.362e-04   3.096e-01   2.868e-02   1.50e-04  1.8e-03   feas     5965    4681.2
  102   1.190760e+00   1.362e-04   3.023e-01   2.868e-02   1.50e-04  3.7e-04   feas     6029    4745.8
  103   1.190696e+00   1.362e-04   2.964e-01   2.869e-02   1.50e-04  2.7e-05   feas     6094    4817.1
  104   1.190447e+00   1.361e-04   3.131e-01   2.871e-02   1.50e-04  1.6e-03   feas     6155    4872.9
  105   1.190252e+00   1.360e-04   3.108e-01   2.873e-02   1.50e-04  2.0e-03   feas     6217    5023.8
xamples\LaunchVehicleDesigner\SLS_Block1\SLS_ArtemisII_opt.mat
Starting parallel pool (parpool) using the 'Processes' profile ...
30-Sep-2026 13:56:29: Job Running. Waiting for parallel pool workers to connect ...
Connected to parallel pool with 16 workers.
parallel FD on 16 workers
Problem:
  variables:        52
  constraints:      equality 46 (0 linear + 46 nonlinear)
                    inequality 18 (0 linear + 18 nonlinear)
  bounds:           finite lower 52, finite upper 52
  derivatives:      objective finite-difference (step 0.0001, central); constraints finite-difference (step 0.0001, central)
  auto-scaling:     on (Dx spread 1)
  hessian model:    bfgs
  solver core:      interior-point
  parallel:         finitediff

Non-default options in use:
  FiniteDifferenceStepSize       = 1.4901e-08
  globalization                  = 'merit'
  parallel                       = 'finitediff'
  IterationFcn                   = @(info)AdamNlOptOptimizer.reportHeadlessProgress(info,progressFcn,maxTime,optimStartTic)

 iter              f        feas         opt        comp         mu     step   mode     nFun   time(s)
    0   1.190760e+00   1.000e-02   5.188e+00   1.000e-01   1.00e-01  0.0e+00   feas      105       0.4
    1   1.161878e+00   5.216e-03   6.708e+00   1.045e-01   1.00e-01  4.9e-01   feas      211      59.6
    2   1.175172e+00   6.152e-04   4.372e-01   3.712e-02   2.00e-02  9.9e-01   feas      316     112.3
    3   1.177979e+00   4.759e-05   4.582e-01   4.583e-03   2.83e-03  1.0e+00     ip      421     165.7
    4   1.177549e+00   4.777e-05   1.868e-01   3.505e-03   2.83e-03  6.2e-02     ip      530     228.1
    5   1.176982e+00   4.754e-05   1.868e-01   2.448e-03   1.50e-04  1.2e-01     ip      638     281.6
    6   1.176708e+00   4.748e-05   1.821e-01   2.518e-03   1.50e-04  3.1e-02     ip      748     340.9
    7   1.176493e+00   4.763e-05   1.792e-01   2.626e-03   1.50e-04  1.6e-02     ip      859     402.7
    8   1.176295e+00   4.766e-05   1.770e-01   2.733e-03   1.50e-04  1.6e-02     ip      970     476.4
    9   1.176068e+00   4.794e-05   1.727e-01   2.861e-03   1.50e-04  7.8e-03     ip     1082     540.1
   10   1.175702e+00   4.861e-05   1.732e-01   2.965e-03   1.50e-04  1.6e-02     ip     1193     599.4
   11   1.175478e+00   4.869e-05   1.721e-01   3.091e-03   1.50e-04  7.8e-03     ip     1305     659.9
   12   1.175195e+00   4.899e-05   1.683e-01   3.216e-03   1.50e-04  7.8e-03     ip     1417     725.0
   13   1.174950e+00   4.920e-05   1.693e-01   3.348e-03   1.50e-04  5.4e-03     ip     1529     784.5
   14   1.174733e+00   4.932e-05   1.684e-01   3.482e-03   1.50e-04  4.7e-03     ip     1641     841.9
   15   1.174633e+00   4.930e-05   1.698e-01   3.626e-03   1.50e-04  1.8e-03     ip     1754     899.4
   16   1.174538e+00   4.927e-05   1.711e-01   6.979e-03   1.50e-04  1.8e-03     ip     1867     960.3
   17   1.174458e+00   4.931e-05   1.638e-01   3.916e-03   1.50e-04  9.8e-04     ip     1982    1021.8
   18   1.174252e+00   4.931e-05   1.646e-01   4.035e-03   1.50e-04  7.8e-03     ip     2094    1077.5
   19   1.174148e+00   4.928e-05   1.650e-01   4.175e-03   1.50e-04  2.4e-03     ip     2207    1138.7
   20   1.174055e+00   4.925e-05   1.680e-01   8.051e-03   1.50e-04  1.9e-03     ip     2320    1200.1
   21   1.173960e+00   4.919e-05   1.664e-01   1.258e-02   1.50e-04  2.5e-03     ip     2433    1261.6
   22   1.173903e+00   4.916e-05   1.738e-01   1.851e-02   1.50e-04  1.3e-03     ip     2547    1332.4
   23   1.173857e+00   4.912e-05   1.730e-01   1.398e-02   1.50e-04  1.5e-03     ip     2661    1399.2
   24   1.173826e+00   4.911e-05   1.614e-01   1.401e-02   1.50e-04  5.0e-04     ip     2776    1468.6
   25   1.173799e+00   4.911e-05   1.610e-01   1.096e-02   1.50e-04  1.1e-04     ip     2894    1554.7
   26   1.173692e+00   4.902e-05   1.673e-01   8.243e-03   1.50e-04  3.9e-03     ip     3007    1627.3
   27   1.173691e+00   4.902e-05   1.638e-01   1.159e-02   1.50e-04  2.1e-05     ip     3127    1722.0
   28   1.173691e+00   4.902e-05   1.766e-01   1.747e-02   1.50e-04  2.5e-07     ip     3252    1808.1
   29   1.173683e+00   4.902e-05   1.596e-01   1.454e-02   1.50e-04  1.4e-04     ip     3368    1867.6
   30   1.173655e+00   4.899e-05   1.640e-01   1.172e-02   1.50e-04  7.9e-04     ip     3483    1924.1
   31   1.173620e+00   4.895e-05   1.615e-01   9.087e-03   1.50e-04  9.7e-04     ip     3598    1988.7
   32   1.173725e+00   1.000e-04   1.571e-01   1.504e-04   1.50e-04  0.0e+00   feas     3734    2163.7
   33   1.173692e+00   9.998e-05   1.573e-01   2.533e-04   1.50e-04  2.1e-04     ip     3851    2231.6
   34   1.173193e+00   9.373e-05   1.553e-01   3.631e-04   1.50e-04  6.2e-02     ip     3960    2283.4
   35   1.172934e+00   9.227e-05   1.532e-01   5.055e-04   1.50e-04  1.6e-02     ip     4071    2337.1
   36   1.172680e+00   9.083e-05   1.508e-01   6.457e-04   1.50e-04  1.6e-02     ip     4182    2392.8
   37   1.172442e+00   8.941e-05   1.486e-01   7.837e-04   1.50e-04  1.6e-02     ip     4293    2446.5
   38   1.172200e+00   8.801e-05   1.461e-01   9.195e-04   1.50e-04  1.6e-02     ip     4404    2514.7
   39   1.171963e+00   8.664e-05   1.440e-01   1.053e-03   1.50e-04  1.6e-02     ip     4515    2581.8
   40   1.171730e+00   8.528e-05   1.413e-01   1.185e-03   1.50e-04  1.6e-02     ip     4626    2642.6
   41   1.171510e+00   8.395e-05   1.367e-01   1.314e-03   1.50e-04  1.6e-02     ip     4737    2700.9
   42   1.171262e+00   8.264e-05   1.369e-01   1.442e-03   1.50e-04  1.6e-02     ip     4848    2755.9
   43   1.170933e+00   8.135e-05   1.349e-01   1.567e-03   1.50e-04  1.6e-02     ip     4959    2816.5
   44   1.170728e+00   8.071e-05   1.324e-01   1.704e-03   1.50e-04  7.8e-03     ip     5071    2893.2
   45   1.170540e+00   8.026e-05   1.322e-01   1.845e-03   1.50e-04  5.6e-03     ip     5183    2968.3
   46   1.170455e+00   8.008e-05   1.321e-01   1.990e-03   1.50e-04  2.3e-03     ip     5296    3048.8
   47   1.170375e+00   7.993e-05   1.326e-01   3.020e-03   1.50e-04  1.9e-03     ip     5409    3121.0
   48   1.170299e+00   7.977e-05   1.335e-01   6.258e-03   1.50e-04  1.9e-03     ip     5522    3193.2
   49   1.170247e+00   7.970e-05   1.282e-01   3.273e-03   1.50e-04  9.8e-04     ip     5637    3276.1
   50   1.170093e+00   7.907e-05   1.295e-01   2.738e-03   1.50e-04  7.8e-03     ip     5749    3335.3
   51   1.170017e+00   7.891e-05   1.287e-01   5.257e-03   1.50e-04  2.1e-03     ip     5862    3409.3
   52   1.169944e+00   7.875e-05   1.318e-01   1.039e-02   1.50e-04  2.0e-03     ip     5975    3469.4
   53   1.169865e+00   7.851e-05   1.386e-01   1.295e-02   1.50e-04  3.1e-03     ip     6088    3550.8
   54   1.169790e+00   7.820e-05   1.290e-01   1.104e-02   1.50e-04  3.9e-03     ip     6201    3614.9
   55   1.169764e+00   7.815e-05   1.314e-01   1.733e-02   1.50e-04  6.3e-04     ip     6316    3682.9
   56   1.169738e+00   7.808e-05   1.299e-01   1.202e-02   1.50e-04  9.8e-04     ip     6431    3751.1
   57   1.169701e+00   7.806e-05   1.269e-01   8.998e-03   1.50e-04  2.4e-04     ip     6548    3828.5
   58   1.169623e+00   7.775e-05   1.276e-01   7.542e-03   1.50e-04  3.9e-03     ip     6661    3894.0
   59   1.169611e+00   7.773e-05   1.315e-01   1.105e-02   1.50e-04  3.2e-04     ip     6777    3965.6
   60   1.169560e+00   7.758e-05   1.295e-01   1.086e-02   1.50e-04  2.0e-03     ip     6891    4032.7
   61   1.169529e+00   7.751e-05   1.227e-01   1.200e-02   1.50e-04  8.9e-04     ip     7006    4104.1
   62   1.169529e+00   7.751e-05   1.290e-01   1.619e-02   1.50e-04  5.6e-06     ip     7126    4185.1
   63   1.169529e+00   7.751e-05   1.381e-01   1.579e-02   1.50e-04  2.3e-08     ip     7253    4284.7
   64   1.169494e+00   7.740e-05   1.331e-01   1.642e-02   1.50e-04  1.3e-03     ip     7367    4338.5
   65   1.169493e+00   7.740e-05   1.392e-01   1.366e-02   1.50e-04  2.6e-05     ip     7487    4406.8
   66   1.169493e+00   7.740e-05   1.266e-01   1.177e-02   1.50e-04  2.5e-07     ip     7612    4481.1
   67   1.169514e+00   1.000e-04   1.236e-01   1.504e-04   1.50e-04  0.0e+00   feas     7749    4586.7
   68   1.169480e+00   9.997e-05   1.217e-01   3.649e-04   1.50e-04  3.4e-04     ip     7865    4645.1
   69   1.169101e+00   9.684e-05   1.184e-01   4.371e-04   1.50e-04  3.1e-02     ip     7975    4688.4
   70   1.168729e+00   9.382e-05   1.147e-01   5.691e-04   1.50e-04  3.1e-02     ip     8085    4732.1
   71   1.168358e+00   9.089e-05   1.105e-01   6.971e-04   1.50e-04  3.1e-02     ip     8195    4774.0
   72   1.167989e+00   8.805e-05   1.067e-01   8.210e-04   1.50e-04  3.1e-02     ip     8305    4816.7
   73   1.167618e+00   8.529e-05   1.022e-01   9.411e-04   1.50e-04  3.1e-02     ip     8415    4860.5
   74   1.167432e+00   8.396e-05   1.003e-01   1.074e-03   1.50e-04  1.6e-02     ip     8526    4904.5
   75   1.167238e+00   8.265e-05   9.828e-02   1.206e-03   1.50e-04  1.6e-02     ip     8637    4950.8
   76   1.166929e+00   8.007e-05   9.104e-02   1.314e-03   1.50e-04  3.1e-02     ip     8747    4993.0
   77   1.166739e+00   7.882e-05   9.121e-02   1.441e-03   1.50e-04  1.6e-02     ip     8858    5036.5
   78   1.166603e+00   7.833e-05   9.118e-02   1.582e-03   1.50e-04  6.2e-03     ip     8970    5084.4
   79   1.166484e+00   7.803e-05   9.094e-02   1.726e-03   1.50e-04  3.7e-03     ip     9082    5132.3
   80   1.166428e+00   7.793e-05   9.295e-02   3.358e-03   1.50e-04  1.4e-03     ip     9195    5181.8
   81   1.166321e+00   7.764e-05   9.189e-02   7.307e-03   1.50e-04  3.6e-03     ip     9307    5230.5
   82   1.166214e+00   7.723e-05   9.262e-02   1.070e-02   1.50e-04  5.4e-03     ip     9419    5281.7
   83   1.165997e+00   7.604e-05   9.094e-02   1.083e-02   1.50e-04  1.5e-02     ip     9530    5329.6
   84   1.165965e+00   7.600e-05   8.663e-02   7.007e-03   1.50e-04  4.9e-04     ip     9646    5387.2
   85   1.165845e+00   7.541e-05   8.731e-02   6.605e-03   1.50e-04  7.8e-03     ip     9758    5434.7
   86   1.165813e+00   7.531e-05   8.592e-02   9.872e-03   1.50e-04  1.3e-03     ip     9872    5485.1
   87   1.165776e+00   7.517e-05   8.925e-02   1.037e-02   1.50e-04  1.8e-03     ip     9986    5535.8
   88   1.165757e+00   7.509e-05   8.655e-02   9.416e-03   1.50e-04  9.8e-04     ip    10101    5592.3
   89   1.165719e+00   7.495e-05   8.688e-02   9.524e-03   1.50e-04  2.0e-03     ip    10215    5644.4
   90   1.165683e+00   7.480e-05   8.891e-02   9.427e-03   1.50e-04  2.0e-03     ip    10329    5695.8
   91   1.165680e+00   7.479e-05   9.508e-02   9.857e-03   1.50e-04  1.1e-04     ip    10447    5757.9
   92   1.165649e+00   7.465e-05   8.509e-02   8.897e-03   1.50e-04  2.0e-03     ip    10561    5810.1
   93   1.165630e+00   7.458e-05   8.619e-02   9.603e-03   1.50e-04  8.6e-04     ip    10676    5865.7
   94   1.165608e+00   7.452e-05   8.600e-02   9.967e-03   1.50e-04  8.9e-04     ip    10791    5920.1
   95   1.165603e+00   7.450e-05   8.634e-02   1.009e-02   1.50e-04  1.7e-04     ip    10908    5978.5
   96   1.165603e+00   7.450e-05   8.495e-02   1.062e-02   1.50e-04  1.5e-06     ip    11030    6049.1
   97   1.165603e+00   7.450e-05   8.588e-02   1.181e-02   1.50e-04  2.2e-06     ip    11151    6115.7
   98   1.165555e+00   7.421e-05   8.415e-02   9.427e-03   1.50e-04  3.9e-03     ip    11264    6167.7
   99   1.165545e+00   7.419e-05   9.290e-02   9.972e-03   1.50e-04  3.6e-04     ip    11380    6229.1
  100   1.165533e+00   7.415e-05   8.374e-02   8.802e-03   1.50e-04  4.9e-04     ip    11496    6286.5
  101   1.165520e+00   7.412e-05   8.395e-02   8.955e-03   1.50e-04  4.2e-04     ip    11612    6343.7
  102   1.165516e+00   7.412e-05   8.486e-02   8.779e-03   1.50e-04  3.6e-05     ip    11730    6403.3
  103   1.165509e+00   7.411e-05   8.382e-02   8.398e-03   1.50e-04  9.6e-05     ip    11847    6463.8
  104   1.165491e+00   7.408e-05   8.428e-02   8.288e-03   1.50e-04  4.5e-04     ip    11961    6516.0
  105   1.165483e+00   7.407e-05   7.913e-02   8.467e-03   1.50e-04  9.8e-05     ip    12078    6574.2
  106   1.165467e+00   7.405e-05   8.093e-02   7.875e-03   1.50e-04  2.7e-04     ip    12194    6629.3
  107   1.165459e+00   7.404e-05   8.066e-02   7.959e-03   1.50e-04  8.7e-05     ip    12311    6687.3
  108   1.165261e+00   7.346e-05   7.701e-02   7.479e-03   1.50e-04  7.8e-03     ip    12423    6735.7
  109   1.165141e+00   7.333e-05   7.552e-02   7.701e-03   1.50e-04  1.9e-03     ip    12536    6786.6
  110   1.165110e+00   7.328e-05   8.074e-02   8.404e-03   1.50e-04  6.9e-04     ip    12651    6843.8
  111   1.165095e+00   7.326e-05   8.236e-02   8.497e-03   1.50e-04  2.9e-04     ip    12767    6899.2
  112   1.165089e+00   7.324e-05   8.193e-02   9.099e-03   1.50e-04  2.3e-04     ip    12884    6957.9
  113   1.165085e+00   7.324e-05   8.204e-02   9.176e-03   1.50e-04  5.6e-05     ip    13002    7019.1
  114   1.165085e+00   7.324e-05   8.071e-02   9.170e-03   1.50e-04  1.0e-06     ip    13126    7094.1
  115   1.165085e+00   7.324e-05   7.448e-02   9.041e-03   1.50e-04  2.0e-07     ip    13251    7175.4
  116   1.164978e+00   7.269e-05   8.523e-02   9.578e-03   1.50e-04  7.4e-03     ip    13363    7222.1
  117   1.164904e+00   7.244e-05   8.135e-02   1.009e-02   1.50e-04  3.4e-03     ip    13476    7271.4
  118   1.164891e+00   7.241e-05   8.122e-02   1.054e-02   1.50e-04  3.8e-04     ip    13592    7327.1
  119   1.164879e+00   7.240e-05   7.913e-02   1.054e-02   1.50e-04  1.9e-04     ip    13708    7382.4
  120   1.164872e+00   7.239e-05   7.803e-02   1.035e-02   1.50e-04  8.5e-05     ip    13825    7444.9
  121   1.164872e+00   7.239e-05   7.659e-02   1.026e-02   1.50e-04  3.5e-06     ip    13947    7518.2
  122   1.164904e+00   1.000e-04   6.949e-02   1.504e-04   1.50e-04  0.0e+00   feas    14083    7620.5
  123   1.164850e+00   9.989e-05   7.516e-02   3.935e-04   1.50e-04  1.1e-03     ip    14197    7676.0
  124   1.164502e+00   9.365e-05   7.526e-02   4.097e-04   1.50e-04  6.2e-02     ip    14306    7723.8
  125   1.164394e+00   9.305e-05   6.341e-02   4.923e-04   1.50e-04  6.3e-03     ip    14418    7771.1
  126   1.164161e+00   9.015e-05   6.285e-02   6.226e-04   1.50e-04  3.1e-02     ip    14528    7813.7
  127   1.163952e+00   8.733e-05   5.856e-02   7.489e-04   1.50e-04  3.1e-02     ip    14638    7854.9
  128   1.163733e+00   8.460e-05   5.865e-02   8.712e-04   1.50e-04  3.1e-02     ip    14748    7900.7
  129   1.163512e+00   8.196e-05   5.873e-02   9.897e-04   1.50e-04  3.1e-02     ip    14858    7942.9
  130   1.163293e+00   7.940e-05   5.878e-02   1.105e-03   1.50e-04  3.1e-02     ip    14968    7985.6
  131   1.162946e+00   7.444e-05   5.890e-02   1.177e-03   1.50e-04  6.2e-02     ip    15077    8026.6
  132   1.162779e+00   7.346e-05   5.752e-02   1.310e-03   1.50e-04  1.3e-02     ip    15188    8073.0
  133   1.162703e+00   7.331e-05   4.769e-02   1.818e-03   1.50e-04  2.0e-03     ip    15300    8121.1
  134   1.162629e+00   7.314e-05   4.579e-02   6.108e-03   1.50e-04  2.4e-03     ip    15412    8167.7
  135   1.162483e+00   7.234e-05   4.736e-02   8.675e-03   1.50e-04  1.1e-02     ip    15523    8212.4
  136   1.162204e+00   7.008e-05   4.523e-02   8.160e-03   1.50e-04  3.1e-02     ip    15633    8253.9
  137   1.161912e+00   6.790e-05   4.418e-02   8.101e-03   1.50e-04  3.1e-02     ip    15743    8295.0
  138   1.161632e+00   6.578e-05   4.240e-02   7.705e-03   1.50e-04  3.1e-02     ip    15853    8339.3
  139   1.161623e+00   6.576e-05   4.044e-02   6.546e-03   1.50e-04  2.4e-04     ip    15970    8396.7
  140   1.161297e+00   6.371e-05   4.004e-02   6.373e-03   1.50e-04  3.1e-02     ip    16080    8437.6
  141   1.161285e+00   6.365e-05   4.017e-02   7.434e-03   1.50e-04  8.2e-04     ip    16195    8491.6
  142   1.161237e+00   6.341e-05   3.963e-02   7.179e-03   1.50e-04  3.9e-03     ip    16308    8539.2
  143   1.161187e+00   6.316e-05   3.904e-02   7.122e-03   1.50e-04  3.9e-03     ip    16421    8590.3
  144   1.161179e+00   6.313e-05   4.227e-02   7.323e-03   1.50e-04  4.6e-04     ip    16537    8645.8
  145   1.161179e+00   6.313e-05   4.255e-02   7.403e-03   1.50e-04  2.5e-10     ip    16672    8745.9
  146   1.160737e+00   5.918e-05   3.832e-02   6.522e-03   1.50e-04  6.2e-02     ip    16781    8789.7
  147   1.160495e+00   5.743e-05   3.834e-02   6.817e-03   1.50e-04  3.0e-02     ip    16891    8830.6
  148   1.160220e+00   5.568e-05   3.847e-02   6.927e-03   1.50e-04  3.0e-02     ip    17001    8875.1
  149   1.160219e+00   5.568e-05   3.728e-02   6.655e-03   1.50e-04  1.0e-05     ip    17121    8940.4
  150   1.160100e+00   5.525e-05   3.671e-02   6.081e-03   1.50e-04  7.8e-03     ip    17233    8987.3
  151   1.160100e+00   5.525e-05   3.647e-02   6.125e-03   1.50e-04  1.2e-05     ip    17354    9054.1
  152   1.160089e+00   5.519e-05   3.623e-02   6.207e-03   1.50e-04  9.8e-04     ip    17469    9106.5
  153   1.160062e+00   5.509e-05   3.525e-02   6.317e-03   1.50e-04  2.0e-03     ip    17583    9157.7
  154   1.160042e+00   5.502e-05   3.440e-02   6.418e-03   1.50e-04  1.1e-03     ip    17696    9205.2
  155   1.160035e+00   5.501e-05   3.457e-02   6.400e-03   1.50e-04  2.7e-04     ip    17812    9261.9
  156   1.160029e+00   5.500e-05   2.931e-02   6.360e-03   1.50e-04  1.7e-04     ip    17928    9318.0
  157   1.160022e+00   5.499e-05   2.948e-02   6.364e-03   1.50e-04  1.2e-04     ip    18044    9373.6
  158   1.160010e+00   5.498e-05   3.469e-02   6.369e-03   1.50e-04  2.0e-04     ip    18159    9426.3
  159   1.160008e+00   5.498e-05   3.376e-02   6.376e-03   1.50e-04  7.6e-05     ip    18277    9486.1
  160   1.160002e+00   5.495e-05   3.467e-02   6.381e-03   1.50e-04  4.9e-04     ip    18393    9541.8
  161   1.159995e+00   5.493e-05   3.495e-02   6.406e-03   1.50e-04  4.0e-04     ip    18509    9599.2
  162   1.159990e+00   5.492e-05   3.434e-02   6.416e-03   1.50e-04  2.5e-04     ip    18625    9655.7
  163   1.159988e+00   5.491e-05   3.519e-02   6.418e-03   1.50e-04  5.5e-05     ip    18743    9719.3
  164   1.159982e+00   5.489e-05   3.811e-02   6.635e-03   1.50e-04  4.6e-04     ip    18859    9776.5
  165   1.159968e+00   5.483e-05   3.812e-02   6.592e-03   1.50e-04  9.8e-04     ip    18974    9834.0
  166   1.159947e+00   5.477e-05   3.568e-02   6.449e-03   1.50e-04  1.2e-03     ip    19088    9891.8
  167   1.159932e+00   5.469e-05   2.911e-02   6.243e-03   1.50e-04  1.4e-03     ip    19202    9945.9
  168   1.159911e+00   5.461e-05   3.730e-02   6.377e-03   1.50e-04  1.5e-03     ip    19315    9996.1
  169   1.159899e+00   5.457e-05   3.489e-02   6.258e-03   1.50e-04  7.5e-04     ip    19429   10047.7
  170   1.159888e+00   5.453e-05   3.714e-02   6.167e-03   1.50e-04  6.9e-04     ip    19543   10099.7
  171   1.159884e+00   5.452e-05   3.279e-02   6.042e-03   1.50e-04  2.2e-04     ip    19659   10157.9
  172   1.159869e+00   5.444e-05   3.656e-02   6.111e-03   1.50e-04  1.3e-03     ip    19773   10210.9
  173   1.159867e+00   5.444e-05   3.427e-02   6.100e-03   1.50e-04  1.6e-04     ip    19890   10271.4
  174   1.159857e+00   5.439e-05   3.628e-02   6.254e-03   1.50e-04  9.0e-04     ip    20005   10323.4
  175   1.159846e+00   5.433e-05   3.518e-02   6.185e-03   1.50e-04  9.6e-04     ip    20120   10377.2
  176   1.159836e+00   5.429e-05   3.809e-02   6.101e-03   1.50e-04  7.7e-04     ip    20235   10430.0
  177   1.159834e+00   5.428e-05   3.841e-02   6.077e-03   1.50e-04  1.8e-04     ip    20352   10486.5
  178   1.159828e+00   5.426e-05   3.917e-02   6.051e-03   1.50e-04  3.7e-04     ip    20468   10545.3
  179   1.159828e+00   5.426e-05   3.698e-02   6.121e-03   1.50e-04  2.8e-05     ip    20587   10607.8
  180   1.159827e+00   5.426e-05   3.647e-02   6.118e-03   1.50e-04  2.1e-07     ip    20708   10679.9
  181   1.159827e+00   5.426e-05   3.661e-02   6.128e-03   1.50e-04  1.2e-07     ip    20832   10754.0
  182   1.159827e+00   5.426e-05   3.708e-02   6.165e-03   1.50e-04  6.5e-07     ip    20954   10824.0
  183   1.159857e+00   1.000e-04   6.007e-02   1.504e-04   1.50e-04  0.0e+00   feas    21080   10906.9
  184   1.159857e+00   1.000e-04   6.007e-02   1.504e-04   1.50e-04  0.0e+00   feas    21193   10955.5
  185   1.159857e+00   1.000e-04   6.007e-02   1.504e-04   1.50e-04  0.0e+00   feas    21306   11007.1
  186   1.159857e+00   1.000e-04   6.007e-02   1.504e-04   1.50e-04  0.0e+00   feas    21419   11062.9
  187   1.159857e+00   1.000e-04   7.551e-02   1.504e-04   1.50e-04  0.0e+00   feas    21532   11114.9
  188   1.159857e+00   1.000e-04   7.551e-02   1.504e-04   1.50e-04  0.0e+00   feas    21645   11180.8
  189   1.159857e+00   1.000e-04   7.551e-02   1.504e-04   1.50e-04  0.0e+00   feas    21758   11251.8
  190   1.159857e+00   1.000e-04   7.551e-02   1.504e-04   1.50e-04  0.0e+00   feas    21871   11336.6
  191   1.159857e+00   1.000e-04   7.551e-02   1.504e-04   1.50e-04  0.0e+00   feas    21984   11422.7
  192   1.159857e+00   1.000e-04   7.551e-02   1.504e-04   1.50e-04  0.0e+00   feas    22097   11499.5
  193   1.159857e+00   1.000e-04   7.551e-02   1.504e-04   1.50e-04  0.0e+00   feas    22210   11573.0
  194   1.159857e+00   1.000e-04   7.551e-02   1.504e-04   1.50e-04  0.0e+00   feas    22323   11647.0
  195   1.159857e+00   1.000e-04   7.551e-02   1.504e-04   1.50e-04  0.0e+00   feas    22436   11716.2
  196   1.159857e+00   1.000e-04   7.551e-02   1.504e-04   1.50e-04  0.0e+00   feas    22549   11787.2
  197   1.159857e+00   1.000e-04   7.551e-02   1.504e-04   1.50e-04  0.0e+00   feas    22662   11861.5
  198   1.159857e+00   1.000e-04   7.551e-02   1.504e-04   1.50e-04  0.0e+00   feas    22775   11933.4
  199   1.159857e+00   1.000e-04   7.551e-02   1.504e-04   1.50e-04  0.0e+00   feas    22888   12003.6
  200   1.159857e+00   1.000e-04   7.551e-02   1.504e-04   1.50e-04  0.0e+00   feas    23001   12074.7
  201   1.159857e+00   1.000e-04   7.551e-02   1.504e-04   1.50e-04  0.0e+00   feas    23114   12146.3
  202   1.159857e+00   1.000e-04   7.551e-02   1.504e-04   1.50e-04  0.0e+00   feas    23227   12219.8
  203   1.159857e+00   1.000e-04   7.551e-02   1.504e-04   1.50e-04  0.0e+00   feas    23340   12294.3
  204   1.159857e+00   1.000e-04   7.551e-02   1.504e-04   1.50e-04  0.0e+00   feas    23453   12367.6
  205   1.159857e+00   1.000e-04   7.551e-02   1.504e-04   1.50e-04  0.0e+00   feas    23566   12438.9
  206   1.159857e+00   1.000e-04   7.551e-02   1.504e-04   1.50e-04  0.0e+00   feas    23679   12509.6
  207   1.159857e+00   1.000e-04   7.551e-02   1.504e-04   1.50e-04  0.0e+00   feas    23792   12581.0
  208   1.159857e+00   1.000e-04   7.551e-02   1.504e-04   1.50e-04  0.0e+00   feas    23905   12653.6
  209   1.159857e+00   1.000e-04   7.551e-02   1.504e-04   1.50e-04  0.0e+00   feas    24018   12726.8
  210   1.159857e+00   1.000e-04   7.551e-02   1.504e-04   1.50e-04  0.0e+00   feas    24131   12800.1
  211   1.159857e+00   1.000e-04   7.551e-02   1.504e-04   1.50e-04  0.0e+00   feas    24244   12872.1
  212   1.159857e+00   1.000e-04   7.551e-02   1.504e-04   1.50e-04  0.0e+00   feas    24357   12945.7
  213   1.159857e+00   1.000e-04   7.551e-02   1.504e-04   1.50e-04  0.0e+00   feas    24470   13016.3
  214   1.159857e+00   1.000e-04   7.551e-02   1.504e-04   1.50e-04  0.0e+00   feas    24583   13088.0
  215   1.159857e+00   1.000e-04   7.551e-02   1.504e-04   1.50e-04  0.0e+00   feas    24696   13158.3
  216   1.159857e+00   1.000e-04   7.551e-02   1.504e-04   1.50e-04  0.0e+00   feas    24809   13227.6
  217   1.159857e+00   1.000e-04   7.551e-02   1.504e-04   1.50e-04  0.0e+00   feas    24922   13299.1
  218   1.159857e+00   1.000e-04   7.551e-02   1.504e-04   1.50e-04  0.0e+00   feas    25035   13374.3
  219   1.159857e+00   1.000e-04   7.551e-02   1.504e-04   1.50e-04  0.0e+00   feas    25148   13448.4
  220   1.159857e+00   1.000e-04   7.551e-02   1.504e-04   1.50e-04  0.0e+00   feas    25261   13521.2
  221   1.159857e+00   1.000e-04   7.551e-02   1.504e-04   1.50e-04  0.0e+00   feas    25374   13593.6
  222   1.159857e+00   1.000e-04   7.551e-02   1.504e-04   1.50e-04  0.0e+00   feas    25487   13666.3
  223   1.159857e+00   1.000e-04   7.551e-02   1.504e-04   1.50e-04  0.0e+00   feas    25600   13738.5
  224   1.159857e+00   1.000e-04   7.551e-02   1.504e-04   1.50e-04  0.0e+00   feas    25713   13818.2
  225   1.159857e+00   1.000e-04   7.551e-02   1.504e-04   1.50e-04  0.0e+00   feas    25826   13888.6
  226   1.159857e+00   1.000e-04   7.551e-02   1.504e-04   1.50e-04  0.0e+00   feas    25939   13959.4
  227   1.159857e+00   1.000e-04   7.551e-02   1.504e-04   1.50e-04  0.0e+00   feas    26052   14030.4
  228   1.159857e+00   1.000e-04   7.551e-02   1.504e-04   1.50e-04  0.0e+00   feas    26165   14104.8
  229   1.159857e+00   1.000e-04   7.551e-02   1.504e-04   1.50e-04  0.0e+00   feas    26278   14178.5
  230   1.159857e+00   1.000e-04   7.551e-02   1.504e-04   1.50e-04  0.0e+00   feas    26391   14253.0
  231   1.159857e+00   1.000e-04   7.551e-02   1.504e-04   1.50e-04  0.0e+00   feas    26504   14323.5
  232   1.159857e+00   1.000e-04   7.551e-02   1.504e-04   1.50e-04  0.0e+00   feas    26617   14396.7
  233   1.159857e+00   1.000e-04   7.551e-02   1.504e-04   1.50e-04  0.0e+00   feas    26730   14468.8
  234   1.159857e+00   1.000e-04   7.551e-02   1.504e-04   1.50e-04  0.0e+00   feas    26843   14540.4
  235   1.159857e+00   1.000e-04   7.551e-02   1.504e-04   1.50e-04  0.0e+00   feas    26956   14615.8
  236   1.159857e+00   1.000e-04   7.551e-02   1.504e-04   1.50e-04  0.0e+00   feas    27069   14685.7
  237   1.159857e+00   1.000e-04   7.551e-02   1.504e-04   1.50e-04  0.0e+00   feas    27182   14757.8
  238   1.159857e+00   1.000e-04   7.551e-02   1.504e-04   1.50e-04  0.0e+00   feas    27295   14831.4
  239   1.159857e+00   1.000e-04   7.551e-02   1.504e-04   1.50e-04  0.0e+00   feas    27408   14902.0
  240   1.159857e+00   1.000e-04   7.551e-02   1.504e-04   1.50e-04  0.0e+00   feas    27521   14975.0
  241   1.159857e+00   1.000e-04   7.551e-02   1.504e-04   1.50e-04  0.0e+00   feas    27634   15046.9
  242   1.159857e+00   1.000e-04   7.551e-02   1.504e-04   1.50e-04  0.0e+00   feas    27747   15121.1
  243   1.159857e+00   1.000e-04   7.551e-02   1.504e-04   1.50e-04  0.0e+00   feas    27860   15195.2
  244   1.159857e+00   1.000e-04   7.551e-02   1.504e-04   1.50e-04  0.0e+00   feas    27973   15268.2
  245   1.159857e+00   1.000e-04   7.551e-02   1.504e-04   1.50e-04  0.0e+00   feas    28086   15343.2
  246   1.159857e+00   1.000e-04   7.551e-02   1.504e-04   1.50e-04  0.0e+00   feas    28199   15415.5
  247   1.159857e+00   1.000e-04   7.551e-02   1.504e-04   1.50e-04  0.0e+00   feas    28312   15487.7
  248   1.159857e+00   1.000e-04   7.551e-02   1.504e-04   1.50e-04  0.0e+00   feas    28425   15560.8
  249   1.159857e+00   1.000e-04   7.551e-02   1.504e-04   1.50e-04  0.0e+00   feas    28538   15630.9
  250   1.159857e+00   1.000e-04   7.551e-02   1.504e-04   1.50e-04  0.0e+00   feas    28651   15702.6
  251   1.159857e+00   1.000e-04   7.551e-02   1.504e-04   1.50e-04  0.0e+00   feas    28764   15774.0
  252   1.159857e+00   1.000e-04   7.551e-02   1.504e-04   1.50e-04  0.0e+00   feas    28877   15849.7
  253   1.159857e+00   1.000e-04   7.551e-02   1.504e-04   1.50e-04  0.0e+00   feas    28990   15925.0
  254   1.159857e+00   1.000e-04   7.551e-02   1.504e-04   1.50e-04  0.0e+00   feas    29103   15999.3
  255   1.159857e+00   1.000e-04   7.551e-02   1.504e-04   1.50e-04  0.0e+00   feas    29216   16073.4
  256   1.159857e+00   1.000e-04   7.551e-02   1.504e-04   1.50e-04  0.0e+00   feas    29329   16145.6
  257   1.159857e+00   1.000e-04   7.551e-02   1.504e-04   1.50e-04  0.0e+00   feas    29442   16221.7
  258   1.159857e+00   1.000e-04   7.551e-02   1.504e-04   1.50e-04  0.0e+00   feas    29555   16295.4
  259   1.159857e+00   1.000e-04   7.551e-02   1.504e-04   1.50e-04  0.0e+00   feas    29668   16368.2
  260   1.159857e+00   1.000e-04   7.551e-02   1.504e-04   1.50e-04  0.0e+00   feas    29781   16440.7
  261   1.159857e+00   1.000e-04   7.551e-02   1.504e-04   1.50e-04  0.0e+00   feas    29894   16512.2
  262   1.159857e+00   1.000e-04   7.551e-02   1.504e-04   1.50e-04  0.0e+00   feas    30007   16587.3
  263   1.159857e+00   1.000e-04   7.551e-02   1.504e-04   1.50e-04  0.0e+00   feas    30120   16663.3
  264   1.159857e+00   1.000e-04   7.551e-02   1.504e-04   1.50e-04  0.0e+00   feas    30233   16732.8
  265   1.159857e+00   1.000e-04   7.551e-02   1.504e-04   1.50e-04  0.0e+00   feas    30346   16804.5
  266   1.159857e+00   1.000e-04   7.551e-02   1.504e-04   1.50e-04  0.0e+00   feas    30459   16879.6
  267   1.159857e+00   1.000e-04   7.551e-02   1.504e-04   1.50e-04  0.0e+00   feas    30572   16954.8
  268   1.159857e+00   1.000e-04   7.551e-02   1.504e-04   1.50e-04  0.0e+00   feas    30685   17030.8
  269   1.159857e+00   1.000e-04   7.551e-02   1.504e-04   1.50e-04  0.0e+00   feas    30798   17105.3
  270   1.159857e+00   1.000e-04   7.551e-02   1.504e-04   1.50e-04  0.0e+00   feas    30911   17178.4
  271   1.159857e+00   1.000e-04   7.551e-02   1.504e-04   1.50e-04  0.0e+00   feas    31024   17249.7
  272   1.159857e+00   1.000e-04   7.551e-02   1.504e-04   1.50e-04  0.0e+00   feas    31137   17321.8
  273   1.159857e+00   1.000e-04   7.551e-02   1.504e-04   1.50e-04  0.0e+00   feas    31250   17398.3
  274   1.159857e+00   1.000e-04   7.551e-02   1.504e-04   1.50e-04  0.0e+00   feas    31363   17469.9
  275   1.159857e+00   1.000e-04   7.551e-02   1.504e-04   1.50e-04  0.0e+00   feas    31476   17540.0
  276   1.159857e+00   1.000e-04   7.551e-02   1.504e-04   1.50e-04  0.0e+00   feas    31589   17610.8
  277   1.159857e+00   1.000e-04   7.551e-02   1.504e-04   1.50e-04  0.0e+00   feas    31702   17679.5
  278   1.159857e+00   1.000e-04   7.551e-02   1.504e-04   1.50e-04  0.0e+00   feas    31815   17754.7
  279   1.159857e+00   1.000e-04   7.551e-02   1.504e-04   1.50e-04  0.0e+00   feas    31928   17827.6
  280   1.159857e+00   1.000e-04   7.551e-02   1.504e-04   1.50e-04  0.0e+00   feas    32041   17900.3
  281   1.159857e+00   1.000e-04   7.551e-02   1.504e-04   1.50e-04  0.0e+00   feas    32154   17972.0
  282   1.159857e+00   1.000e-04   7.551e-02   1.504e-04   1.50e-04  0.0e+00   feas    32267   18041.4
  283   1.159857e+00   1.000e-04   7.551e-02   1.504e-04   1.50e-04  0.0e+00   feas    32380   18114.2
  284   1.159857e+00   1.000e-04   7.551e-02   1.504e-04   1.50e-04  0.0e+00   feas    32493   18186.8
  285   1.159857e+00   1.000e-04   7.551e-02   1.504e-04   1.50e-04  0.0e+00   feas    32606   18260.5
  286   1.159857e+00   1.000e-04   7.551e-02   1.504e-04   1.50e-04  0.0e+00   feas    32719   18334.2
  287   1.159857e+00   1.000e-04   7.551e-02   1.504e-04   1.50e-04  0.0e+00   feas    32832   18406.9
  288   1.159857e+00   1.000e-04   7.551e-02   1.504e-04   1.50e-04  0.0e+00   feas    32945   18480.3
  289   1.159857e+00   1.000e-04   7.551e-02   1.504e-04   1.50e-04  0.0e+00   feas    33058   18553.8
  290   1.159857e+00   1.000e-04   7.551e-02   1.504e-04   1.50e-04  0.0e+00   feas    33171   18626.7
  291   1.159857e+00   1.000e-04   7.551e-02   1.504e-04   1.50e-04  0.0e+00   feas    33284   18698.7
  292   1.159857e+00   1.000e-04   7.551e-02   1.504e-04   1.50e-04  0.0e+00   feas    33397   18769.7
  293   1.159857e+00   1.000e-04   7.551e-02   1.504e-04   1.50e-04  0.0e+00   feas    33510   18841.4
  294   1.159857e+00   1.000e-04   7.551e-02   1.504e-04   1.50e-04  0.0e+00   feas    33623   18915.9
  295   1.159857e+00   1.000e-04   7.551e-02   1.504e-04   1.50e-04  0.0e+00   feas    33736   18997.6
  296   1.159857e+00   1.000e-04   7.551e-02   1.504e-04   1.50e-04  0.0e+00   feas    33849   19068.9
  297   1.159857e+00   1.000e-04   7.551e-02   1.504e-04   1.50e-04  0.0e+00   feas    33962   19141.9
  298   1.159857e+00   1.000e-04   7.551e-02   1.504e-04   1.50e-04  0.0e+00   feas    34075   19215.3
  299   1.159857e+00   1.000e-04   7.551e-02   1.504e-04   1.50e-04  0.0e+00   feas    34188   19286.2
  300   1.159857e+00   1.000e-04   7.551e-02   1.504e-04   1.50e-04  0.0e+00   feas    34301   19358.4

Stopped: maximum iterations reached.
  iterations: 300   feas = 1.00e-04   opt = 7.55e-02

=== adamnlopt convergence advisor ===
  exitflag 0: Stopped: maximum iterations reached.
  iters=300  funcCount=34339  opt=7.551e-02  feas=1.000e-04  comp=1.504e-04   (KKT metrics in scaled space)
  constraint Jacobian JE: 46x52  cond=1.863e+16  #near-null sv=16
  dual infeasibility ||rd||_inf=1.510e-01 at variable index 24
  Findings:
    - Stopped on the iteration/function-evaluation budget, not at a KKT point.
    - Constraint Jacobian is ill-conditioned (cond=1.863e+16).
    - 16 near-null singular direction(s): constraints are locally rank-deficient.
    - Optimality residual dominated by variable index 24 (|rd|=1.510e-01).
  Recommendations:
    * Raise maxIter / maxFunEvals; if progress had stalled, see the block findings below.
    * Auto-scaling is on but conditioning is still poor: the constraints may be genuinely stiff/redundant. Try enableDegeneracyDetection=true.
    * Remove redundant constraints or set enableDegeneracyDetection=true.
=====================================
OPT DONE exitflag=0 msg=Stopped: maximum iterations reached.
=== saved C:\Users\aharden\OneDrive - NASA\Documents\MATLAB\tot\examples\LaunchVehicleDesigner\SLS_Block1\SLS_ArtemisII_opt.mat 30-Sep-2026 19:25:36 ===
