 getStatefromKepler_Alg_mex

 Timestamp is 554e5d91 (Sat May 09 14:18:41 2015)

 Preferred load address is 0000000180000000

 Start         Length     Name                   Class
 0001:00000000 00008662H .text                   CODE
 0001:00008670 00000092H .text$x                 CODE
 0002:00000000 00000250H .idata$5                DATA
 0002:00000250 00000008H .CRT$XCA                DATA
 0002:00000258 00000008H .CRT$XCZ                DATA
 0002:00000260 00000008H .CRT$XIA                DATA
 0002:00000268 00000008H .CRT$XIAA               DATA
 0002:00000270 00000008H .CRT$XIZ                DATA
 0002:00000280 000010b0H .rdata                  DATA
 0002:00001330 00000008H .rtc$IAA                DATA
 0002:00001338 00000008H .rtc$IZZ                DATA
 0002:00001340 00000008H .rtc$TAA                DATA
 0002:00001348 00000008H .rtc$TZZ                DATA
 0002:00001350 000001c0H .xdata                  DATA
 0002:00001510 00000078H .idata$2                DATA
 0002:00001588 00000014H .idata$3                DATA
 0002:000015a0 00000250H .idata$4                DATA
 0002:000017f0 000005ccH .idata$6                DATA
 0002:00001dc0 00000120H .edata                  DATA
 0003:00000000 000000c8H .data                   DATA
 0003:000000d0 000005c8H .bss                    DATA
 0004:00000000 00000168H .pdata                  DATA

  Address         Publics by Value              Rva+Base               Lib:Object

 0000:00000000       ___safe_se_handler_table   0000000000000000     <absolute>
 0000:00000000       ___safe_se_handler_count   0000000000000000     <absolute>
 0000:00000000       __ImageBase                0000000180000000     <linker-defined>
 0001:00000000       getStatefromKepler_Alg_initialize 0000000180001000 f   getStatefromKepler_Alg_initialize.obj
 0001:00000080       getStatefromKepler_Alg_atexit 0000000180001080 f   getStatefromKepler_Alg_terminate.obj
 0001:000000e0       getStatefromKepler_Alg_terminate 00000001800010e0 f   getStatefromKepler_Alg_terminate.obj
 0001:00000120       getStatefromKepler_Alg     0000000180001120 f   getStatefromKepler_Alg.obj
 0001:000006c0       eml_error                  00000001800016c0 f   eml_error.obj
 0001:00000770       getStatefromKepler_Alg_api 0000000180001770 f   _coder_getStatefromKepler_Alg_api.obj
 0001:00000d60       getStatefromKepler_Alg_atexit_wrapper 0000000180001d60 f   _coder_getStatefromKepler_Alg_mex.obj
 0001:00000d70       mexFunction                0000000180001d70 f   _coder_getStatefromKepler_Alg_mex.obj
 0001:00007a60       emlrtMexFcnProperties      0000000180008a60 f   _coder_getStatefromKepler_Alg_info.obj
 0001:00007c18       mxGetData                  0000000180008c18 f   libmx:libmx.dll
 0001:00007c1e       mxSetData                  0000000180008c1e f   libmx:libmx.dll
 0001:00007c24       mxMalloc                   0000000180008c24 f   libmx:libmx.dll
 0001:00007c2a       mxCreateDoubleScalar       0000000180008c2a f   libmx:libmx.dll
 0001:00007c30       mxSetFieldByNumber_700     0000000180008c30 f   libmx:libmx.dll
 0001:00007c36       mxCreateString             0000000180008c36 f   libmx:libmx.dll
 0001:00007c3c       mxCreateLogicalMatrix_700  0000000180008c3c f   libmx:libmx.dll
 0001:00007c42       mxCreateStructMatrix_700   0000000180008c42 f   libmx:libmx.dll
 0001:00007c48       mexAtExit                  0000000180008c48 f   libmex:libmex.dll
 0001:00007c4e       emlrtFirstTimeR2012b       0000000180008c4e f   libemlrt:libemlrt.dll
 0001:00007c54       emlrtEnterRtStackR2012b    0000000180008c54 f   libemlrt:libemlrt.dll
 0001:00007c5a       emlrtClearAllocCountR2012b 0000000180008c5a f   libemlrt:libemlrt.dll
 0001:00007c60       emlrtCreateRootTLS         0000000180008c60 f   libemlrt:libemlrt.dll
 0001:00007c66       emlrtGetBreakCheckFlagAddressR2012b 0000000180008c66 f   libemlrt:libemlrt.dll
 0001:00007c6c       emlrtDestroyRootTLS        0000000180008c6c f   libemlrt:libemlrt.dll
 0001:00007c72       emlrtLeaveRtStackR2012b    0000000180008c72 f   libemlrt:libemlrt.dll
 0001:00007c78       emlrtErrorWithMessageIdR2012b 0000000180008c78 f   libemlrt:libemlrt.dll
 0001:00007c7e       emlrtDestroyArray          0000000180008c7e f   libemlrt:libemlrt.dll
 0001:00007c84       emlrtCheckBuiltInR2012b    0000000180008c84 f   libemlrt:libemlrt.dll
 0001:00007c8a       emlrtAssign                0000000180008c8a f   libemlrt:libemlrt.dll
 0001:00007c90       emlrtSetDimensions         0000000180008c90 f   libemlrt:libemlrt.dll
 0001:00007c96       emlrtCreateNumericArray    0000000180008c96 f   libemlrt:libemlrt.dll
 0001:00007c9c       emlrtAlias                 0000000180008c9c f   libemlrt:libemlrt.dll
 0001:00007ca2       emlrtAliasP                0000000180008ca2 f   libemlrt:libemlrt.dll
 0001:00007ca8       emlrtReturnArrayR2009a     0000000180008ca8 f   libemlrt:libemlrt.dll
 0001:00007cae       emlrtErrMsgIdAndTxt        0000000180008cae f   libemlrt:libemlrt.dll
 0001:00007cb4       emlrtCreateString          0000000180008cb4 f   libemlrt:libemlrt.dll
 0001:00007cba       emlrtCreateNumericMatrix   0000000180008cba f   libemlrt:libemlrt.dll
 0001:00007cc0       emlrtCreateCellMatrix      0000000180008cc0 f   libemlrt:libemlrt.dll
 0001:00007cc6       emlrtAddField              0000000180008cc6 f   libemlrt:libemlrt.dll
 0001:00007ccc       emlrtNameCapturePostProcessR2013b 0000000180008ccc f   libemlrt:libemlrt.dll
 0001:00007cd2       emlrtCreateStructMatrix    0000000180008cd2 f   libemlrt:libemlrt.dll
 0001:00007cd8       muDoubleScalarSqrt         0000000180008cd8 f   libmwmathutil:libmwmathutil.dll
 0001:00007cde       muDoubleScalarSin          0000000180008cde f   libmwmathutil:libmwmathutil.dll
 0001:00007ce4       muDoubleScalarCos          0000000180008ce4 f   libmwmathutil:libmwmathutil.dll
 0001:00007cea       muDoubleScalarAbs          0000000180008cea f   libmwmathutil:libmwmathutil.dll
 0001:00007cf0       __GSHandlerCheckCommon     0000000180008cf0 f   MSVCRT:gshandler.obj
 0001:00007d54       __GSHandlerCheck           0000000180008d54 f   MSVCRT:gshandler.obj
 0001:00007d90       __security_check_cookie    0000000180008d90 f   MSVCRT:amdsecgs.obj
 0001:00007db0       memcpy                     0000000180008db0 f   MSVCRT:MSVCR100.dll
 0001:00007e18       _CRT_INIT                  0000000180008e18 f   MSVCRT:crtdll.obj
 0001:000081b0       _DllMainCRTStartup         00000001800091b0 f   MSVCRT:crtdll.obj
 0001:000081f0       __report_gsfailure         00000001800091f0 f   MSVCRT:gs_report.obj
 0001:0000833c       __clean_type_info_names    000000018000933c f   MSVCRT:tncleanup.obj
 0001:00008348       _onexit                    0000000180009348 f   MSVCRT:atonexit.obj
 0001:000083f8       atexit                     00000001800093f8 f   MSVCRT:atonexit.obj
 0001:00008410       _RTC_Initialize            0000000180009410 f   MSVCRT:_initsect_.obj
 0001:00008448       _RTC_Terminate             0000000180009448 f   MSVCRT:_initsect_.obj
 0001:00008480       _ValidateImageBase         0000000180009480 f   MSVCRT:pesect.obj
 0001:000084b0       _FindPESection             00000001800094b0 f   MSVCRT:pesect.obj
 0001:00008500       _IsNonwritableInCurrentImage 0000000180009500 f   MSVCRT:pesect.obj
 0001:00008542       _initterm                  0000000180009542 f   MSVCRT:MSVCR100.dll
 0001:00008548       _initterm_e                0000000180009548 f   MSVCRT:MSVCR100.dll
 0001:0000854e       _amsg_exit                 000000018000954e f   MSVCRT:MSVCR100.dll
 0001:00008554       __C_specific_handler       0000000180009554 f   MSVCRT:MSVCR100.dll
 0001:0000855a       __CppXcptFilter            000000018000955a f   MSVCRT:MSVCR100.dll
 0001:00008560       DllMain                    0000000180009560 f   MSVCRT:dllmain.obj
 0001:00008584       __security_init_cookie     0000000180009584 f   MSVCRT:gs_support.obj
 0001:00008638       __crt_debugger_hook        0000000180009638 f   MSVCRT:MSVCR100.dll
 0001:0000863e       __clean_type_info_names_internal 000000018000963e f   MSVCRT:MSVCR100.dll
 0001:00008644       _unlock                    0000000180009644 f   MSVCRT:MSVCR100.dll
 0001:0000864a       __dllonexit                000000018000964a f   MSVCRT:MSVCR100.dll
 0001:00008650       _lock                      0000000180009650 f   MSVCRT:MSVCR100.dll
 0001:00008656       RtlVirtualUnwind           0000000180009656 f   kernel32:KERNEL32.dll
 0001:0000865c       RtlLookupFunctionEntry     000000018000965c f   kernel32:KERNEL32.dll
 0002:00000000       __imp_GetSystemTimeAsFileTime 000000018000a000     kernel32:KERNEL32.dll
 0002:00000008       __imp_GetCurrentProcessId  000000018000a008     kernel32:KERNEL32.dll
 0002:00000010       __imp_GetCurrentThreadId   000000018000a010     kernel32:KERNEL32.dll
 0002:00000018       __imp_GetTickCount         000000018000a018     kernel32:KERNEL32.dll
 0002:00000020       __imp_QueryPerformanceCounter 000000018000a020     kernel32:KERNEL32.dll
 0002:00000028       __imp_DisableThreadLibraryCalls 000000018000a028     kernel32:KERNEL32.dll
 0002:00000030       __imp_RtlCaptureContext    000000018000a030     kernel32:KERNEL32.dll
 0002:00000038       __imp_RtlLookupFunctionEntry 000000018000a038     kernel32:KERNEL32.dll
 0002:00000040       __imp_IsDebuggerPresent    000000018000a040     kernel32:KERNEL32.dll
 0002:00000048       __imp_SetUnhandledExceptionFilter 000000018000a048     kernel32:KERNEL32.dll
 0002:00000050       __imp_UnhandledExceptionFilter 000000018000a050     kernel32:KERNEL32.dll
 0002:00000058       __imp_GetCurrentProcess    000000018000a058     kernel32:KERNEL32.dll
 0002:00000060       __imp_TerminateProcess     000000018000a060     kernel32:KERNEL32.dll
 0002:00000068       __imp_Sleep                000000018000a068     kernel32:KERNEL32.dll
 0002:00000070       __imp_DecodePointer        000000018000a070     kernel32:KERNEL32.dll
 0002:00000078       __imp_EncodePointer        000000018000a078     kernel32:KERNEL32.dll
 0002:00000080       __imp_RtlVirtualUnwind     000000018000a080     kernel32:KERNEL32.dll
 0002:00000088       \177KERNEL32_NULL_THUNK_DATA 000000018000a088     kernel32:KERNEL32.dll
 0002:00000090       __imp__malloc_crt          000000018000a090     MSVCRT:MSVCR100.dll
 0002:00000098       __imp__lock                000000018000a098     MSVCRT:MSVCR100.dll
 0002:000000a0       __imp___dllonexit          000000018000a0a0     MSVCRT:MSVCR100.dll
 0002:000000a8       __imp__unlock              000000018000a0a8     MSVCRT:MSVCR100.dll
 0002:000000b0       __imp___clean_type_info_names_internal 000000018000a0b0     MSVCRT:MSVCR100.dll
 0002:000000b8       __imp___crt_debugger_hook  000000018000a0b8     MSVCRT:MSVCR100.dll
 0002:000000c0       __imp___CppXcptFilter      000000018000a0c0     MSVCRT:MSVCR100.dll
 0002:000000c8       __imp___C_specific_handler 000000018000a0c8     MSVCRT:MSVCR100.dll
 0002:000000d0       __imp__amsg_exit           000000018000a0d0     MSVCRT:MSVCR100.dll
 0002:000000d8       __imp__encoded_null        000000018000a0d8     MSVCRT:MSVCR100.dll
 0002:000000e0       __imp_free                 000000018000a0e0     MSVCRT:MSVCR100.dll
 0002:000000e8       __imp__initterm_e          000000018000a0e8     MSVCRT:MSVCR100.dll
 0002:000000f0       __imp__initterm            000000018000a0f0     MSVCRT:MSVCR100.dll
 0002:000000f8       __imp_memcpy               000000018000a0f8     MSVCRT:MSVCR100.dll
 0002:00000100       __imp__onexit              000000018000a100     MSVCRT:MSVCR100.dll
 0002:00000108       \177MSVCR100_NULL_THUNK_DATA 000000018000a108     MSVCRT:MSVCR100.dll
 0002:00000110       __imp_emlrtFirstTimeR2012b 000000018000a110     libemlrt:libemlrt.dll
 0002:00000118       __imp_emlrtEnterRtStackR2012b 000000018000a118     libemlrt:libemlrt.dll
 0002:00000120       __imp_emlrtCreateStructMatrix 000000018000a120     libemlrt:libemlrt.dll
 0002:00000128       __imp_emlrtCreateRootTLS   000000018000a128     libemlrt:libemlrt.dll
 0002:00000130       __imp_emlrtGetBreakCheckFlagAddressR2012b 000000018000a130     libemlrt:libemlrt.dll
 0002:00000138       __imp_emlrtLeaveRtStackR2012b 000000018000a138     libemlrt:libemlrt.dll
 0002:00000140       __imp_emlrtErrorWithMessageIdR2012b 000000018000a140     libemlrt:libemlrt.dll
 0002:00000148       __imp_emlrtAddField        000000018000a148     libemlrt:libemlrt.dll
 0002:00000150       __imp_emlrtCreateCellMatrix 000000018000a150     libemlrt:libemlrt.dll
 0002:00000158       __imp_emlrtCreateNumericMatrix 000000018000a158     libemlrt:libemlrt.dll
 0002:00000160       __imp_emlrtCreateString    000000018000a160     libemlrt:libemlrt.dll
 0002:00000168       __imp_emlrtErrMsgIdAndTxt  000000018000a168     libemlrt:libemlrt.dll
 0002:00000170       __imp_emlrtReturnArrayR2009a 000000018000a170     libemlrt:libemlrt.dll
 0002:00000178       __imp_emlrtAliasP          000000018000a178     libemlrt:libemlrt.dll
 0002:00000180       __imp_emlrtAlias           000000018000a180     libemlrt:libemlrt.dll
 0002:00000188       __imp_emlrtCreateNumericArray 000000018000a188     libemlrt:libemlrt.dll
 0002:00000190       __imp_emlrtSetDimensions   000000018000a190     libemlrt:libemlrt.dll
 0002:00000198       __imp_emlrtAssign          000000018000a198     libemlrt:libemlrt.dll
 0002:000001a0       __imp_emlrtCheckBuiltInR2012b 000000018000a1a0     libemlrt:libemlrt.dll
 0002:000001a8       __imp_emlrtDestroyArray    000000018000a1a8     libemlrt:libemlrt.dll
 0002:000001b0       __imp_emlrtClearAllocCountR2012b 000000018000a1b0     libemlrt:libemlrt.dll
 0002:000001b8       __imp_emlrtDestroyRootTLS  000000018000a1b8     libemlrt:libemlrt.dll
 0002:000001c0       __imp_emlrtNameCapturePostProcessR2013b 000000018000a1c0     libemlrt:libemlrt.dll
 0002:000001c8       \177libemlrt_NULL_THUNK_DATA 000000018000a1c8     libemlrt:libemlrt.dll
 0002:000001d0       __imp_mexAtExit            000000018000a1d0     libmex:libmex.dll
 0002:000001d8       \177libmex_NULL_THUNK_DATA 000000018000a1d8     libmex:libmex.dll
 0002:000001e0       __imp_muDoubleScalarSqrt   000000018000a1e0     libmwmathutil:libmwmathutil.dll
 0002:000001e8       __imp_muDoubleScalarSin    000000018000a1e8     libmwmathutil:libmwmathutil.dll
 0002:000001f0       __imp_muDoubleScalarCos    000000018000a1f0     libmwmathutil:libmwmathutil.dll
 0002:000001f8       __imp_muDoubleScalarAbs    000000018000a1f8     libmwmathutil:libmwmathutil.dll
 0002:00000200       \177libmwmathutil_NULL_THUNK_DATA 000000018000a200     libmwmathutil:libmwmathutil.dll
 0002:00000208       __imp_mxCreateStructMatrix_700 000000018000a208     libmx:libmx.dll
 0002:00000210       __imp_mxCreateLogicalMatrix_700 000000018000a210     libmx:libmx.dll
 0002:00000218       __imp_mxCreateString       000000018000a218     libmx:libmx.dll
 0002:00000220       __imp_mxSetFieldByNumber_700 000000018000a220     libmx:libmx.dll
 0002:00000228       __imp_mxCreateDoubleScalar 000000018000a228     libmx:libmx.dll
 0002:00000230       __imp_mxMalloc             000000018000a230     libmx:libmx.dll
 0002:00000238       __imp_mxSetData            000000018000a238     libmx:libmx.dll
 0002:00000240       __imp_mxGetData            000000018000a240     libmx:libmx.dll
 0002:00000248       \177libmx_NULL_THUNK_DATA  000000018000a248     libmx:libmx.dll
 0002:00000250       __xc_a                     000000018000a250     MSVCRT:cinitexe.obj
 0002:00000258       __xc_z                     000000018000a258     MSVCRT:cinitexe.obj
 0002:00000260       __xi_a                     000000018000a260     MSVCRT:cinitexe.obj
 0002:00000270       __xi_z                     000000018000a270     MSVCRT:cinitexe.obj
 0002:00000280       ??_C@_0ED@NOEOJKJG@C?3?2Program?5Files?2MATLAB?2R2014b?2t@ 000000018000a280     getStatefromKepler_Alg.obj
 0002:000002c4       ??_C@_04EIAKFFMI@sqrt?$AA@ 000000018000a2c4     getStatefromKepler_Alg.obj
 0002:000002d0       ??_C@_0HO@GCPDOKEC@C?3?2Users?2Adam?2Dropbox?2Documents?2@ 000000018000a2d0     getStatefromKepler_Alg.obj
 0002:00000350       ??_C@_0BH@FEKMIHJC@getStatefromKepler_Alg?$AA@ 000000018000a350     getStatefromKepler_Alg.obj
 0002:00000370       __mask@@NegDouble@         000000018000a370     getStatefromKepler_Alg.obj
 0002:00000380       __real@3ff0000000000000    000000018000a380     getStatefromKepler_Alg.obj
 0002:00000388       __real@400921fb54442d18    000000018000a388     getStatefromKepler_Alg.obj
 0002:00000390       __real@3ddb7cdfd9d7bdbb    000000018000a390     getStatefromKepler_Alg.obj
 0002:000003a0       ??_C@_0EG@IPAHLJIA@C?3?2Program?5Files?2MATLAB?2R2014b?2t@ 000000018000a3a0     eml_error.obj
 0002:000003e8       ??_C@_09JANBMANM@eml_error?$AA@ 000000018000a3e8     eml_error.obj
 0002:000003f8       ??_C@_0BP@KBACPONM@Coder?3toolbox?3ElFunDomainError?$AA@ 000000018000a3f8     eml_error.obj
 0002:00000420       ??_C@_06BNJCAIGJ@double?$AA@ 000000018000a420     _coder_getStatefromKepler_Alg_api.obj
 0002:00000428       ??_C@_03GKANDKJJ@gmu?$AA@  000000018000a428     _coder_getStatefromKepler_Alg_api.obj
 0002:0000042c       ??_C@_03DPNLCGKF@tru?$AA@  000000018000a42c     _coder_getStatefromKepler_Alg_api.obj
 0002:00000430       ??_C@_03CAOIPBNL@arg?$AA@  000000018000a430     _coder_getStatefromKepler_Alg_api.obj
 0002:00000434       ??_C@_04ILDOMMBF@raan?$AA@ 000000018000a434     _coder_getStatefromKepler_Alg_api.obj
 0002:0000043c       ??_C@_03JEAMEGCE@inc?$AA@  000000018000a43c     _coder_getStatefromKepler_Alg_api.obj
 0002:00000440       ??_C@_03NGACGKMP@ecc?$AA@  000000018000a440     _coder_getStatefromKepler_Alg_api.obj
 0002:00000444       ??_C@_03JLNICNAE@sma?$AA@  000000018000a444     _coder_getStatefromKepler_Alg_api.obj
 0002:00000448       ??_C@_0CF@OIONOIOI@EMLRT?3runTime?3TooManyOutputArgum@ 000000018000a448     _coder_getStatefromKepler_Alg_mex.obj
 0002:00000470       ??_C@_0CC@IMHDKEMC@EMLRT?3runTime?3WrongNumberOfInput@ 000000018000a470     _coder_getStatefromKepler_Alg_mex.obj
 0002:000004a0       ??_C@_0EJ@IKMBIAFF@?$FLILXE?$FN$matlabroot$?1toolbox?1coder@ 000000018000a4a0     _coder_getStatefromKepler_Alg_info.obj
 0002:000004f0       ??_C@_0BN@GJOIDMMC@coder?4internal?4refblas?4xgemm?$AA@ 000000018000a4f0     _coder_getStatefromKepler_Alg_info.obj
 0002:00000510       ??_C@_0EC@LHGHJECH@?$FLILXE?$FN$matlabroot$?1toolbox?1eml?1l@ 000000018000a510     _coder_getStatefromKepler_Alg_info.obj
 0002:00000558       ??_C@_0BC@MBJAEGPC@eml_switch_helper?$AA@ 000000018000a558     _coder_getStatefromKepler_Alg_info.obj
 0002:00000570       ??_C@_0EK@ONGJLJDP@?$FLILXE?$FN$matlabroot$?1toolbox?1coder@ 000000018000a570     _coder_getStatefromKepler_Alg_info.obj
 0002:000005c0       ??_C@_0BO@NKMCCJOO@coder?4internal?4blas?4threshold?$AA@ 000000018000a5c0     _coder_getStatefromKepler_Alg_info.obj
 0002:000005e0       ??_C@_0FG@IPCIABPA@?$FLILXE?$FN$matlabroot$?1toolbox?1coder@ 000000018000a5e0     _coder_getStatefromKepler_Alg_info.obj
 0002:00000640       ??_C@_0EM@POLDDPIB@?$FLILXE?$FN$matlabroot$?1toolbox?1coder@ 000000018000a640     _coder_getStatefromKepler_Alg_info.obj
 0002:00000690       ??_C@_0CA@FHKBGOML@coder?4internal?4blas?4use_refblas?$AA@ 000000018000a690     _coder_getStatefromKepler_Alg_info.obj
 0002:000006b0       ??_C@_0EG@KJALKGCJ@?$FLILXE?$FN$matlabroot$?1toolbox?1coder@ 000000018000a6b0     _coder_getStatefromKepler_Alg_info.obj
 0002:000006f8       ??_C@_0BK@CHFNFNDL@coder?4internal?4blas?4xgemm?$AA@ 000000018000a6f8     _coder_getStatefromKepler_Alg_info.obj
 0002:00000720       ??_C@_0EH@KKEOAGLG@?$FLILXE?$FN$matlabroot$?1toolbox?1coder@ 000000018000a720     _coder_getStatefromKepler_Alg_info.obj
 0002:00000768       ??_C@_0BL@MPDEKGFG@coder?4internal?4blas?4inline?$AA@ 000000018000a768     _coder_getStatefromKepler_Alg_info.obj
 0002:00000788       ??_C@_0DP@KKDHCFNH@?$FLILXE?$FN$matlabroot$?1toolbox?1eml?1l@ 000000018000a788     _coder_getStatefromKepler_Alg_info.obj
 0002:000007c8       ??_C@_09IEIJHMLN@eml_xgemm?$AA@ 000000018000a7c8     _coder_getStatefromKepler_Alg_info.obj
 0002:000007e0       ??_C@_0EA@GLIAMHNI@?$FLILXE?$FN$matlabroot$?1toolbox?1eml?1l@ 000000018000a7e0     _coder_getStatefromKepler_Alg_info.obj
 0002:00000820       ??_C@_0BA@LGKKDMEL@eml_index_class?$AA@ 000000018000a820     _coder_getStatefromKepler_Alg_info.obj
 0002:00000830       ??_C@_0FA@MPDEEPKJ@?$FLILXE?$FN$matlabroot$?1toolbox?1eml?1l@ 000000018000a830     _coder_getStatefromKepler_Alg_info.obj
 0002:00000880       ??_C@_0EC@NFHIFAKL@?$FLILXE?$FN$matlabroot$?1toolbox?1eml?1l@ 000000018000a880     _coder_getStatefromKepler_Alg_info.obj
 0002:000008c2       ??_C@_00CNPNBAHC@?$AA@     000000018000a8c2     _coder_getStatefromKepler_Alg_info.obj
 0002:000008c8       ??_C@_0BC@CHEDBFHF@eml_mtimes_helper?$AA@ 000000018000a8c8     _coder_getStatefromKepler_Alg_info.obj
 0002:000008e0       ??_C@_0EC@CDBNIKKB@?$FLILXE?$FN$matlabroot$?1toolbox?1eml?1l@ 000000018000a8e0     _coder_getStatefromKepler_Alg_info.obj
 0002:00000928       ??_C@_0BA@JDJHBHHI@eml_scalar_sqrt?$AA@ 000000018000a928     _coder_getStatefromKepler_Alg_info.obj
 0002:00000938       ??_C@_0DK@JGMDEBEG@?$FLILXE?$FN$matlabroot$?1toolbox?1eml?1l@ 000000018000a938     _coder_getStatefromKepler_Alg_info.obj
 0002:00000978       ??_C@_0DH@DFICMMJC@?$FLILXE?$FN$matlabroot$?1toolbox?1eml?1l@ 000000018000a978     _coder_getStatefromKepler_Alg_info.obj
 0002:000009b0       ??_C@_0EB@HMOIANG@?$FLILXE?$FN$matlabroot$?1toolbox?1eml?1l@ 000000018000a9b0     _coder_getStatefromKepler_Alg_info.obj
 0002:000009f8       ??_C@_0P@DNMCPPDN@eml_scalar_sin?$AA@ 000000018000a9f8     _coder_getStatefromKepler_Alg_info.obj
 0002:00000a08       ??_C@_0DG@PEEHPGAJ@?$FLILXE?$FN$matlabroot$?1toolbox?1eml?1l@ 000000018000aa08     _coder_getStatefromKepler_Alg_info.obj
 0002:00000a40       ??_C@_03BLEJJJBH@sin?$AA@  000000018000aa40     _coder_getStatefromKepler_Alg_info.obj
 0002:00000a48       ??_C@_0DO@HJMJNACA@?$FLILXE?$FN$matlabroot$?1toolbox?1coder@ 000000018000aa48     _coder_getStatefromKepler_Alg_info.obj
 0002:00000a88       ??_C@_0BD@JLGMKPKJ@coder?4internal?4div?$AA@ 000000018000aa88     _coder_getStatefromKepler_Alg_info.obj
 0002:00000aa0       ??_C@_0DI@GANAMGFL@?$FLILXE?$FN$matlabroot$?1toolbox?1eml?1l@ 000000018000aaa0     _coder_getStatefromKepler_Alg_info.obj
 0002:00000ad8       ??_C@_07KHOFHKNM@eml_div?$AA@ 000000018000aad8     _coder_getStatefromKepler_Alg_info.obj
 0002:00000ae0       ??_C@_0EH@ELBOGDPJ@?$FLILXE?$FN$matlabroot$?1toolbox?1eml?1l@ 000000018000aae0     _coder_getStatefromKepler_Alg_info.obj
 0002:00000b28       ??_C@_0BH@LFDIDDBI@eml_scalexp_compatible?$AA@ 000000018000ab28     _coder_getStatefromKepler_Alg_info.obj
 0002:00000b40       ??_C@_0DI@ECPGNJBG@?$FLILXE?$FN$matlabroot$?1toolbox?1eml?1l@ 000000018000ab40     _coder_getStatefromKepler_Alg_info.obj
 0002:00000b78       ??_C@_07EDECNBOH@rdivide?$AA@ 000000018000ab78     _coder_getStatefromKepler_Alg_info.obj
 0002:00000b80       ??_C@_0EI@KLLPIDAJ@?$FLILXE?$FN$matlabroot$?1toolbox?1share@ 000000018000ab80     _coder_getStatefromKepler_Alg_info.obj
 0002:00000bc8       ??_C@_04ENMBGAPA@char?$AA@ 000000018000abc8     _coder_getStatefromKepler_Alg_info.obj
 0002:00000bd0       ??_C@_0BG@JDHJGNPG@coder?4internal?4assert?$AA@ 000000018000abd0     _coder_getStatefromKepler_Alg_info.obj
 0002:00000be8       ??_C@_0DJ@LGGCAFOA@?$FLILXE?$FN$matlabroot$?1toolbox?1eml?1l@ 000000018000abe8     _coder_getStatefromKepler_Alg_info.obj
 0002:00000c28       ??_C@_08GNEFHMND@mrdivide?$AA@ 000000018000ac28     _coder_getStatefromKepler_Alg_info.obj
 0002:00000c40       ??_C@_0EB@CJCLPIKP@?$FLILXE?$FN$matlabroot$?1toolbox?1eml?1l@ 000000018000ac40     _coder_getStatefromKepler_Alg_info.obj
 0002:00000c88       ??_C@_0P@JGDKLIAM@eml_scalar_cos?$AA@ 000000018000ac88     _coder_getStatefromKepler_Alg_info.obj
 0002:00000c98       ??_C@_0DG@NKKCIOHA@?$FLILXE?$FN$matlabroot$?1toolbox?1eml?1l@ 000000018000ac98     _coder_getStatefromKepler_Alg_info.obj
 0002:00000cd0       ??_C@_03LALBNOCG@cos?$AA@  000000018000acd0     _coder_getStatefromKepler_Alg_info.obj
 0002:00000ce0       ??_C@_0EJ@ICIFOOJM@?$FLILXE?$FN$matlabroot$?1toolbox?1eml?1l@ 000000018000ace0     _coder_getStatefromKepler_Alg_info.obj
 0002:00000d30       ??_C@_0ED@BIIMGNAK@?$FLILXE?$FN$matlabroot$?1toolbox?1eml?1l@ 000000018000ad30     _coder_getStatefromKepler_Alg_info.obj
 0002:00000d78       ??_C@_0BB@DKCPHGKF@eml_scalar_floor?$AA@ 000000018000ad78     _coder_getStatefromKepler_Alg_info.obj
 0002:00000d90       ??_C@_0DI@KHEKJDFK@?$FLILXE?$FN$matlabroot$?1toolbox?1eml?1l@ 000000018000ad90     _coder_getStatefromKepler_Alg_info.obj
 0002:00000dc8       ??_C@_05PBJFFIGL@floor?$AA@ 000000018000adc8     _coder_getStatefromKepler_Alg_info.obj
 0002:00000dd0       ??_C@_0EH@NKKKFOFD@?$FLILXE?$FN$matlabroot$?1toolbox?1coder@ 000000018000add0     _coder_getStatefromKepler_Alg_info.obj
 0002:00000e18       ??_C@_0BM@OMMFNHB@coder?4internal?4scalexpAlloc?$AA@ 000000018000ae18     _coder_getStatefromKepler_Alg_info.obj
 0002:00000e40       ??_C@_0EC@EDKCHFKG@?$FLILXE?$FN$matlabroot$?1toolbox?1eml?1l@ 000000018000ae40     _coder_getStatefromKepler_Alg_info.obj
 0002:00000e88       ??_C@_0BC@JEELAMCJ@eml_scalexp_alloc?$AA@ 000000018000ae88     _coder_getStatefromKepler_Alg_info.obj
 0002:00000ea0       ??_C@_0ED@BIKNGDGL@?$FLILXE?$FN$matlabroot$?1toolbox?1coder@ 000000018000aea0     _coder_getStatefromKepler_Alg_info.obj
 0002:00000ee8       ??_C@_0BI@GOAEPJB@coder?4internal?4scalarEg?$AA@ 000000018000aee8     _coder_getStatefromKepler_Alg_info.obj
 0002:00000f00       ??_C@_0DO@FIFFNPJ@?$FLILXE?$FN$matlabroot$?1toolbox?1eml?1l@ 000000018000af00     _coder_getStatefromKepler_Alg_info.obj
 0002:00000f40       ??_C@_0O@DGEIFEHG@eml_scalar_eg?$AA@ 000000018000af40     _coder_getStatefromKepler_Alg_info.obj
 0002:00000f50       ??_C@_0DP@JAKKLAFJ@?$FLILXE?$FN$matlabroot$?1toolbox?1eml?1l@ 000000018000af50     _coder_getStatefromKepler_Alg_info.obj
 0002:00000f90       ??_C@_0DG@PFPDNIHA@?$FLILXE?$FN$matlabroot$?1toolbox?1eml?1l@ 000000018000af90     _coder_getStatefromKepler_Alg_info.obj
 0002:00000fc8       ??_C@_05PLIADJJL@power?$AA@ 000000018000afc8     _coder_getStatefromKepler_Alg_info.obj
 0002:00000fd0       ??_C@_0DL@FNMKLGPB@?$FLILXE?$FN$matlabroot$?1toolbox?1eml?1l@ 000000018000afd0     _coder_getStatefromKepler_Alg_info.obj
 0002:00001010       ??_C@_08IPKEJGEO@ismatrix?$AA@ 000000018000b010     _coder_getStatefromKepler_Alg_info.obj
 0002:00001020       ??_C@_0DH@EDFPKIIH@?$FLILXE?$FN$matlabroot$?1toolbox?1eml?1l@ 000000018000b020     _coder_getStatefromKepler_Alg_info.obj
 0002:00001058       ??_C@_06DNEPGKGD@mpower?$AA@ 000000018000b058     _coder_getStatefromKepler_Alg_info.obj
 0002:00001060       ??_C@_0EB@JMHDJNBF@?$FLILXE?$FN$matlabroot$?1toolbox?1eml?1l@ 000000018000b060     _coder_getStatefromKepler_Alg_info.obj
 0002:000010a8       ??_C@_0P@DEOLODNE@eml_scalar_abs?$AA@ 000000018000b0a8     _coder_getStatefromKepler_Alg_info.obj
 0002:000010c0       ??_C@_0FC@OMKEPILP@?$FLILXE?$FN$matlabroot$?1toolbox?1share@ 000000018000b0c0     _coder_getStatefromKepler_Alg_info.obj
 0002:00001118       ??_C@_0CA@GGIPMLJM@coder?4internal?4isBuiltInNumeric?$AA@ 000000018000b118     _coder_getStatefromKepler_Alg_info.obj
 0002:00001138       ??_C@_03ONJNNIPF@lhs?$AA@  000000018000b138     _coder_getStatefromKepler_Alg_info.obj
 0002:0000113c       ??_C@_03FNFLPIFJ@rhs?$AA@  000000018000b13c     _coder_getStatefromKepler_Alg_info.obj
 0002:00001140       ??_C@_0M@FMAJFPGC@mFileTimeHi?$AA@ 000000018000b140     _coder_getStatefromKepler_Alg_info.obj
 0002:00001150       ??_C@_0M@NFKFADI@mFileTimeLo?$AA@ 000000018000b150     _coder_getStatefromKepler_Alg_info.obj
 0002:00001160       ??_C@_0L@HMDKMKNA@fileTimeHi?$AA@ 000000018000b160     _coder_getStatefromKepler_Alg_info.obj
 0002:00001170       ??_C@_0L@CNGJMFIK@fileTimeLo?$AA@ 000000018000b170     _coder_getStatefromKepler_Alg_info.obj
 0002:00001180       ??_C@_08CGJBBLIA@resolved?$AA@ 000000018000b180     _coder_getStatefromKepler_Alg_info.obj
 0002:00001190       ??_C@_0DG@GPPKOLMK@?$FLILXE?$FN$matlabroot$?1toolbox?1eml?1l@ 000000018000b190     _coder_getStatefromKepler_Alg_info.obj
 0002:000011c8       ??_C@_0N@IGLAPNJK@dominantType?$AA@ 000000018000b1c8     _coder_getStatefromKepler_Alg_info.obj
 0002:000011d8       ??_C@_04MEMAJGDJ@name?$AA@ 000000018000b1d8     _coder_getStatefromKepler_Alg_info.obj
 0002:000011e0       ??_C@_03BCGAIFPO@abs?$AA@  000000018000b1e0     _coder_getStatefromKepler_Alg_info.obj
 0002:000011e8       ??_C@_07JKKCBBMM@context?$AA@ 000000018000b1e8     _coder_getStatefromKepler_Alg_info.obj
 0002:000011f0       ??_C@_0IB@PIOICMMG@?$FLE?$FNC?3?1Users?1Adam?1Dropbox?1Documen@ 000000018000b1f0     _coder_getStatefromKepler_Alg_info.obj
 0002:00001278       ??_C@_0BG@PKOKOJEF@8?44?40?4150421?5?$CIR2014b?$CJ?$AA@ 000000018000b278     _coder_getStatefromKepler_Alg_info.obj
 0002:00001290       __real@4000000000000000    000000018000b290     _coder_getStatefromKepler_Alg_info.obj
 0002:00001298       __real@401c000000000000    000000018000b298     _coder_getStatefromKepler_Alg_info.obj
 0002:000012a0       ??_C@_0P@FDPDNMBC@ConstantInputs?$AA@ 000000018000b2a0     _coder_getStatefromKepler_Alg_info.obj
 0002:000012b0       ??_C@_0BA@HBLCOFA@NumberOfOutputs?$AA@ 000000018000b2b0     _coder_getStatefromKepler_Alg_info.obj
 0002:000012c0       ??_C@_0P@DJPKAEOC@NumberOfInputs?$AA@ 000000018000b2c0     _coder_getStatefromKepler_Alg_info.obj
 0002:000012d0       ??_C@_04FABLJDN@Name?$AA@  000000018000b2d0     _coder_getStatefromKepler_Alg_info.obj
 0002:000012d8       ??_C@_0N@HPEKDNOD@CoverageInfo?$AA@ 000000018000b2d8     _coder_getStatefromKepler_Alg_info.obj
 0002:000012e8       ??_C@_0M@HOOGCLMJ@EntryPoints?$AA@ 000000018000b2e8     _coder_getStatefromKepler_Alg_info.obj
 0002:000012f8       ??_C@_0BC@PFKIGKIM@ResolvedFunctions?$AA@ 000000018000b2f8     _coder_getStatefromKepler_Alg_info.obj
 0002:00001310       ??_C@_07NGFJPNPN@Version?$AA@ 000000018000b310     _coder_getStatefromKepler_Alg_info.obj
 0002:00001318       _pDefaultRawDllMain        000000018000b318     MSVCRT:crtdll.obj
 0002:00001318       _pRawDllMain               000000018000b318     MSVCRT:crtdll.obj
 0002:00001330       __rtc_iaa                  000000018000b330     MSVCRT:_initsect_.obj
 0002:00001338       __rtc_izz                  000000018000b338     MSVCRT:_initsect_.obj
 0002:00001340       __rtc_taa                  000000018000b340     MSVCRT:_initsect_.obj
 0002:00001348       __rtc_tzz                  000000018000b348     MSVCRT:_initsect_.obj
 0002:00001510       __IMPORT_DESCRIPTOR_libmx  000000018000b510     libmx:libmx.dll
 0002:00001524       __IMPORT_DESCRIPTOR_libmex 000000018000b524     libmex:libmex.dll
 0002:00001538       __IMPORT_DESCRIPTOR_libemlrt 000000018000b538     libemlrt:libemlrt.dll
 0002:0000154c       __IMPORT_DESCRIPTOR_libmwmathutil 000000018000b54c     libmwmathutil:libmwmathutil.dll
 0002:00001560       __IMPORT_DESCRIPTOR_MSVCR100 000000018000b560     MSVCRT:MSVCR100.dll
 0002:00001574       __IMPORT_DESCRIPTOR_KERNEL32 000000018000b574     kernel32:KERNEL32.dll
 0002:00001588       __NULL_IMPORT_DESCRIPTOR   000000018000b588     libmx:libmx.dll
 0003:00000060       emlrtContextGlobal         000000018000c060     _coder_getStatefromKepler_Alg_mex.obj
 0003:000000a0       __security_cookie          000000018000c0a0     MSVCRT:gs_cookie.obj
 0003:000000a8       __security_cookie_complement 000000018000c0a8     MSVCRT:gs_cookie.obj
 0003:000000b0       _fltused                   000000018000c0b0     MSVCRT:dllsupp.obj
 0003:000000c0       __native_dllmain_reason    000000018000c0c0     MSVCRT:natstart.obj
 0003:000000c4       __native_vcclrit_reason    000000018000c0c4     MSVCRT:natstart.obj
 0003:000000d8       emlrtRootTLSGlobal         000000018000c0d8     _coder_getStatefromKepler_Alg_mex.obj
 0003:00000660       ?__type_info_root_node@@3U__type_info_node@@A 000000018000c660     MSVCRT:tncleanup.obj
 0003:00000670       __native_startup_state     000000018000c670     <common>
 0003:00000678       __native_startup_lock      000000018000c678     <common>
 0003:00000680       __onexitend                000000018000c680     <common>
 0003:00000688       __onexitbegin              000000018000c688     <common>
 0003:00000690       __dyn_tls_init_callback    000000018000c690     <common>

 entry point at        0001:000081b0

 Static symbols

 0001:00000700       emlrt_marshallOut          0000000180001700 f   _coder_getStatefromKepler_Alg_api.obj
 0001:00000c10       getStatefromKepler_Alg_mexFunction 0000000180001c10 f   _coder_getStatefromKepler_Alg_mex.obj
 0001:00000dc0       info_helper                0000000180001dc0 f   _coder_getStatefromKepler_Alg_info.obj
 0001:00007db8       pre_c_init                 0000000180008db8 f   MSVCRT:crtdll.obj
 0001:00008074       __DllMainCRTStartup        0000000180009074 f   MSVCRT:crtdll.obj
 0001:00008670       __DllMainCRTStartup$filt$0 0000000180009670 f   MSVCRT:crtdll.obj
 0001:000086a0       __DllMainCRTStartup$fin$1  00000001800096a0 f   MSVCRT:crtdll.obj
 0001:000086ba       _onexit$fin$0              00000001800096ba f   MSVCRT:atonexit.obj
 0001:000086e0       _IsNonwritableInCurrentImage$filt$0 00000001800096e0 f   MSVCRT:pesect.obj
