 lambert_mex

 Timestamp is 54c1e01b (Thu Jan 22 21:46:03 2015)

 Preferred load address is 0000000180000000

 Start         Length     Name                   Class
 0001:00000000 00020852H .text                   CODE
 0001:00020860 00000092H .text$x                 CODE
 0002:00000000 000002f8H .idata$5                DATA
 0002:000002f8 00000008H .CRT$XCA                DATA
 0002:00000300 00000008H .CRT$XCZ                DATA
 0002:00000308 00000008H .CRT$XIA                DATA
 0002:00000310 00000008H .CRT$XIAA               DATA
 0002:00000318 00000008H .CRT$XIZ                DATA
 0002:00000320 00002bf8H .rdata                  DATA
 0002:00002f18 00000008H .rtc$IAA                DATA
 0002:00002f20 00000008H .rtc$IZZ                DATA
 0002:00002f28 00000008H .rtc$TAA                DATA
 0002:00002f30 00000008H .rtc$TZZ                DATA
 0002:00002f38 000004a8H .xdata                  DATA
 0002:000033e0 00000078H .idata$2                DATA
 0002:00003458 00000014H .idata$3                DATA
 0002:00003470 000002f8H .idata$4                DATA
 0002:00003768 00000782H .idata$6                DATA
 0002:00003ef0 000000d5H .edata                  DATA
 0003:00000000 000007e8H .data                   DATA
 0003:000007f0 000005c0H .bss                    DATA
 0004:00000000 00000348H .pdata                  DATA

  Address         Publics by Value              Rva+Base               Lib:Object

 0000:00000000       ___safe_se_handler_table   0000000000000000     <absolute>
 0000:00000000       ___safe_se_handler_count   0000000000000000     <absolute>
 0000:00000000       __ImageBase                0000000180000000     <linker-defined>
 0001:00000000       lambert_initialize         0000000180001000 f   lambert_initialize.obj
 0001:00000080       lambert_atexit             0000000180001080 f   lambert_terminate.obj
 0001:000000e0       lambert_terminate          00000001800010e0 f   lambert_terminate.obj
 0001:00002cc0       lambert                    0000000180003cc0 f   lambert.obj
 0001:00003ef0       b_sqrt                     0000000180004ef0 f   sqrt.obj
 0001:00003f40       c_sqrt                     0000000180004f40 f   sqrt.obj
 0001:00003fe0       b_eml_error                0000000180004fe0 f   eml_error.obj
 0001:00004020       c_eml_error                0000000180005020 f   eml_error.obj
 0001:00004060       d_eml_error                0000000180005060 f   eml_error.obj
 0001:000040a0       e_eml_error                00000001800050a0 f   eml_error.obj
 0001:000040e0       eml_error                  00000001800050e0 f   eml_error.obj
 0001:00004120       f_eml_error                0000000180005120 f   eml_error.obj
 0001:00004140       b_rdivide                  0000000180005140 f   rdivide.obj
 0001:00004160       rdivide                    0000000180005160 f   rdivide.obj
 0001:00004170       b_acos                     0000000180005170 f   acos.obj
 0001:000041d0       c_acos                     00000001800051d0 f   acos.obj
 0001:00004290       b_power                    0000000180005290 f   power.obj
 0001:00004300       power                      0000000180005300 f   power.obj
 0001:00004320       b_log                      0000000180005320 f   log.obj
 0001:00004370       b_asin                     0000000180005370 f   asin.obj
 0001:00004430       b_sin                      0000000180005430 f   sin.obj
 0001:00004470       b_acosh                    0000000180005470 f   acosh.obj
 0001:00004650       b_asinh                    0000000180005650 f   asinh.obj
 0001:000047d0       cross                      00000001800057d0 f   cross.obj
 0001:000047d0       b_cross                    00000001800057d0 f   cross.obj
 0001:00004830       b_mod                      0000000180005830 f   mod.obj
 0001:00004990       lambert_api                0000000180005990 f   _coder_lambert_api.obj
 0001:00004f40       lambert_atexit_wrapper     0000000180005f40 f   _coder_lambert_mex.obj
 0001:00004f50       mexFunction                0000000180005f50 f   _coder_lambert_mex.obj
 0001:0001fbc0       emlrtMexFcnProperties      0000000180020bc0 f   _coder_lambert_info.obj
 0001:0001fd94       mxGetInf                   0000000180020d94 f   libmx:libmx.dll
 0001:0001fd9a       mxGetNaN                   0000000180020d9a f   libmx:libmx.dll
 0001:0001fda0       mxSetData                  0000000180020da0 f   libmx:libmx.dll
 0001:0001fda6       mxGetData                  0000000180020da6 f   libmx:libmx.dll
 0001:0001fdac       mxMalloc                   0000000180020dac f   libmx:libmx.dll
 0001:0001fdb2       mxCreateDoubleScalar       0000000180020db2 f   libmx:libmx.dll
 0001:0001fdb8       mxSetFieldByNumber_700     0000000180020db8 f   libmx:libmx.dll
 0001:0001fdbe       mxCreateString             0000000180020dbe f   libmx:libmx.dll
 0001:0001fdc4       mxCreateLogicalMatrix_700  0000000180020dc4 f   libmx:libmx.dll
 0001:0001fdca       mxCreateStructMatrix_700   0000000180020dca f   libmx:libmx.dll
 0001:0001fdd0       mexAtExit                  0000000180020dd0 f   libmex:libmex.dll
 0001:0001fdd6       emlrtFirstTimeR2012b       0000000180020dd6 f   libemlrt:libemlrt.dll
 0001:0001fddc       emlrtEnterRtStackR2012b    0000000180020ddc f   libemlrt:libemlrt.dll
 0001:0001fde2       emlrtClearAllocCountR2012b 0000000180020de2 f   libemlrt:libemlrt.dll
 0001:0001fde8       emlrtCreateRootTLS         0000000180020de8 f   libemlrt:libemlrt.dll
 0001:0001fdee       emlrtGetBreakCheckFlagAddressR2012b 0000000180020dee f   libemlrt:libemlrt.dll
 0001:0001fdf4       emlrtDestroyRootTLS        0000000180020df4 f   libemlrt:libemlrt.dll
 0001:0001fdfa       emlrtLeaveRtStackR2012b    0000000180020dfa f   libemlrt:libemlrt.dll
 0001:0001fe00       emlrtBreakCheckR2012b      0000000180020e00 f   libemlrt:libemlrt.dll
 0001:0001fe06       emlrtErrorWithMessageIdR2012b 0000000180020e06 f   libemlrt:libemlrt.dll
 0001:0001fe0c       emlrtAssign                0000000180020e0c f   libemlrt:libemlrt.dll
 0001:0001fe12       emlrtSetDimensions         0000000180020e12 f   libemlrt:libemlrt.dll
 0001:0001fe18       emlrtCreateNumericArray    0000000180020e18 f   libemlrt:libemlrt.dll
 0001:0001fe1e       emlrtCreateDoubleScalar    0000000180020e1e f   libemlrt:libemlrt.dll
 0001:0001fe24       emlrtDestroyArray          0000000180020e24 f   libemlrt:libemlrt.dll
 0001:0001fe2a       emlrtCheckBuiltInR2012b    0000000180020e2a f   libemlrt:libemlrt.dll
 0001:0001fe30       emlrtAlias                 0000000180020e30 f   libemlrt:libemlrt.dll
 0001:0001fe36       emlrtAliasP                0000000180020e36 f   libemlrt:libemlrt.dll
 0001:0001fe3c       emlrtProtectR2012b         0000000180020e3c f   libemlrt:libemlrt.dll
 0001:0001fe42       emlrtReturnArrayR2009a     0000000180020e42 f   libemlrt:libemlrt.dll
 0001:0001fe48       emlrtErrMsgIdAndTxt        0000000180020e48 f   libemlrt:libemlrt.dll
 0001:0001fe4e       emlrtCreateString          0000000180020e4e f   libemlrt:libemlrt.dll
 0001:0001fe54       emlrtCreateNumericMatrix   0000000180020e54 f   libemlrt:libemlrt.dll
 0001:0001fe5a       emlrtCreateCellMatrix      0000000180020e5a f   libemlrt:libemlrt.dll
 0001:0001fe60       emlrtAddField              0000000180020e60 f   libemlrt:libemlrt.dll
 0001:0001fe66       emlrtNameCapturePostProcessR2013b 0000000180020e66 f   libemlrt:libemlrt.dll
 0001:0001fe6c       emlrtCreateStructMatrix    0000000180020e6c f   libemlrt:libemlrt.dll
 0001:0001fe72       muDoubleScalarAbs          0000000180020e72 f   libmwmathutil:libmwmathutil.dll
 0001:0001fe78       muDoubleScalarSign         0000000180020e78 f   libmwmathutil:libmwmathutil.dll
 0001:0001fe7e       muDoubleScalarAcos         0000000180020e7e f   libmwmathutil:libmwmathutil.dll
 0001:0001fe84       muDoubleScalarSqrt         0000000180020e84 f   libmwmathutil:libmwmathutil.dll
 0001:0001fe8a       muDoubleScalarMax          0000000180020e8a f   libmwmathutil:libmwmathutil.dll
 0001:0001fe90       muDoubleScalarMin          0000000180020e90 f   libmwmathutil:libmwmathutil.dll
 0001:0001fe96       muDoubleScalarPower        0000000180020e96 f   libmwmathutil:libmwmathutil.dll
 0001:0001fe9c       muDoubleScalarAtan2        0000000180020e9c f   libmwmathutil:libmwmathutil.dll
 0001:0001fea2       muDoubleScalarLog          0000000180020ea2 f   libmwmathutil:libmwmathutil.dll
 0001:0001fea8       muDoubleScalarSin          0000000180020ea8 f   libmwmathutil:libmwmathutil.dll
 0001:0001feae       muDoubleScalarCos          0000000180020eae f   libmwmathutil:libmwmathutil.dll
 0001:0001feb4       muDoubleScalarSinh         0000000180020eb4 f   libmwmathutil:libmwmathutil.dll
 0001:0001feba       muDoubleScalarAsin         0000000180020eba f   libmwmathutil:libmwmathutil.dll
 0001:0001fec0       muDoubleScalarAtan         0000000180020ec0 f   libmwmathutil:libmwmathutil.dll
 0001:0001fec6       muDoubleScalarExp          0000000180020ec6 f   libmwmathutil:libmwmathutil.dll
 0001:0001fecc       muDoubleScalarTan          0000000180020ecc f   libmwmathutil:libmwmathutil.dll
 0001:0001fed2       muDoubleScalarIsNaN        0000000180020ed2 f   libmwmathutil:libmwmathutil.dll
 0001:0001fed8       muDoubleScalarIsInf        0000000180020ed8 f   libmwmathutil:libmwmathutil.dll
 0001:0001fede       muDoubleScalarRound        0000000180020ede f   libmwmathutil:libmwmathutil.dll
 0001:0001fee4       muDoubleScalarFloor        0000000180020ee4 f   libmwmathutil:libmwmathutil.dll
 0001:0001feec       __GSHandlerCheckCommon     0000000180020eec f   MSVCRT:gshandler.obj
 0001:0001ff50       __GSHandlerCheck           0000000180020f50 f   MSVCRT:gshandler.obj
 0001:0001ff80       __security_check_cookie    0000000180020f80 f   MSVCRT:amdsecgs.obj
 0001:0001ffa0       memcpy                     0000000180020fa0 f   MSVCRT:MSVCR100.dll
 0001:00020008       _CRT_INIT                  0000000180021008 f   MSVCRT:crtdll.obj
 0001:000203a0       _DllMainCRTStartup         00000001800213a0 f   MSVCRT:crtdll.obj
 0001:000203e0       __report_gsfailure         00000001800213e0 f   MSVCRT:gs_report.obj
 0001:0002052c       __clean_type_info_names    000000018002152c f   MSVCRT:tncleanup.obj
 0001:00020538       _onexit                    0000000180021538 f   MSVCRT:atonexit.obj
 0001:000205e8       atexit                     00000001800215e8 f   MSVCRT:atonexit.obj
 0001:00020600       _RTC_Initialize            0000000180021600 f   MSVCRT:_initsect_.obj
 0001:00020638       _RTC_Terminate             0000000180021638 f   MSVCRT:_initsect_.obj
 0001:00020670       _ValidateImageBase         0000000180021670 f   MSVCRT:pesect.obj
 0001:000206a0       _FindPESection             00000001800216a0 f   MSVCRT:pesect.obj
 0001:000206f0       _IsNonwritableInCurrentImage 00000001800216f0 f   MSVCRT:pesect.obj
 0001:00020732       _initterm                  0000000180021732 f   MSVCRT:MSVCR100.dll
 0001:00020738       _initterm_e                0000000180021738 f   MSVCRT:MSVCR100.dll
 0001:0002073e       _amsg_exit                 000000018002173e f   MSVCRT:MSVCR100.dll
 0001:00020744       __C_specific_handler       0000000180021744 f   MSVCRT:MSVCR100.dll
 0001:0002074a       __CppXcptFilter            000000018002174a f   MSVCRT:MSVCR100.dll
 0001:00020750       DllMain                    0000000180021750 f   MSVCRT:dllmain.obj
 0001:00020774       __security_init_cookie     0000000180021774 f   MSVCRT:gs_support.obj
 0001:00020828       __crt_debugger_hook        0000000180021828 f   MSVCRT:MSVCR100.dll
 0001:0002082e       __clean_type_info_names_internal 000000018002182e f   MSVCRT:MSVCR100.dll
 0001:00020834       _unlock                    0000000180021834 f   MSVCRT:MSVCR100.dll
 0001:0002083a       __dllonexit                000000018002183a f   MSVCRT:MSVCR100.dll
 0001:00020840       _lock                      0000000180021840 f   MSVCRT:MSVCR100.dll
 0001:00020846       RtlVirtualUnwind           0000000180021846 f   kernel32:KERNEL32.dll
 0001:0002084c       RtlLookupFunctionEntry     000000018002184c f   kernel32:KERNEL32.dll
 0002:00000000       __imp_GetSystemTimeAsFileTime 0000000180022000     kernel32:KERNEL32.dll
 0002:00000008       __imp_GetCurrentProcessId  0000000180022008     kernel32:KERNEL32.dll
 0002:00000010       __imp_GetCurrentThreadId   0000000180022010     kernel32:KERNEL32.dll
 0002:00000018       __imp_GetTickCount         0000000180022018     kernel32:KERNEL32.dll
 0002:00000020       __imp_QueryPerformanceCounter 0000000180022020     kernel32:KERNEL32.dll
 0002:00000028       __imp_DisableThreadLibraryCalls 0000000180022028     kernel32:KERNEL32.dll
 0002:00000030       __imp_RtlCaptureContext    0000000180022030     kernel32:KERNEL32.dll
 0002:00000038       __imp_RtlLookupFunctionEntry 0000000180022038     kernel32:KERNEL32.dll
 0002:00000040       __imp_RtlVirtualUnwind     0000000180022040     kernel32:KERNEL32.dll
 0002:00000048       __imp_IsDebuggerPresent    0000000180022048     kernel32:KERNEL32.dll
 0002:00000050       __imp_UnhandledExceptionFilter 0000000180022050     kernel32:KERNEL32.dll
 0002:00000058       __imp_GetCurrentProcess    0000000180022058     kernel32:KERNEL32.dll
 0002:00000060       __imp_TerminateProcess     0000000180022060     kernel32:KERNEL32.dll
 0002:00000068       __imp_Sleep                0000000180022068     kernel32:KERNEL32.dll
 0002:00000070       __imp_DecodePointer        0000000180022070     kernel32:KERNEL32.dll
 0002:00000078       __imp_EncodePointer        0000000180022078     kernel32:KERNEL32.dll
 0002:00000080       __imp_SetUnhandledExceptionFilter 0000000180022080     kernel32:KERNEL32.dll
 0002:00000088       \177KERNEL32_NULL_THUNK_DATA 0000000180022088     kernel32:KERNEL32.dll
 0002:00000090       __imp__malloc_crt          0000000180022090     MSVCRT:MSVCR100.dll
 0002:00000098       __imp__initterm_e          0000000180022098     MSVCRT:MSVCR100.dll
 0002:000000a0       __imp_free                 00000001800220a0     MSVCRT:MSVCR100.dll
 0002:000000a8       __imp__encoded_null        00000001800220a8     MSVCRT:MSVCR100.dll
 0002:000000b0       __imp__amsg_exit           00000001800220b0     MSVCRT:MSVCR100.dll
 0002:000000b8       __imp___C_specific_handler 00000001800220b8     MSVCRT:MSVCR100.dll
 0002:000000c0       __imp___CppXcptFilter      00000001800220c0     MSVCRT:MSVCR100.dll
 0002:000000c8       __imp___crt_debugger_hook  00000001800220c8     MSVCRT:MSVCR100.dll
 0002:000000d0       __imp___clean_type_info_names_internal 00000001800220d0     MSVCRT:MSVCR100.dll
 0002:000000d8       __imp_memcpy               00000001800220d8     MSVCRT:MSVCR100.dll
 0002:000000e0       __imp__unlock              00000001800220e0     MSVCRT:MSVCR100.dll
 0002:000000e8       __imp___dllonexit          00000001800220e8     MSVCRT:MSVCR100.dll
 0002:000000f0       __imp__lock                00000001800220f0     MSVCRT:MSVCR100.dll
 0002:000000f8       __imp__onexit              00000001800220f8     MSVCRT:MSVCR100.dll
 0002:00000100       __imp__initterm            0000000180022100     MSVCRT:MSVCR100.dll
 0002:00000108       \177MSVCR100_NULL_THUNK_DATA 0000000180022108     MSVCRT:MSVCR100.dll
 0002:00000110       __imp_emlrtCreateNumericMatrix 0000000180022110     libemlrt:libemlrt.dll
 0002:00000118       __imp_emlrtCreateCellMatrix 0000000180022118     libemlrt:libemlrt.dll
 0002:00000120       __imp_emlrtAddField        0000000180022120     libemlrt:libemlrt.dll
 0002:00000128       __imp_emlrtNameCapturePostProcessR2013b 0000000180022128     libemlrt:libemlrt.dll
 0002:00000130       __imp_emlrtCreateStructMatrix 0000000180022130     libemlrt:libemlrt.dll
 0002:00000138       __imp_emlrtCreateString    0000000180022138     libemlrt:libemlrt.dll
 0002:00000140       __imp_emlrtDestroyRootTLS  0000000180022140     libemlrt:libemlrt.dll
 0002:00000148       __imp_emlrtFirstTimeR2012b 0000000180022148     libemlrt:libemlrt.dll
 0002:00000150       __imp_emlrtGetBreakCheckFlagAddressR2012b 0000000180022150     libemlrt:libemlrt.dll
 0002:00000158       __imp_emlrtEnterRtStackR2012b 0000000180022158     libemlrt:libemlrt.dll
 0002:00000160       __imp_emlrtClearAllocCountR2012b 0000000180022160     libemlrt:libemlrt.dll
 0002:00000168       __imp_emlrtCreateRootTLS   0000000180022168     libemlrt:libemlrt.dll
 0002:00000170       __imp_emlrtErrMsgIdAndTxt  0000000180022170     libemlrt:libemlrt.dll
 0002:00000178       __imp_emlrtReturnArrayR2009a 0000000180022178     libemlrt:libemlrt.dll
 0002:00000180       __imp_emlrtProtectR2012b   0000000180022180     libemlrt:libemlrt.dll
 0002:00000188       __imp_emlrtAliasP          0000000180022188     libemlrt:libemlrt.dll
 0002:00000190       __imp_emlrtAlias           0000000180022190     libemlrt:libemlrt.dll
 0002:00000198       __imp_emlrtCheckBuiltInR2012b 0000000180022198     libemlrt:libemlrt.dll
 0002:000001a0       __imp_emlrtDestroyArray    00000001800221a0     libemlrt:libemlrt.dll
 0002:000001a8       __imp_emlrtCreateDoubleScalar 00000001800221a8     libemlrt:libemlrt.dll
 0002:000001b0       __imp_emlrtCreateNumericArray 00000001800221b0     libemlrt:libemlrt.dll
 0002:000001b8       __imp_emlrtSetDimensions   00000001800221b8     libemlrt:libemlrt.dll
 0002:000001c0       __imp_emlrtAssign          00000001800221c0     libemlrt:libemlrt.dll
 0002:000001c8       __imp_emlrtErrorWithMessageIdR2012b 00000001800221c8     libemlrt:libemlrt.dll
 0002:000001d0       __imp_emlrtBreakCheckR2012b 00000001800221d0     libemlrt:libemlrt.dll
 0002:000001d8       __imp_emlrtLeaveRtStackR2012b 00000001800221d8     libemlrt:libemlrt.dll
 0002:000001e0       \177libemlrt_NULL_THUNK_DATA 00000001800221e0     libemlrt:libemlrt.dll
 0002:000001e8       __imp_mexAtExit            00000001800221e8     libmex:libmex.dll
 0002:000001f0       \177libmex_NULL_THUNK_DATA 00000001800221f0     libmex:libmex.dll
 0002:000001f8       __imp_muDoubleScalarFloor  00000001800221f8     libmwmathutil:libmwmathutil.dll
 0002:00000200       __imp_muDoubleScalarRound  0000000180022200     libmwmathutil:libmwmathutil.dll
 0002:00000208       __imp_muDoubleScalarIsInf  0000000180022208     libmwmathutil:libmwmathutil.dll
 0002:00000210       __imp_muDoubleScalarIsNaN  0000000180022210     libmwmathutil:libmwmathutil.dll
 0002:00000218       __imp_muDoubleScalarTan    0000000180022218     libmwmathutil:libmwmathutil.dll
 0002:00000220       __imp_muDoubleScalarExp    0000000180022220     libmwmathutil:libmwmathutil.dll
 0002:00000228       __imp_muDoubleScalarAtan   0000000180022228     libmwmathutil:libmwmathutil.dll
 0002:00000230       __imp_muDoubleScalarAsin   0000000180022230     libmwmathutil:libmwmathutil.dll
 0002:00000238       __imp_muDoubleScalarSinh   0000000180022238     libmwmathutil:libmwmathutil.dll
 0002:00000240       __imp_muDoubleScalarSin    0000000180022240     libmwmathutil:libmwmathutil.dll
 0002:00000248       __imp_muDoubleScalarLog    0000000180022248     libmwmathutil:libmwmathutil.dll
 0002:00000250       __imp_muDoubleScalarAtan2  0000000180022250     libmwmathutil:libmwmathutil.dll
 0002:00000258       __imp_muDoubleScalarPower  0000000180022258     libmwmathutil:libmwmathutil.dll
 0002:00000260       __imp_muDoubleScalarMin    0000000180022260     libmwmathutil:libmwmathutil.dll
 0002:00000268       __imp_muDoubleScalarMax    0000000180022268     libmwmathutil:libmwmathutil.dll
 0002:00000270       __imp_muDoubleScalarSqrt   0000000180022270     libmwmathutil:libmwmathutil.dll
 0002:00000278       __imp_muDoubleScalarSign   0000000180022278     libmwmathutil:libmwmathutil.dll
 0002:00000280       __imp_muDoubleScalarAbs    0000000180022280     libmwmathutil:libmwmathutil.dll
 0002:00000288       __imp_muDoubleScalarCos    0000000180022288     libmwmathutil:libmwmathutil.dll
 0002:00000290       __imp_muDoubleScalarAcos   0000000180022290     libmwmathutil:libmwmathutil.dll
 0002:00000298       \177libmwmathutil_NULL_THUNK_DATA 0000000180022298     libmwmathutil:libmwmathutil.dll
 0002:000002a0       __imp_mxCreateStructMatrix_700 00000001800222a0     libmx:libmx.dll
 0002:000002a8       __imp_mxCreateLogicalMatrix_700 00000001800222a8     libmx:libmx.dll
 0002:000002b0       __imp_mxCreateString       00000001800222b0     libmx:libmx.dll
 0002:000002b8       __imp_mxSetFieldByNumber_700 00000001800222b8     libmx:libmx.dll
 0002:000002c0       __imp_mxCreateDoubleScalar 00000001800222c0     libmx:libmx.dll
 0002:000002c8       __imp_mxMalloc             00000001800222c8     libmx:libmx.dll
 0002:000002d0       __imp_mxGetData            00000001800222d0     libmx:libmx.dll
 0002:000002d8       __imp_mxSetData            00000001800222d8     libmx:libmx.dll
 0002:000002e0       __imp_mxGetNaN             00000001800222e0     libmx:libmx.dll
 0002:000002e8       __imp_mxGetInf             00000001800222e8     libmx:libmx.dll
 0002:000002f0       \177libmx_NULL_THUNK_DATA  00000001800222f0     libmx:libmx.dll
 0002:000002f8       __xc_a                     00000001800222f8     MSVCRT:cinitexe.obj
 0002:00000300       __xc_z                     0000000180022300     MSVCRT:cinitexe.obj
 0002:00000308       __xi_a                     0000000180022308     MSVCRT:cinitexe.obj
 0002:00000318       __xi_z                     0000000180022318     MSVCRT:cinitexe.obj
 0002:00000320       ??_C@_0EC@CDDNNGBD@C?3?2Program?5Files?2MATLAB?2R2014b?2t@ 0000000180022320     lambert_data.obj
 0002:00000364       ??_C@_05PLIADJJL@power?$AA@ 0000000180022364     lambert_data.obj
 0002:00000370       ??_C@_0ID@NGFEKHBL@C?3?2Users?2Adam?2Dropbox?2Documents?2@ 0000000180022370     lambert_data.obj
 0002:000003f8       ??_C@_07HHBOONGH@lambert?$AA@ 00000001800223f8     lambert_data.obj
 0002:00000400       ??_C@_0ED@ELFDKHBC@C?3?2Program?5Files?2MATLAB?2R2014b?2t@ 0000000180022400     lambert_data.obj
 0002:00000444       ??_C@_04FIHNOPOL@asin?$AA@ 0000000180022444     lambert_data.obj
 0002:00000450       ??_C@_0EC@DGOPMHKI@C?3?2Program?5Files?2MATLAB?2R2014b?2t@ 0000000180022450     lambert_data.obj
 0002:00000494       ??_C@_03MGHMBJCF@log?$AA@  0000000180022494     lambert_data.obj
 0002:000004a0       ??_C@_0ED@NOEOJKJG@C?3?2Program?5Files?2MATLAB?2R2014b?2t@ 00000001800224a0     lambert_data.obj
 0002:000004e4       ??_C@_04EIAKFFMI@sqrt?$AA@ 00000001800224e4     lambert_data.obj
 0002:000004f0       ??_C@_0ED@JHDCFGGL@C?3?2Program?5Files?2MATLAB?2R2014b?2t@ 00000001800224f0     lambert.obj
 0002:00000534       ??_C@_06DNEPGKGD@mpower?$AA@ 0000000180022534     lambert.obj
 0002:00000678       __real@400921fb54442d18    0000000180022678     lambert.obj
 0002:00000680       __real@bff0000000000000    0000000180022680     lambert.obj
 0002:00000688       __real@3ff0000000000000    0000000180022688     lambert.obj
 0002:00000690       __real@3ff5555555555555    0000000180022690     lambert.obj
 0002:000006a0       __mask@@NegDouble@         00000001800226a0     lambert.obj
 0002:000006b0       __real@3f847ae147ae147b    00000001800226b0     lambert.obj
 0002:000006b8       __real@4008000000000000    00000001800226b8     lambert.obj
 0002:000006c0       __real@bfeffffffffffffe    00000001800226c0     lambert.obj
 0002:000006c8       __real@4000000000000000    00000001800226c8     lambert.obj
 0002:000006d0       __real@c010000000000000    00000001800226d0     lambert.obj
 0002:000006d8       __real@4020000000000000    00000001800226d8     lambert.obj
 0002:000006e0       __real@4010000000000000    00000001800226e0     lambert.obj
 0002:000006e8       __real@4001c71c71c71c72    00000001800226e8     lambert.obj
 0002:000006f0       __real@4022000000000000    00000001800226f0     lambert.obj
 0002:000006f8       __real@3ffb6db6db6db6db    00000001800226f8     lambert.obj
 0002:00000700       __real@3fe999999999999a    0000000180022700     lambert.obj
 0002:00000708       __real@401c000000000000    0000000180022708     lambert.obj
 0002:00000710       __real@4014000000000000    0000000180022710     lambert.obj
 0002:00000718       __real@3fceb851eb851eb8    0000000180022718     lambert.obj
 0002:00000720       __real@3ff8000000000000    0000000180022720     lambert.obj
 0002:00000728       __real@3fc3333333333333    0000000180022728     lambert.obj
 0002:00000730       __real@3fe0000000000000    0000000180022730     lambert.obj
 0002:00000738       __real@3fc0000000000000    0000000180022738     lambert.obj
 0002:00000740       __real@4022d97c7f3321d2    0000000180022740     lambert.obj
 0002:00000748       __real@3f9eb851eb851eb8    0000000180022748     lambert.obj
 0002:00000750       __real@3ffb333333333333    0000000180022750     lambert.obj
 0002:00000758       __real@3d719799812dea11    0000000180022758     lambert.obj
 0002:00000760       __real@401921fb54442d18    0000000180022760     lambert.obj
 0002:00000768       __real@c000000000000000    0000000180022768     lambert.obj
 0002:00000770       __real@3d06849b86a12b9b    0000000180022770     lambert.obj
 0002:00000778       __real@3fe0bfb15b573eab    0000000180022778     lambert.obj
 0002:00000780       __real@3fe72617c1bda512    0000000180022780     lambert.obj
 0002:00000788       __real@bfcc985f06f69446    0000000180022788     lambert.obj
 0002:00000790       __real@bfe0bfb15b573eab    0000000180022790     lambert.obj
 0002:00000798       __real@3ff85f6fd21ff2e4    0000000180022798     lambert.obj
 0002:000007a0       __real@3fe0bedfa43fe5c9    00000001800227a0     lambert.obj
 0002:000007a8       __real@bfe0bedfa43fe5c9    00000001800227a8     lambert.obj
 0002:000007b0       __real@3fde8240b780346e    00000001800227b0     lambert.obj
 0002:000007b8       __real@40f5180000000000    00000001800227b8     lambert.obj
 0002:000007c0       ??_C@_0EG@IPAHLJIA@C?3?2Program?5Files?2MATLAB?2R2014b?2t@ 00000001800227c0     eml_error.obj
 0002:00000808       ??_C@_09JANBMANM@eml_error?$AA@ 0000000180022808     eml_error.obj
 0002:00000830       ??_C@_0BP@KBACPONM@Coder?3toolbox?3ElFunDomainError?$AA@ 0000000180022830     eml_error.obj
 0002:00000850       ??_C@_0CA@LCEEBFGJ@Coder?3toolbox?3power_domainError?$AA@ 0000000180022850     eml_error.obj
 0002:00000870       ??_C@_0ED@GFLGNPGL@C?3?2Program?5Files?2MATLAB?2R2014b?2t@ 0000000180022870     acos.obj
 0002:000008b4       ??_C@_04PDIFKINK@acos?$AA@ 00000001800228b4     acos.obj
 0002:000008c0       __real@3fb0000000000000    00000001800228c0     power.obj
 0002:000008d0       ??_C@_0EP@DHFIAEID@C?3?2Program?5Files?2MATLAB?2R2014b?2t@ 00000001800228d0     acosh.obj
 0002:00000920       ??_C@_0BB@GLHBAD@eml_scalar_acosh?$AA@ 0000000180022920     acosh.obj
 0002:00000940       ??_C@_0EE@MGPFCPJN@C?3?2Program?5Files?2MATLAB?2R2014b?2t@ 0000000180022940     acosh.obj
 0002:00000984       ??_C@_05MLNBFPMN@acosh?$AA@ 0000000180022984     acosh.obj
 0002:00000990       __real@3cb0000000000000    0000000180022990     acosh.obj
 0002:00000998       __real@4330000000000000    0000000180022998     acosh.obj
 0002:000009a0       __real@3fe62e42fefa39ef    00000001800229a0     acosh.obj
 0002:000009a8       __real@41b0000000000000    00000001800229a8     acosh.obj
 0002:000009b0       __real@0000000000000000    00000001800229b0     mod.obj
 0002:000009d8       ??_C@_06BNJCAIGJ@double?$AA@ 00000001800229d8     _coder_lambert_api.obj
 0002:000009e0       ??_C@_03JOJJLJEA@muC?$AA@  00000001800229e0     _coder_lambert_api.obj
 0002:000009e4       ??_C@_01GOHFPIOK@m?$AA@    00000001800229e4     _coder_lambert_api.obj
 0002:000009e8       ??_C@_02GAOBCKEA@tf?$AA@   00000001800229e8     _coder_lambert_api.obj
 0002:000009ec       ??_C@_05JNKONHJP@r2vec?$AA@ 00000001800229ec     _coder_lambert_api.obj
 0002:000009f4       ??_C@_05NKAOKNEP@r1vec?$AA@ 00000001800229f4     _coder_lambert_api.obj
 0002:00000a00       ??_C@_0CF@OIONOIOI@EMLRT?3runTime?3TooManyOutputArgum@ 0000000180022a00     _coder_lambert_mex.obj
 0002:00000a28       ??_C@_0CC@IMHDKEMC@EMLRT?3runTime?3WrongNumberOfInput@ 0000000180022a28     _coder_lambert_mex.obj
 0002:00000a50       ??_C@_0DH@EDFPKIIH@?$FLILXE?$FN$matlabroot$?1toolbox?1eml?1l@ 0000000180022a50     _coder_lambert_info.obj
 0002:00000a88       ??_C@_0DH@ENKDODGN@?$FLILXE?$FN$matlabroot$?1toolbox?1eml?1l@ 0000000180022a88     _coder_lambert_info.obj
 0002:00000ac0       ??_C@_04HHGHLBPI@sign?$AA@ 0000000180022ac0     _coder_lambert_info.obj
 0002:00000ac8       ??_C@_0DH@IOHKIJGP@?$FLILXE?$FN$matlabroot$?1toolbox?1eml?1l@ 0000000180022ac8     _coder_lambert_info.obj
 0002:00000b00       ??_C@_0DI@EMINNGDL@?$FLILXE?$FN$matlabroot$?1toolbox?1eml?1l@ 0000000180022b00     _coder_lambert_info.obj
 0002:00000b38       ??_C@_03LJAEFNNE@max?$AA@  0000000180022b38     _coder_lambert_info.obj
 0002:00000b40       ??_C@_0DI@JIPJFLJ@?$FLILXE?$FN$matlabroot$?1toolbox?1eml?1l@ 0000000180022b40     _coder_lambert_info.obj
 0002:00000b78       ??_C@_03KLIPLJLL@min?$AA@  0000000180022b78     _coder_lambert_info.obj
 0002:00000b80       ??_C@_0DJ@PBLDDNNK@?$FLILXE?$FN$matlabroot$?1toolbox?1eml?1l@ 0000000180022b80     _coder_lambert_info.obj
 0002:00000bbc       ??_C@_06CFKOHMKF@intmax?$AA@ 0000000180022bbc     _coder_lambert_info.obj
 0002:00000bc4       ??_C@_05PBJFFIGL@floor?$AA@ 0000000180022bc4     _coder_lambert_info.obj
 0002:00000bd0       ??_C@_0FA@DFCKBKBF@?$FLILXE?$FN$matlabroot$?1toolbox?1share@ 0000000180022bd0     _coder_lambert_info.obj
 0002:00000c20       ??_C@_0BO@PIJLCKFJ@coder?4internal?4assertValidDim?$AA@ 0000000180022c20     _coder_lambert_info.obj
 0002:00000c40       ??_C@_0EF@MJHDOJL@?$FLILXE?$FN$matlabroot$?1toolbox?1eml?1l@ 0000000180022c40     _coder_lambert_info.obj
 0002:00000c88       ??_C@_0BF@ILCPNKP@eml_assert_valid_dim?$AA@ 0000000180022c88     _coder_lambert_info.obj
 0002:00000ca0       ??_C@_0DK@OBAOMNNN@?$FLILXE?$FN$matlabroot$?1toolbox?1eml?1l@ 0000000180022ca0     _coder_lambert_info.obj
 0002:00000cdc       ??_C@_05HCKPILGO@cross?$AA@ 0000000180022cdc     _coder_lambert_info.obj
 0002:00000cf0       ??_C@_0EC@NFHIFAKL@?$FLILXE?$FN$matlabroot$?1toolbox?1eml?1l@ 0000000180022cf0     _coder_lambert_info.obj
 0002:00000d38       ??_C@_0BC@CHEDBFHF@eml_mtimes_helper?$AA@ 0000000180022d38     _coder_lambert_info.obj
 0002:00000d50       ??_C@_0KB@OMBJFHIC@?$FLE?$FNC?3?1Users?1Adam?1Dropbox?1Documen@ 0000000180022d50     _coder_lambert_info.obj
 0002:00000e00       ??_C@_0EC@HDEHJIPD@?$FLILXE?$FN$matlabroot$?1toolbox?1eml?1l@ 0000000180022e00     _coder_lambert_info.obj
 0002:00000e48       ??_C@_0BA@PFHBGPEB@eml_scalar_sinh?$AA@ 0000000180022e48     _coder_lambert_info.obj
 0002:00000e58       ??_C@_0DH@GFNINOMA@?$FLILXE?$FN$matlabroot$?1toolbox?1eml?1l@ 0000000180022e58     _coder_lambert_info.obj
 0002:00000e90       ??_C@_04COOMCNPB@sinh?$AA@ 0000000180022e90     _coder_lambert_info.obj
 0002:00000ea0       ??_C@_0ED@FHECPFGC@?$FLILXE?$FN$matlabroot$?1toolbox?1eml?1l@ 0000000180022ea0     _coder_lambert_info.obj
 0002:00000ee8       ??_C@_0BB@FBBOIJHO@eml_scalar_asinh?$AA@ 0000000180022ee8     _coder_lambert_info.obj
 0002:00000f00       ??_C@_0DI@OIIEALDC@?$FLILXE?$FN$matlabroot$?1toolbox?1eml?1l@ 0000000180022f00     _coder_lambert_info.obj
 0002:00000f38       ??_C@_05JKKEKHLA@asinh?$AA@ 0000000180022f38     _coder_lambert_info.obj
 0002:00000f40       ??_C@_0DI@NOGOOKFE@?$FLILXE?$FN$matlabroot$?1toolbox?1eml?1l@ 0000000180022f40     _coder_lambert_info.obj
 0002:00000f78       ??_C@_05LGCGPNNP@isnan?$AA@ 0000000180022f78     _coder_lambert_info.obj
 0002:00000f80       ??_C@_0DI@IEIPGFNC@?$FLILXE?$FN$matlabroot$?1toolbox?1eml?1l@ 0000000180022f80     _coder_lambert_info.obj
 0002:00000fb8       ??_C@_05OIHEAIFD@isinf?$AA@ 0000000180022fb8     _coder_lambert_info.obj
 0002:00000fc0       ??_C@_0FC@OMKEPILP@?$FLILXE?$FN$matlabroot$?1toolbox?1share@ 0000000180022fc0     _coder_lambert_info.obj
 0002:00001018       ??_C@_0CA@GGIPMLJM@coder?4internal?4isBuiltInNumeric?$AA@ 0000000180023018     _coder_lambert_info.obj
 0002:00001038       ??_C@_0DL@JMMGNODA@?$FLILXE?$FN$matlabroot$?1toolbox?1eml?1l@ 0000000180023038     _coder_lambert_info.obj
 0002:00001078       ??_C@_08CHCKEDFL@isfinite?$AA@ 0000000180023078     _coder_lambert_info.obj
 0002:00001088       ??_C@_0DI@PBKCBADP@?$FLILXE?$FN$matlabroot$?1toolbox?1eml?1l@ 0000000180023088     _coder_lambert_info.obj
 0002:000010c0       ??_C@_07HBNJHBAD@eml_eps?$AA@ 00000001800230c0     _coder_lambert_info.obj
 0002:000010c8       ??_C@_0DG@KPMKIFH@?$FLILXE?$FN$matlabroot$?1toolbox?1eml?1l@ 00000001800230c8     _coder_lambert_info.obj
 0002:00001100       ??_C@_03ICKAGFLH@eps?$AA@  0000000180023100     _coder_lambert_info.obj
 0002:00001108       ??_C@_0DG@GPPKOLMK@?$FLILXE?$FN$matlabroot$?1toolbox?1eml?1l@ 0000000180023108     _coder_lambert_info.obj
 0002:00001140       ??_C@_03BCGAIFPO@abs?$AA@  0000000180023140     _coder_lambert_info.obj
 0002:00001150       ??_C@_0ED@HJNNFABD@?$FLILXE?$FN$matlabroot$?1toolbox?1eml?1l@ 0000000180023150     _coder_lambert_info.obj
 0002:00001198       ??_C@_0BB@ENLEGGME@eml_scalar_log1p?$AA@ 0000000180023198     _coder_lambert_info.obj
 0002:000011b0       ??_C@_0DH@DFICMMJC@?$FLILXE?$FN$matlabroot$?1toolbox?1eml?1l@ 00000001800231b0     _coder_lambert_info.obj
 0002:000011f0       ??_C@_0ED@NGEOFMII@?$FLILXE?$FN$matlabroot$?1toolbox?1eml?1l@ 00000001800231f0     _coder_lambert_info.obj
 0002:00001238       ??_C@_0BD@EACIBKCB@eml_is_float_class?$AA@ 0000000180023238     _coder_lambert_info.obj
 0002:00001250       ??_C@_0EA@LAHNEJPA@?$FLILXE?$FN$matlabroot$?1toolbox?1eml?1l@ 0000000180023250     _coder_lambert_info.obj
 0002:00001290       ??_C@_0BA@JIOKGPOE@eml_guarded_nan?$AA@ 0000000180023290     _coder_lambert_info.obj
 0002:000012a0       ??_C@_0ED@HOLFNJIC@?$FLILXE?$FN$matlabroot$?1toolbox?1eml?1l@ 00000001800232a0     _coder_lambert_info.obj
 0002:000012e8       ??_C@_0DI@MBHDCHNC@?$FLILXE?$FN$matlabroot$?1toolbox?1eml?1l@ 00000001800232e8     _coder_lambert_info.obj
 0002:00001320       ??_C@_0EC@JLHFMMFM@?$FLILXE?$FN$matlabroot$?1toolbox?1eml?1l@ 0000000180023320     _coder_lambert_info.obj
 0002:00001368       ??_C@_0BA@BACEMEFK@eml_scalar_atan?$AA@ 0000000180023368     _coder_lambert_info.obj
 0002:00001378       ??_C@_0DH@INOKIKGP@?$FLILXE?$FN$matlabroot$?1toolbox?1eml?1l@ 0000000180023378     _coder_lambert_info.obj
 0002:000013b0       ??_C@_04MLLJIGOK@atan?$AA@ 00000001800233b0     _coder_lambert_info.obj
 0002:000013c0       ??_C@_0EB@DPAHPPMO@?$FLILXE?$FN$matlabroot$?1toolbox?1eml?1l@ 00000001800233c0     _coder_lambert_info.obj
 0002:00001408       ??_C@_0P@IBBFABOG@eml_scalar_exp?$AA@ 0000000180023408     _coder_lambert_info.obj
 0002:00001418       ??_C@_0DG@MMIOIJBB@?$FLILXE?$FN$matlabroot$?1toolbox?1eml?1l@ 0000000180023418     _coder_lambert_info.obj
 0002:00001450       ??_C@_03KHJOGHMM@exp?$AA@  0000000180023450     _coder_lambert_info.obj
 0002:00001460       ??_C@_0EB@HMOIANG@?$FLILXE?$FN$matlabroot$?1toolbox?1eml?1l@ 0000000180023460     _coder_lambert_info.obj
 0002:000014a8       ??_C@_0P@DNMCPPDN@eml_scalar_sin?$AA@ 00000001800234a8     _coder_lambert_info.obj
 0002:000014b8       ??_C@_0DG@PEEHPGAJ@?$FLILXE?$FN$matlabroot$?1toolbox?1eml?1l@ 00000001800234b8     _coder_lambert_info.obj
 0002:000014f0       ??_C@_03BLEJJJBH@sin?$AA@  00000001800234f0     _coder_lambert_info.obj
 0002:00001500       ??_C@_0EP@LONMACPJ@?$FLILXE?$FN$matlabroot$?1toolbox?1eml?1l@ 0000000180023500     _coder_lambert_info.obj
 0002:0000154f       ??_C@_00CNPNBAHC@?$AA@     000000018002354f     _coder_lambert_info.obj
 0002:00001550       ??_C@_0BP@OEONONCM@eml_int_forloop_overflow_check?$AA@ 0000000180023550     _coder_lambert_info.obj
 0002:00001570       ??_C@_0FA@HLMNPFDP@?$FLILXE?$FN$matlabroot$?1toolbox?1eml?1l@ 0000000180023570     _coder_lambert_info.obj
 0002:000015c0       ??_C@_0EC@LGAALHCF@?$FLILXE?$FN$matlabroot$?1toolbox?1eml?1l@ 00000001800235c0     _coder_lambert_info.obj
 0002:00001608       ??_C@_0BA@IDOAKNFL@eml_scalar_asin?$AA@ 0000000180023608     _coder_lambert_info.obj
 0002:00001618       ??_C@_0DH@KAJPPBBG@?$FLILXE?$FN$matlabroot$?1toolbox?1eml?1l@ 0000000180023618     _coder_lambert_info.obj
 0002:00001650       ??_C@_0DI@ECPGNJBG@?$FLILXE?$FN$matlabroot$?1toolbox?1eml?1l@ 0000000180023650     _coder_lambert_info.obj
 0002:00001688       ??_C@_07EDECNBOH@rdivide?$AA@ 0000000180023688     _coder_lambert_info.obj
 0002:00001690       ??_C@_0DG@PFPDNIHA@?$FLILXE?$FN$matlabroot$?1toolbox?1eml?1l@ 0000000180023690     _coder_lambert_info.obj
 0002:000016d0       ??_C@_0EB@CKLLPLKP@?$FLILXE?$FN$matlabroot$?1toolbox?1eml?1l@ 00000001800236d0     _coder_lambert_info.obj
 0002:00001718       ??_C@_0P@KOAGJGDM@eml_scalar_tan?$AA@ 0000000180023718     _coder_lambert_info.obj
 0002:00001728       ??_C@_0DG@NJDCINHA@?$FLILXE?$FN$matlabroot$?1toolbox?1eml?1l@ 0000000180023728     _coder_lambert_info.obj
 0002:00001760       ??_C@_03IIINPABG@tan?$AA@  0000000180023760     _coder_lambert_info.obj
 0002:00001768       ??_C@_0DJ@LGGCAFOA@?$FLILXE?$FN$matlabroot$?1toolbox?1eml?1l@ 0000000180023768     _coder_lambert_info.obj
 0002:000017a8       ??_C@_08GNEFHMND@mrdivide?$AA@ 00000001800237a8     _coder_lambert_info.obj
 0002:000017c0       ??_C@_0EA@BFEKENJA@?$FLILXE?$FN$matlabroot$?1toolbox?1eml?1l@ 00000001800237c0     _coder_lambert_info.obj
 0002:00001800       ??_C@_0BA@PBHEJPIB@eml_float_model?$AA@ 0000000180023800     _coder_lambert_info.obj
 0002:00001810       ??_C@_0DM@MEJDDAEB@?$FLILXE?$FN$matlabroot$?1toolbox?1eml?1l@ 0000000180023810     _coder_lambert_info.obj
 0002:00001850       ??_C@_0M@GIFFNMF@eml_realmax?$AA@ 0000000180023850     _coder_lambert_info.obj
 0002:00001860       ??_C@_0DK@PPBLBLEL@?$FLILXE?$FN$matlabroot$?1toolbox?1eml?1l@ 0000000180023860     _coder_lambert_info.obj
 0002:000018a0       ??_C@_07FFPDOOLN@realmax?$AA@ 00000001800238a0     _coder_lambert_info.obj
 0002:000018b0       ??_C@_0EB@HAGIKLC@?$FLILXE?$FN$matlabroot$?1toolbox?1eml?1l@ 00000001800238b0     _coder_lambert_info.obj
 0002:000018f8       ??_C@_0P@OAPHHPAP@eml_scalar_log?$AA@ 00000001800238f8     _coder_lambert_info.obj
 0002:00001908       ??_C@_0DK@JGMDEBEG@?$FLILXE?$FN$matlabroot$?1toolbox?1eml?1l@ 0000000180023908     _coder_lambert_info.obj
 0002:00001944       ??_C@_04ENMBGAPA@char?$AA@ 0000000180023944     _coder_lambert_info.obj
 0002:00001950       ??_C@_0DG@PEIPPMGN@?$FLILXE?$FN$matlabroot$?1toolbox?1eml?1l@ 0000000180023950     _coder_lambert_info.obj
 0002:00001990       ??_C@_0EB@CJCLPIKP@?$FLILXE?$FN$matlabroot$?1toolbox?1eml?1l@ 0000000180023990     _coder_lambert_info.obj
 0002:000019d8       ??_C@_0P@JGDKLIAM@eml_scalar_cos?$AA@ 00000001800239d8     _coder_lambert_info.obj
 0002:000019e8       ??_C@_0DG@NKKCIOHA@?$FLILXE?$FN$matlabroot$?1toolbox?1eml?1l@ 00000001800239e8     _coder_lambert_info.obj
 0002:00001a20       ??_C@_03LALBNOCG@cos?$AA@  0000000180023a20     _coder_lambert_info.obj
 0002:00001a30       ??_C@_0IG@KODCMOLI@?$FLE?$FNC?3?1Users?1Adam?1Dropbox?1Documen@ 0000000180023a30     _coder_lambert_info.obj
 0002:00001ab8       ??_C@_0DO@FIFFNPJ@?$FLILXE?$FN$matlabroot$?1toolbox?1eml?1l@ 0000000180023ab8     _coder_lambert_info.obj
 0002:00001af8       ??_C@_0O@DGEIFEHG@eml_scalar_eg?$AA@ 0000000180023af8     _coder_lambert_info.obj
 0002:00001b10       ??_C@_0EJ@ICIFOOJM@?$FLILXE?$FN$matlabroot$?1toolbox?1eml?1l@ 0000000180023b10     _coder_lambert_info.obj
 0002:00001b5c       ??_C@_03ONJNNIPF@lhs?$AA@  0000000180023b5c     _coder_lambert_info.obj
 0002:00001b60       ??_C@_03FNFLPIFJ@rhs?$AA@  0000000180023b60     _coder_lambert_info.obj
 0002:00001b68       ??_C@_0M@FMAJFPGC@mFileTimeHi?$AA@ 0000000180023b68     _coder_lambert_info.obj
 0002:00001b78       ??_C@_0M@NFKFADI@mFileTimeLo?$AA@ 0000000180023b78     _coder_lambert_info.obj
 0002:00001b88       ??_C@_0L@HMDKMKNA@fileTimeHi?$AA@ 0000000180023b88     _coder_lambert_info.obj
 0002:00001b98       ??_C@_0L@CNGJMFIK@fileTimeLo?$AA@ 0000000180023b98     _coder_lambert_info.obj
 0002:00001ba8       ??_C@_08CGJBBLIA@resolved?$AA@ 0000000180023ba8     _coder_lambert_info.obj
 0002:00001bc0       ??_C@_0ED@BIIMGNAK@?$FLILXE?$FN$matlabroot$?1toolbox?1eml?1l@ 0000000180023bc0     _coder_lambert_info.obj
 0002:00001c08       ??_C@_0N@IGLAPNJK@dominantType?$AA@ 0000000180023c08     _coder_lambert_info.obj
 0002:00001c18       ??_C@_04MEMAJGDJ@name?$AA@ 0000000180023c18     _coder_lambert_info.obj
 0002:00001c20       ??_C@_0BB@DKCPHGKF@eml_scalar_floor?$AA@ 0000000180023c20     _coder_lambert_info.obj
 0002:00001c38       ??_C@_07JKKCBBMM@context?$AA@ 0000000180023c38     _coder_lambert_info.obj
 0002:00001c40       ??_C@_0DI@KHEKJDFK@?$FLILXE?$FN$matlabroot$?1toolbox?1eml?1l@ 0000000180023c40     _coder_lambert_info.obj
 0002:00001c80       ??_C@_0JH@PLLLIJJD@?$FLE?$FNC?3?1Users?1Adam?1Dropbox?1Documen@ 0000000180023c80     _coder_lambert_info.obj
 0002:00001d20       ??_C@_0EB@JMHDJNBF@?$FLILXE?$FN$matlabroot$?1toolbox?1eml?1l@ 0000000180023d20     _coder_lambert_info.obj
 0002:00001d68       ??_C@_0P@DEOLODNE@eml_scalar_abs?$AA@ 0000000180023d68     _coder_lambert_info.obj
 0002:00001d80       ??_C@_0ED@DLMKEIEI@?$FLILXE?$FN$matlabroot$?1toolbox?1eml?1l@ 0000000180023d80     _coder_lambert_info.obj
 0002:00001dc8       ??_C@_0BB@MHDGCEOD@eml_scalar_round?$AA@ 0000000180023dc8     _coder_lambert_info.obj
 0002:00001de0       ??_C@_0DP@MAHEJPGM@?$FLILXE?$FN$matlabroot$?1toolbox?1eml?1l@ 0000000180023de0     _coder_lambert_info.obj
 0002:00001e20       ??_C@_0DG@CNGGIACG@?$FLILXE?$FN$matlabroot$?1toolbox?1eml?1l@ 0000000180023e20     _coder_lambert_info.obj
 0002:00001e58       ??_C@_03FFONCNID@mod?$AA@  0000000180023e58     _coder_lambert_info.obj
 0002:00001e60       ??_C@_07EIHKFOOB@logical?$AA@ 0000000180023e60     _coder_lambert_info.obj
 0002:00001e70       ??_C@_0FA@MPDEEPKJ@?$FLILXE?$FN$matlabroot$?1toolbox?1eml?1l@ 0000000180023e70     _coder_lambert_info.obj
 0002:00001ec0       ??_C@_0ED@NKAGKGEH@?$FLILXE?$FN$matlabroot$?1toolbox?1eml?1l@ 0000000180023ec0     _coder_lambert_info.obj
 0002:00001f08       ??_C@_0BB@GGNOMIFP@eml_scalar_atan2?$AA@ 0000000180023f08     _coder_lambert_info.obj
 0002:00001f20       ??_C@_0EC@EDKCHFKG@?$FLILXE?$FN$matlabroot$?1toolbox?1eml?1l@ 0000000180023f20     _coder_lambert_info.obj
 0002:00001f68       ??_C@_0BC@JEELAMCJ@eml_scalexp_alloc?$AA@ 0000000180023f68     _coder_lambert_info.obj
 0002:00001f80       ??_C@_0DI@GFMAFIBH@?$FLILXE?$FN$matlabroot$?1toolbox?1eml?1l@ 0000000180023f80     _coder_lambert_info.obj
 0002:00001fb8       ??_C@_05KNGEOGJB@atan2?$AA@ 0000000180023fb8     _coder_lambert_info.obj
 0002:00001fc0       ??_C@_0DP@JAKKLAFJ@?$FLILXE?$FN$matlabroot$?1toolbox?1eml?1l@ 0000000180023fc0     _coder_lambert_info.obj
 0002:00002000       ??_C@_0EA@GLIAMHNI@?$FLILXE?$FN$matlabroot$?1toolbox?1eml?1l@ 0000000180024000     _coder_lambert_info.obj
 0002:00002040       ??_C@_0BA@LGKKDMEL@eml_index_class?$AA@ 0000000180024040     _coder_lambert_info.obj
 0002:00002050       ??_C@_0EG@GHMPLCPF@?$FLILXE?$FN$matlabroot$?1toolbox?1eml?1l@ 0000000180024050     _coder_lambert_info.obj
 0002:000020a0       ??_C@_0EB@GIBPKMLK@?$FLILXE?$FN$matlabroot$?1toolbox?1eml?1l@ 00000001800240a0     _coder_lambert_info.obj
 0002:000020e8       ??_C@_0DL@FOKLCAHN@?$FLILXE?$FN$matlabroot$?1toolbox?1eml?1l@ 00000001800240e8     _coder_lambert_info.obj
 0002:00002128       ??_C@_08PGPGPKKP@flintmax?$AA@ 0000000180024128     _coder_lambert_info.obj
 0002:00002140       ??_C@_0EG@FLKBNECK@?$FLILXE?$FN$matlabroot$?1toolbox?1eml?1l@ 0000000180024140     _coder_lambert_info.obj
 0002:00002190       ??_C@_0EF@JMJLIMBF@?$FLILXE?$FN$matlabroot$?1toolbox?1eml?1l@ 0000000180024190     _coder_lambert_info.obj
 0002:000021d8       ??_C@_0DG@DOKJOMGG@?$FLILXE?$FN$matlabroot$?1toolbox?1eml?1l@ 00000001800241d8     _coder_lambert_info.obj
 0002:00002210       ??_C@_05BCDKEBLL@colon?$AA@ 0000000180024210     _coder_lambert_info.obj
 0002:00002220       ??_C@_0IN@MFCHNLFF@?$FLE?$FNC?3?1Users?1Adam?1Dropbox?1Documen@ 0000000180024220     _coder_lambert_info.obj
 0002:000022b0       ??_C@_0JJ@MBANDHAB@?$FLE?$FNC?3?1Users?1Adam?1Dropbox?1Documen@ 00000001800242b0     _coder_lambert_info.obj
 0002:00002350       ??_C@_0DL@FNMKLGPB@?$FLILXE?$FN$matlabroot$?1toolbox?1eml?1l@ 0000000180024350     _coder_lambert_info.obj
 0002:00002390       ??_C@_08IPKEJGEO@ismatrix?$AA@ 0000000180024390     _coder_lambert_info.obj
 0002:000023a0       ??_C@_0EC@FLDMKFFO@?$FLILXE?$FN$matlabroot$?1toolbox?1eml?1l@ 00000001800243a0     _coder_lambert_info.obj
 0002:000023e8       ??_C@_0BA@KMPKPDEI@eml_scalar_sign?$AA@ 00000001800243e8     _coder_lambert_info.obj
 0002:00002400       ??_C@_0EC@JIOFMPFM@?$FLILXE?$FN$matlabroot$?1toolbox?1eml?1l@ 0000000180024400     _coder_lambert_info.obj
 0002:00002448       ??_C@_0BA@CIBIOKGK@eml_scalar_acos?$AA@ 0000000180024448     _coder_lambert_info.obj
 0002:00002460       ??_C@_0FH@BDMJPNAA@?$FLILXE?$FN$matlabroot$?1toolbox?1eml?1l@ 0000000180024460     _coder_lambert_info.obj
 0002:000024c0       ??_C@_0EH@NKKKFOFD@?$FLILXE?$FN$matlabroot$?1toolbox?1coder@ 00000001800244c0     _coder_lambert_info.obj
 0002:00002508       ??_C@_0BM@OMMFNHB@coder?4internal?4scalexpAlloc?$AA@ 0000000180024508     _coder_lambert_info.obj
 0002:00002528       ??_C@_0DP@JHLGJKEB@?$FLILXE?$FN$matlabroot$?1toolbox?1eml?1l@ 0000000180024528     _coder_lambert_info.obj
 0002:00002568       ??_C@_0P@PAOJKEOI@eml_min_or_max?$AA@ 0000000180024568     _coder_lambert_info.obj
 0002:00002578       ??_C@_0DO@HJMJNACA@?$FLILXE?$FN$matlabroot$?1toolbox?1coder@ 0000000180024578     _coder_lambert_info.obj
 0002:000025b8       ??_C@_0BD@JLGMKPKJ@coder?4internal?4div?$AA@ 00000001800245b8     _coder_lambert_info.obj
 0002:000025d0       ??_C@_0DI@GANAMGFL@?$FLILXE?$FN$matlabroot$?1toolbox?1eml?1l@ 00000001800245d0     _coder_lambert_info.obj
 0002:00002608       ??_C@_07KHOFHKNM@eml_div?$AA@ 0000000180024608     _coder_lambert_info.obj
 0002:00002610       ??_C@_0EH@ELBOGDPJ@?$FLILXE?$FN$matlabroot$?1toolbox?1eml?1l@ 0000000180024610     _coder_lambert_info.obj
 0002:00002658       ??_C@_0BH@LFDIDDBI@eml_scalexp_compatible?$AA@ 0000000180024658     _coder_lambert_info.obj
 0002:00002670       ??_C@_0EI@KLLPIDAJ@?$FLILXE?$FN$matlabroot$?1toolbox?1share@ 0000000180024670     _coder_lambert_info.obj
 0002:000026b8       ??_C@_0BG@JDHJGNPG@coder?4internal?4assert?$AA@ 00000001800246b8     _coder_lambert_info.obj
 0002:000026d0       ??_C@_0EC@CDBNIKKB@?$FLILXE?$FN$matlabroot$?1toolbox?1eml?1l@ 00000001800246d0     _coder_lambert_info.obj
 0002:00002718       ??_C@_0BA@JDJHBHHI@eml_scalar_sqrt?$AA@ 0000000180024718     _coder_lambert_info.obj
 0002:00002728       ??_C@_0DJ@LELBHOFI@?$FLILXE?$FN$matlabroot$?1toolbox?1eml?1l@ 0000000180024728     _coder_lambert_info.obj
 0002:00002764       ??_C@_06DHCFJIMK@intmin?$AA@ 0000000180024764     _coder_lambert_info.obj
 0002:00002770       ??_C@_0DO@BLDIPFGE@?$FLILXE?$FN$matlabroot$?1toolbox?1eml?1l@ 0000000180024770     _coder_lambert_info.obj
 0002:000027b0       ??_C@_0O@FPCPFABD@isnumerictype?$AA@ 00000001800247b0     _coder_lambert_info.obj
 0002:000027c0       ??_C@_0DF@PPFGMPFN@?$FLILXE?$FN$matlabroot$?1toolbox?1eml?1l@ 00000001800247c0     _coder_lambert_info.obj
 0002:000027f8       ??_C@_04CMBAHFNA@isfi?$AA@ 00000001800247f8     _coder_lambert_info.obj
 0002:00002800       ??_C@_0HF@KHPAKDPE@?$FLILXE?$FN$matlabroot$?1toolbox?1eml?1l@ 0000000180024800     _coder_lambert_info.obj
 0002:00002880       ??_C@_0EL@MBIFDMAD@?$FLILXE?$FN$matlabroot$?1toolbox?1share@ 0000000180024880     _coder_lambert_info.obj
 0002:000028d0       ??_C@_0BJ@MCOHGMPE@coder?4internal?4indexPlus?$AA@ 00000001800248d0     _coder_lambert_info.obj
 0002:000028f0       ??_C@_0EM@NEHHOGAD@?$FLILXE?$FN$matlabroot$?1toolbox?1share@ 00000001800248f0     _coder_lambert_info.obj
 0002:00002940       ??_C@_0BI@MOBBIOAA@coder?4internal?4indexInt?$AA@ 0000000180024940     _coder_lambert_info.obj
 0002:00002958       ??_C@_0BK@GAHHJGII@coder?4internal?4indexTimes?$AA@ 0000000180024958     _coder_lambert_info.obj
 0002:00002980       ??_C@_0EM@FBPHCJCP@?$FLILXE?$FN$matlabroot$?1toolbox?1share@ 0000000180024980     _coder_lambert_info.obj
 0002:000029d0       ??_C@_0BK@EKDNMJEF@coder?4internal?4indexMinus?$AA@ 00000001800249d0     _coder_lambert_info.obj
 0002:000029f0       ??_C@_0EJ@BAIFOLPA@?$FLILXE?$FN$matlabroot$?1toolbox?1coder@ 00000001800249f0     _coder_lambert_info.obj
 0002:00002a40       ??_C@_0BN@GFLHNIJN@coder?4internal?4refblas?4xdotx?$AA@ 0000000180024a40     _coder_lambert_info.obj
 0002:00002a60       ??_C@_0EI@EDJNPJHO@?$FLILXE?$FN$matlabroot$?1toolbox?1coder@ 0000000180024a60     _coder_lambert_info.obj
 0002:00002aa8       ??_C@_0BM@FJNPKCFG@coder?4internal?4refblas?4xdot?$AA@ 0000000180024aa8     _coder_lambert_info.obj
 0002:00002ad0       ??_C@_0EC@LHGHJECH@?$FLILXE?$FN$matlabroot$?1toolbox?1eml?1l@ 0000000180024ad0     _coder_lambert_info.obj
 0002:00002b18       ??_C@_0BC@MBJAEGPC@eml_switch_helper?$AA@ 0000000180024b18     _coder_lambert_info.obj
 0002:00002b30       ??_C@_0EK@ONGJLJDP@?$FLILXE?$FN$matlabroot$?1toolbox?1coder@ 0000000180024b30     _coder_lambert_info.obj
 0002:00002b80       ??_C@_0BO@NKMCCJOO@coder?4internal?4blas?4threshold?$AA@ 0000000180024b80     _coder_lambert_info.obj
 0002:00002ba0       ??_C@_0FF@NHEEIMKN@?$FLILXE?$FN$matlabroot$?1toolbox?1coder@ 0000000180024ba0     _coder_lambert_info.obj
 0002:00002c00       ??_C@_0EF@FANMDKIJ@?$FLILXE?$FN$matlabroot$?1toolbox?1coder@ 0000000180024c00     _coder_lambert_info.obj
 0002:00002c48       ??_C@_0BJ@OIDNAPLE@coder?4internal?4blas?4xdot?$AA@ 0000000180024c48     _coder_lambert_info.obj
 0002:00002c70       ??_C@_0EG@MBCFBFFB@?$FLILXE?$FN$matlabroot$?1toolbox?1coder@ 0000000180024c70     _coder_lambert_info.obj
 0002:00002cb8       ??_C@_0BK@JOKMMHCJ@coder?4internal?4blas?4xdotu?$AA@ 0000000180024cb8     _coder_lambert_info.obj
 0002:00002ce0       ??_C@_0EH@KKEOAGLG@?$FLILXE?$FN$matlabroot$?1toolbox?1coder@ 0000000180024ce0     _coder_lambert_info.obj
 0002:00002d28       ??_C@_0BL@MPDEKGFG@coder?4internal?4blas?4inline?$AA@ 0000000180024d28     _coder_lambert_info.obj
 0002:00002d48       ??_C@_0DP@MCBJJGKP@?$FLILXE?$FN$matlabroot$?1toolbox?1eml?1l@ 0000000180024d48     _coder_lambert_info.obj
 0002:00002d88       ??_C@_09DNHIOGKP@eml_xdotu?$AA@ 0000000180024d88     _coder_lambert_info.obj
 0002:00002da0       ??_C@_0EM@POLDDPIB@?$FLILXE?$FN$matlabroot$?1toolbox?1coder@ 0000000180024da0     _coder_lambert_info.obj
 0002:00002df0       ??_C@_0CA@FHKBGOML@coder?4internal?4blas?4use_refblas?$AA@ 0000000180024df0     _coder_lambert_info.obj
 0002:00002e10       ??_C@_0ED@BIKNGDGL@?$FLILXE?$FN$matlabroot$?1toolbox?1coder@ 0000000180024e10     _coder_lambert_info.obj
 0002:00002e58       ??_C@_0BI@GOAEPJB@coder?4internal?4scalarEg?$AA@ 0000000180024e58     _coder_lambert_info.obj
 0002:00002e70       ??_C@_0BG@PKOKOJEF@8?44?40?4150421?5?$CIR2014b?$CJ?$AA@ 0000000180024e70     _coder_lambert_info.obj
 0002:00002e88       ??_C@_0P@FDPDNMBC@ConstantInputs?$AA@ 0000000180024e88     _coder_lambert_info.obj
 0002:00002e98       ??_C@_0BA@HBLCOFA@NumberOfOutputs?$AA@ 0000000180024e98     _coder_lambert_info.obj
 0002:00002ea8       ??_C@_0P@DJPKAEOC@NumberOfInputs?$AA@ 0000000180024ea8     _coder_lambert_info.obj
 0002:00002eb8       ??_C@_04FABLJDN@Name?$AA@  0000000180024eb8     _coder_lambert_info.obj
 0002:00002ec0       ??_C@_0N@HPEKDNOD@CoverageInfo?$AA@ 0000000180024ec0     _coder_lambert_info.obj
 0002:00002ed0       ??_C@_0M@HOOGCLMJ@EntryPoints?$AA@ 0000000180024ed0     _coder_lambert_info.obj
 0002:00002ee0       ??_C@_0BC@PFKIGKIM@ResolvedFunctions?$AA@ 0000000180024ee0     _coder_lambert_info.obj
 0002:00002ef8       ??_C@_07NGFJPNPN@Version?$AA@ 0000000180024ef8     _coder_lambert_info.obj
 0002:00002f00       _pRawDllMain               0000000180024f00     MSVCRT:crtdll.obj
 0002:00002f00       _pDefaultRawDllMain        0000000180024f00     MSVCRT:crtdll.obj
 0002:00002f18       __rtc_iaa                  0000000180024f18     MSVCRT:_initsect_.obj
 0002:00002f20       __rtc_izz                  0000000180024f20     MSVCRT:_initsect_.obj
 0002:00002f28       __rtc_taa                  0000000180024f28     MSVCRT:_initsect_.obj
 0002:00002f30       __rtc_tzz                  0000000180024f30     MSVCRT:_initsect_.obj
 0002:000033e0       __IMPORT_DESCRIPTOR_libmx  00000001800253e0     libmx:libmx.dll
 0002:000033f4       __IMPORT_DESCRIPTOR_libmex 00000001800253f4     libmex:libmex.dll
 0002:00003408       __IMPORT_DESCRIPTOR_libemlrt 0000000180025408     libemlrt:libemlrt.dll
 0002:0000341c       __IMPORT_DESCRIPTOR_libmwmathutil 000000018002541c     libmwmathutil:libmwmathutil.dll
 0002:00003430       __IMPORT_DESCRIPTOR_MSVCR100 0000000180025430     MSVCRT:MSVCR100.dll
 0002:00003444       __IMPORT_DESCRIPTOR_KERNEL32 0000000180025444     kernel32:KERNEL32.dll
 0002:00003458       __NULL_IMPORT_DESCRIPTOR   0000000180025458     libmx:libmx.dll
 0003:00000000       hb_emlrtRSI                0000000180026000     lambert_data.obj
 0003:00000018       jb_emlrtRSI                0000000180026018     lambert_data.obj
 0003:00000030       kb_emlrtRSI                0000000180026030     lambert_data.obj
 0003:00000048       wc_emlrtRSI                0000000180026048     lambert_data.obj
 0003:00000060       xc_emlrtRSI                0000000180026060     lambert_data.obj
 0003:00000078       yc_emlrtRSI                0000000180026078     lambert_data.obj
 0003:00000780       emlrtContextGlobal         0000000180026780     _coder_lambert_mex.obj
 0003:000007c0       __security_cookie          00000001800267c0     MSVCRT:gs_cookie.obj
 0003:000007c8       __security_cookie_complement 00000001800267c8     MSVCRT:gs_cookie.obj
 0003:000007d0       _fltused                   00000001800267d0     MSVCRT:dllsupp.obj
 0003:000007e0       __native_dllmain_reason    00000001800267e0     MSVCRT:natstart.obj
 0003:000007e4       __native_vcclrit_reason    00000001800267e4     MSVCRT:natstart.obj
 0003:000007f0       emlrtRootTLSGlobal         00000001800267f0     _coder_lambert_mex.obj
 0003:00000d70       ?__type_info_root_node@@3U__type_info_node@@A 0000000180026d70     MSVCRT:tncleanup.obj
 0003:00000d80       emlrtBreakCheckR2012bFlagVar 0000000180026d80     <common>
 0003:00000d88       __native_startup_state     0000000180026d88     <common>
 0003:00000d90       __native_startup_lock      0000000180026d90     <common>
 0003:00000d98       __onexitend                0000000180026d98     <common>
 0003:00000da0       __onexitbegin              0000000180026da0     <common>
 0003:00000da8       __dyn_tls_init_callback    0000000180026da8     <common>

 entry point at        0001:000203a0

 Static symbols

 0001:00000120       minmax_distances           0000000180001120 f   lambert.obj
 0001:00000710       sigmax                     0000000180001710 f   lambert.obj
 0001:00000b50       LancasterBlanchard         0000000180001b50 f   lambert.obj
 0001:00000ec0       b_LancasterBlanchard       0000000180001ec0 f   lambert.obj
 0001:00001570       c_LancasterBlanchard       0000000180002570 f   lambert.obj
 0001:00001aa0       lambert_LancasterBlanchard 0000000180002aa0 f   lambert.obj
 0001:00004920       emlrt_marshallOut          0000000180005920 f   _coder_lambert_api.obj
 0001:00004df0       lambert_mexFunction        0000000180005df0 f   _coder_lambert_mex.obj
 0001:00004fa0       b_emlrt_marshallOut        0000000180005fa0 f   _coder_lambert_info.obj
 0001:00005000       b_info_helper              0000000180006000 f   _coder_lambert_info.obj
 0001:0000e1e0       c_info_helper              000000018000f1e0 f   _coder_lambert_info.obj
 0001:000169f0       info_helper                00000001800179f0 f   _coder_lambert_info.obj
 0001:0001ffa8       pre_c_init                 0000000180020fa8 f   MSVCRT:crtdll.obj
 0001:00020264       __DllMainCRTStartup        0000000180021264 f   MSVCRT:crtdll.obj
 0001:00020860       __DllMainCRTStartup$filt$0 0000000180021860 f   MSVCRT:crtdll.obj
 0001:00020890       __DllMainCRTStartup$fin$1  0000000180021890 f   MSVCRT:crtdll.obj
 0001:000208aa       _onexit$fin$0              00000001800218aa f   MSVCRT:atonexit.obj
 0001:000208d0       _IsNonwritableInCurrentImage$filt$0 00000001800218d0 f   MSVCRT:pesect.obj
