 getKeplerFromState_Alg_mex

 Timestamp is 554e5eb7 (Sat May 09 14:23:35 2015)

 Preferred load address is 0000000180000000

 Start         Length     Name                   Class
 0001:00000000 000119b2H .text                   CODE
 0001:000119c0 00000092H .text$x                 CODE
 0002:00000000 00000260H .idata$5                DATA
 0002:00000260 00000008H .CRT$XCA                DATA
 0002:00000268 00000008H .CRT$XCZ                DATA
 0002:00000270 00000008H .CRT$XIA                DATA
 0002:00000278 00000008H .CRT$XIAA               DATA
 0002:00000280 00000008H .CRT$XIZ                DATA
 0002:00000290 00001cc8H .rdata                  DATA
 0002:00001f58 00000008H .rtc$IAA                DATA
 0002:00001f60 00000008H .rtc$IZZ                DATA
 0002:00001f68 00000008H .rtc$TAA                DATA
 0002:00001f70 00000008H .rtc$TZZ                DATA
 0002:00001f78 0000025cH .xdata                  DATA
 0002:000021d4 00000078H .idata$2                DATA
 0002:0000224c 00000014H .idata$3                DATA
 0002:00002260 00000260H .idata$4                DATA
 0002:000024c0 000005f0H .idata$6                DATA
 0002:00002ab0 00000120H .edata                  DATA
 0003:00000000 00000068H .data                   DATA
 0003:00000070 000005c8H .bss                    DATA
 0004:00000000 000001c8H .pdata                  DATA

  Address         Publics by Value              Rva+Base               Lib:Object

 0000:00000000       ___safe_se_handler_count   0000000000000000     <absolute>
 0000:00000000       ___safe_se_handler_table   0000000000000000     <absolute>
 0000:00000000       __ImageBase                0000000180000000     <linker-defined>
 0001:00000000       getKeplerFromState_Alg_initialize 0000000180001000 f   getKeplerFromState_Alg_initialize.obj
 0001:00000080       getKeplerFromState_Alg_atexit 0000000180001080 f   getKeplerFromState_Alg_terminate.obj
 0001:000000e0       getKeplerFromState_Alg_terminate 00000001800010e0 f   getKeplerFromState_Alg_terminate.obj
 0001:00000120       getKeplerFromState_Alg     0000000180001120 f   getKeplerFromState_Alg.obj
 0001:000006e0       norm                       00000001800016e0 f   norm.obj
 0001:000009e0       b_acos                     00000001800019e0 f   acos.obj
 0001:00000ca0       getKeplerFromState_Alg_api 0000000180001ca0 f   _coder_getKeplerFromState_Alg_api.obj
 0001:00001100       getKeplerFromState_Alg_atexit_wrapper 0000000180002100 f   _coder_getKeplerFromState_Alg_mex.obj
 0001:00001110       mexFunction                0000000180002110 f   _coder_getKeplerFromState_Alg_mex.obj
 0001:00010da0       emlrtMexFcnProperties      0000000180011da0 f   _coder_getKeplerFromState_Alg_info.obj
 0001:00010f66       mxGetInf                   0000000180011f66 f   libmx:libmx.dll
 0001:00010f6c       mxGetNaN                   0000000180011f6c f   libmx:libmx.dll
 0001:00010f72       mxGetData                  0000000180011f72 f   libmx:libmx.dll
 0001:00010f78       mxCreateDoubleScalar       0000000180011f78 f   libmx:libmx.dll
 0001:00010f7e       mxSetFieldByNumber_700     0000000180011f7e f   libmx:libmx.dll
 0001:00010f84       mxCreateString             0000000180011f84 f   libmx:libmx.dll
 0001:00010f8a       mxCreateLogicalMatrix_700  0000000180011f8a f   libmx:libmx.dll
 0001:00010f90       mxCreateStructMatrix_700   0000000180011f90 f   libmx:libmx.dll
 0001:00010f96       mexAtExit                  0000000180011f96 f   libmex:libmex.dll
 0001:00010f9c       emlrtFirstTimeR2012b       0000000180011f9c f   libemlrt:libemlrt.dll
 0001:00010fa2       emlrtEnterRtStackR2012b    0000000180011fa2 f   libemlrt:libemlrt.dll
 0001:00010fa8       emlrtClearAllocCountR2012b 0000000180011fa8 f   libemlrt:libemlrt.dll
 0001:00010fae       emlrtCreateRootTLS         0000000180011fae f   libemlrt:libemlrt.dll
 0001:00010fb4       emlrtGetBreakCheckFlagAddressR2012b 0000000180011fb4 f   libemlrt:libemlrt.dll
 0001:00010fba       emlrtDestroyRootTLS        0000000180011fba f   libemlrt:libemlrt.dll
 0001:00010fc0       emlrtLeaveRtStackR2012b    0000000180011fc0 f   libemlrt:libemlrt.dll
 0001:00010fc6       emlrtDestroyArray          0000000180011fc6 f   libemlrt:libemlrt.dll
 0001:00010fcc       emlrtCheckBuiltInR2012b    0000000180011fcc f   libemlrt:libemlrt.dll
 0001:00010fd2       emlrtAssign                0000000180011fd2 f   libemlrt:libemlrt.dll
 0001:00010fd8       emlrtCreateDoubleScalar    0000000180011fd8 f   libemlrt:libemlrt.dll
 0001:00010fde       emlrtAlias                 0000000180011fde f   libemlrt:libemlrt.dll
 0001:00010fe4       emlrtAliasP                0000000180011fe4 f   libemlrt:libemlrt.dll
 0001:00010fea       emlrtReturnArrayR2009a     0000000180011fea f   libemlrt:libemlrt.dll
 0001:00010ff0       emlrtErrMsgIdAndTxt        0000000180011ff0 f   libemlrt:libemlrt.dll
 0001:00010ff6       emlrtCreateString          0000000180011ff6 f   libemlrt:libemlrt.dll
 0001:00010ffc       emlrtCreateNumericMatrix   0000000180011ffc f   libemlrt:libemlrt.dll
 0001:00011002       emlrtCreateCellMatrix      0000000180012002 f   libemlrt:libemlrt.dll
 0001:00011008       emlrtAddField              0000000180012008 f   libemlrt:libemlrt.dll
 0001:0001100e       emlrtNameCapturePostProcessR2013b 000000018001200e f   libemlrt:libemlrt.dll
 0001:00011014       emlrtCreateStructMatrix    0000000180012014 f   libemlrt:libemlrt.dll
 0001:0001101a       muDoubleScalarAbs          000000018001201a f   libmwmathutil:libmwmathutil.dll
 0001:00011020       muDoubleScalarSqrt         0000000180012020 f   libmwmathutil:libmwmathutil.dll
 0001:00011026       muDoubleScalarHypot        0000000180012026 f   libmwmathutil:libmwmathutil.dll
 0001:0001102c       muDoubleScalarIsInf        000000018001202c f   libmwmathutil:libmwmathutil.dll
 0001:00011032       muDoubleScalarIsNaN        0000000180012032 f   libmwmathutil:libmwmathutil.dll
 0001:00011038       muDoubleScalarAtan2        0000000180012038 f   libmwmathutil:libmwmathutil.dll
 0001:0001103e       muDoubleScalarLog          000000018001203e f   libmwmathutil:libmwmathutil.dll
 0001:00011044       muDoubleScalarAcos         0000000180012044 f   libmwmathutil:libmwmathutil.dll
 0001:0001104c       __GSHandlerCheckCommon     000000018001204c f   MSVCRT:gshandler.obj
 0001:000110b0       __GSHandlerCheck           00000001800120b0 f   MSVCRT:gshandler.obj
 0001:000110e0       __security_check_cookie    00000001800120e0 f   MSVCRT:amdsecgs.obj
 0001:00011100       memcpy                     0000000180012100 f   MSVCRT:MSVCR100.dll
 0001:00011168       _CRT_INIT                  0000000180012168 f   MSVCRT:crtdll.obj
 0001:00011500       _DllMainCRTStartup         0000000180012500 f   MSVCRT:crtdll.obj
 0001:00011540       __report_gsfailure         0000000180012540 f   MSVCRT:gs_report.obj
 0001:0001168c       __clean_type_info_names    000000018001268c f   MSVCRT:tncleanup.obj
 0001:00011698       _onexit                    0000000180012698 f   MSVCRT:atonexit.obj
 0001:00011748       atexit                     0000000180012748 f   MSVCRT:atonexit.obj
 0001:00011760       _RTC_Initialize            0000000180012760 f   MSVCRT:_initsect_.obj
 0001:00011798       _RTC_Terminate             0000000180012798 f   MSVCRT:_initsect_.obj
 0001:000117d0       _ValidateImageBase         00000001800127d0 f   MSVCRT:pesect.obj
 0001:00011800       _FindPESection             0000000180012800 f   MSVCRT:pesect.obj
 0001:00011850       _IsNonwritableInCurrentImage 0000000180012850 f   MSVCRT:pesect.obj
 0001:00011892       _initterm                  0000000180012892 f   MSVCRT:MSVCR100.dll
 0001:00011898       _initterm_e                0000000180012898 f   MSVCRT:MSVCR100.dll
 0001:0001189e       _amsg_exit                 000000018001289e f   MSVCRT:MSVCR100.dll
 0001:000118a4       __C_specific_handler       00000001800128a4 f   MSVCRT:MSVCR100.dll
 0001:000118aa       __CppXcptFilter            00000001800128aa f   MSVCRT:MSVCR100.dll
 0001:000118b0       DllMain                    00000001800128b0 f   MSVCRT:dllmain.obj
 0001:000118d4       __security_init_cookie     00000001800128d4 f   MSVCRT:gs_support.obj
 0001:00011988       __crt_debugger_hook        0000000180012988 f   MSVCRT:MSVCR100.dll
 0001:0001198e       __clean_type_info_names_internal 000000018001298e f   MSVCRT:MSVCR100.dll
 0001:00011994       _unlock                    0000000180012994 f   MSVCRT:MSVCR100.dll
 0001:0001199a       __dllonexit                000000018001299a f   MSVCRT:MSVCR100.dll
 0001:000119a0       _lock                      00000001800129a0 f   MSVCRT:MSVCR100.dll
 0001:000119a6       RtlVirtualUnwind           00000001800129a6 f   kernel32:KERNEL32.dll
 0001:000119ac       RtlLookupFunctionEntry     00000001800129ac f   kernel32:KERNEL32.dll
 0002:00000000       __imp_GetSystemTimeAsFileTime 0000000180013000     kernel32:KERNEL32.dll
 0002:00000008       __imp_GetCurrentProcessId  0000000180013008     kernel32:KERNEL32.dll
 0002:00000010       __imp_GetCurrentThreadId   0000000180013010     kernel32:KERNEL32.dll
 0002:00000018       __imp_GetTickCount         0000000180013018     kernel32:KERNEL32.dll
 0002:00000020       __imp_QueryPerformanceCounter 0000000180013020     kernel32:KERNEL32.dll
 0002:00000028       __imp_DisableThreadLibraryCalls 0000000180013028     kernel32:KERNEL32.dll
 0002:00000030       __imp_RtlCaptureContext    0000000180013030     kernel32:KERNEL32.dll
 0002:00000038       __imp_RtlLookupFunctionEntry 0000000180013038     kernel32:KERNEL32.dll
 0002:00000040       __imp_IsDebuggerPresent    0000000180013040     kernel32:KERNEL32.dll
 0002:00000048       __imp_SetUnhandledExceptionFilter 0000000180013048     kernel32:KERNEL32.dll
 0002:00000050       __imp_UnhandledExceptionFilter 0000000180013050     kernel32:KERNEL32.dll
 0002:00000058       __imp_GetCurrentProcess    0000000180013058     kernel32:KERNEL32.dll
 0002:00000060       __imp_TerminateProcess     0000000180013060     kernel32:KERNEL32.dll
 0002:00000068       __imp_Sleep                0000000180013068     kernel32:KERNEL32.dll
 0002:00000070       __imp_DecodePointer        0000000180013070     kernel32:KERNEL32.dll
 0002:00000078       __imp_EncodePointer        0000000180013078     kernel32:KERNEL32.dll
 0002:00000080       __imp_RtlVirtualUnwind     0000000180013080     kernel32:KERNEL32.dll
 0002:00000088       \177KERNEL32_NULL_THUNK_DATA 0000000180013088     kernel32:KERNEL32.dll
 0002:00000090       __imp_memcpy               0000000180013090     MSVCRT:MSVCR100.dll
 0002:00000098       __imp__unlock              0000000180013098     MSVCRT:MSVCR100.dll
 0002:000000a0       __imp___clean_type_info_names_internal 00000001800130a0     MSVCRT:MSVCR100.dll
 0002:000000a8       __imp___crt_debugger_hook  00000001800130a8     MSVCRT:MSVCR100.dll
 0002:000000b0       __imp___CppXcptFilter      00000001800130b0     MSVCRT:MSVCR100.dll
 0002:000000b8       __imp___C_specific_handler 00000001800130b8     MSVCRT:MSVCR100.dll
 0002:000000c0       __imp__amsg_exit           00000001800130c0     MSVCRT:MSVCR100.dll
 0002:000000c8       __imp__encoded_null        00000001800130c8     MSVCRT:MSVCR100.dll
 0002:000000d0       __imp_free                 00000001800130d0     MSVCRT:MSVCR100.dll
 0002:000000d8       __imp__initterm_e          00000001800130d8     MSVCRT:MSVCR100.dll
 0002:000000e0       __imp__initterm            00000001800130e0     MSVCRT:MSVCR100.dll
 0002:000000e8       __imp__malloc_crt          00000001800130e8     MSVCRT:MSVCR100.dll
 0002:000000f0       __imp__lock                00000001800130f0     MSVCRT:MSVCR100.dll
 0002:000000f8       __imp__onexit              00000001800130f8     MSVCRT:MSVCR100.dll
 0002:00000100       __imp___dllonexit          0000000180013100     MSVCRT:MSVCR100.dll
 0002:00000108       \177MSVCR100_NULL_THUNK_DATA 0000000180013108     MSVCRT:MSVCR100.dll
 0002:00000110       __imp_emlrtFirstTimeR2012b 0000000180013110     libemlrt:libemlrt.dll
 0002:00000118       __imp_emlrtEnterRtStackR2012b 0000000180013118     libemlrt:libemlrt.dll
 0002:00000120       __imp_emlrtClearAllocCountR2012b 0000000180013120     libemlrt:libemlrt.dll
 0002:00000128       __imp_emlrtLeaveRtStackR2012b 0000000180013128     libemlrt:libemlrt.dll
 0002:00000130       __imp_emlrtGetBreakCheckFlagAddressR2012b 0000000180013130     libemlrt:libemlrt.dll
 0002:00000138       __imp_emlrtDestroyRootTLS  0000000180013138     libemlrt:libemlrt.dll
 0002:00000140       __imp_emlrtCreateStructMatrix 0000000180013140     libemlrt:libemlrt.dll
 0002:00000148       __imp_emlrtDestroyArray    0000000180013148     libemlrt:libemlrt.dll
 0002:00000150       __imp_emlrtNameCapturePostProcessR2013b 0000000180013150     libemlrt:libemlrt.dll
 0002:00000158       __imp_emlrtAddField        0000000180013158     libemlrt:libemlrt.dll
 0002:00000160       __imp_emlrtCreateCellMatrix 0000000180013160     libemlrt:libemlrt.dll
 0002:00000168       __imp_emlrtCreateNumericMatrix 0000000180013168     libemlrt:libemlrt.dll
 0002:00000170       __imp_emlrtCreateString    0000000180013170     libemlrt:libemlrt.dll
 0002:00000178       __imp_emlrtErrMsgIdAndTxt  0000000180013178     libemlrt:libemlrt.dll
 0002:00000180       __imp_emlrtReturnArrayR2009a 0000000180013180     libemlrt:libemlrt.dll
 0002:00000188       __imp_emlrtAliasP          0000000180013188     libemlrt:libemlrt.dll
 0002:00000190       __imp_emlrtAlias           0000000180013190     libemlrt:libemlrt.dll
 0002:00000198       __imp_emlrtCreateDoubleScalar 0000000180013198     libemlrt:libemlrt.dll
 0002:000001a0       __imp_emlrtAssign          00000001800131a0     libemlrt:libemlrt.dll
 0002:000001a8       __imp_emlrtCheckBuiltInR2012b 00000001800131a8     libemlrt:libemlrt.dll
 0002:000001b0       __imp_emlrtCreateRootTLS   00000001800131b0     libemlrt:libemlrt.dll
 0002:000001b8       \177libemlrt_NULL_THUNK_DATA 00000001800131b8     libemlrt:libemlrt.dll
 0002:000001c0       __imp_mexAtExit            00000001800131c0     libmex:libmex.dll
 0002:000001c8       \177libmex_NULL_THUNK_DATA 00000001800131c8     libmex:libmex.dll
 0002:000001d0       __imp_muDoubleScalarAtan2  00000001800131d0     libmwmathutil:libmwmathutil.dll
 0002:000001d8       __imp_muDoubleScalarAcos   00000001800131d8     libmwmathutil:libmwmathutil.dll
 0002:000001e0       __imp_muDoubleScalarIsInf  00000001800131e0     libmwmathutil:libmwmathutil.dll
 0002:000001e8       __imp_muDoubleScalarHypot  00000001800131e8     libmwmathutil:libmwmathutil.dll
 0002:000001f0       __imp_muDoubleScalarSqrt   00000001800131f0     libmwmathutil:libmwmathutil.dll
 0002:000001f8       __imp_muDoubleScalarIsNaN  00000001800131f8     libmwmathutil:libmwmathutil.dll
 0002:00000200       __imp_muDoubleScalarLog    0000000180013200     libmwmathutil:libmwmathutil.dll
 0002:00000208       __imp_muDoubleScalarAbs    0000000180013208     libmwmathutil:libmwmathutil.dll
 0002:00000210       \177libmwmathutil_NULL_THUNK_DATA 0000000180013210     libmwmathutil:libmwmathutil.dll
 0002:00000218       __imp_mxCreateStructMatrix_700 0000000180013218     libmx:libmx.dll
 0002:00000220       __imp_mxCreateLogicalMatrix_700 0000000180013220     libmx:libmx.dll
 0002:00000228       __imp_mxCreateString       0000000180013228     libmx:libmx.dll
 0002:00000230       __imp_mxSetFieldByNumber_700 0000000180013230     libmx:libmx.dll
 0002:00000238       __imp_mxCreateDoubleScalar 0000000180013238     libmx:libmx.dll
 0002:00000240       __imp_mxGetData            0000000180013240     libmx:libmx.dll
 0002:00000248       __imp_mxGetNaN             0000000180013248     libmx:libmx.dll
 0002:00000250       __imp_mxGetInf             0000000180013250     libmx:libmx.dll
 0002:00000258       \177libmx_NULL_THUNK_DATA  0000000180013258     libmx:libmx.dll
 0002:00000260       __xc_a                     0000000180013260     MSVCRT:cinitexe.obj
 0002:00000268       __xc_z                     0000000180013268     MSVCRT:cinitexe.obj
 0002:00000270       __xi_a                     0000000180013270     MSVCRT:cinitexe.obj
 0002:00000280       __xi_z                     0000000180013280     MSVCRT:cinitexe.obj
 0002:00000290       __real@400921fb54442d18    0000000180013290     getKeplerFromState_Alg.obj
 0002:00000298       __real@3ddb7cdfd9d7bdbb    0000000180013298     getKeplerFromState_Alg.obj
 0002:000002a0       __real@401921fb54442d18    00000001800132a0     getKeplerFromState_Alg.obj
 0002:000002a8       __real@4000000000000000    00000001800132a8     getKeplerFromState_Alg.obj
 0002:000002b0       __mask@@NegDouble@         00000001800132b0     getKeplerFromState_Alg.obj
 0002:000002c0       __real@3ff0000000000000    00000001800132c0     getKeplerFromState_Alg.obj
 0002:000002c8       __real@0010000000000000    00000001800132c8     norm.obj
 0002:000002d0       __real@3ff6a09e667f3bcd    00000001800132d0     acos.obj
 0002:000002d8       __real@3fe0000000000000    00000001800132d8     acos.obj
 0002:000002e0       __real@7fcfffffffffffff    00000001800132e0     acos.obj
 0002:000002e8       __real@c000000000000000    00000001800132e8     acos.obj
 0002:000002f0       __real@3ff921fb54442d18    00000001800132f0     acos.obj
 0002:000002f8       __real@3cb0000000000000    00000001800132f8     acos.obj
 0002:00000300       __real@4330000000000000    0000000180013300     acos.obj
 0002:00000308       __real@3fe62e42fefa39ef    0000000180013308     acos.obj
 0002:00000310       __real@41b0000000000000    0000000180013310     acos.obj
 0002:00000318       ??_C@_06BNJCAIGJ@double?$AA@ 0000000180013318     _coder_getKeplerFromState_Alg_api.obj
 0002:00000320       ??_C@_03GKANDKJJ@gmu?$AA@  0000000180013320     _coder_getKeplerFromState_Alg_api.obj
 0002:00000324       ??_C@_05CJCPEEFB@vVect?$AA@ 0000000180013324     _coder_getKeplerFromState_Alg_api.obj
 0002:0000032c       ??_C@_05LCLOAGEH@rVect?$AA@ 000000018001332c     _coder_getKeplerFromState_Alg_api.obj
 0002:00000338       ??_C@_0BH@KMICECJK@getKeplerFromState_Alg?$AA@ 0000000180013338     _coder_getKeplerFromState_Alg_mex.obj
 0002:00000350       ??_C@_0CF@OIONOIOI@EMLRT?3runTime?3TooManyOutputArgum@ 0000000180013350     _coder_getKeplerFromState_Alg_mex.obj
 0002:00000378       ??_C@_0CC@IMHDKEMC@EMLRT?3runTime?3WrongNumberOfInput@ 0000000180013378     _coder_getKeplerFromState_Alg_mex.obj
 0002:000003a0       ??_C@_0ED@NKAGKGEH@?$FLILXE?$FN$matlabroot$?1toolbox?1eml?1l@ 00000001800133a0     _coder_getKeplerFromState_Alg_info.obj
 0002:000003e8       ??_C@_0BB@GGNOMIFP@eml_scalar_atan2?$AA@ 00000001800133e8     _coder_getKeplerFromState_Alg_info.obj
 0002:00000400       ??_C@_0EB@JMHDJNBF@?$FLILXE?$FN$matlabroot$?1toolbox?1eml?1l@ 0000000180013400     _coder_getKeplerFromState_Alg_info.obj
 0002:00000448       ??_C@_0P@DEOLODNE@eml_scalar_abs?$AA@ 0000000180013448     _coder_getKeplerFromState_Alg_info.obj
 0002:00000460       ??_C@_0EB@HAGIKLC@?$FLILXE?$FN$matlabroot$?1toolbox?1eml?1l@ 0000000180013460     _coder_getKeplerFromState_Alg_info.obj
 0002:000004a8       ??_C@_0P@OAPHHPAP@eml_scalar_log?$AA@ 00000001800134a8     _coder_getKeplerFromState_Alg_info.obj
 0002:000004b8       ??_C@_0DL@JMMGNODA@?$FLILXE?$FN$matlabroot$?1toolbox?1eml?1l@ 00000001800134b8     _coder_getKeplerFromState_Alg_info.obj
 0002:000004f8       ??_C@_08CHCKEDFL@isfinite?$AA@ 00000001800134f8     _coder_getKeplerFromState_Alg_info.obj
 0002:00000508       ??_C@_0DI@PBKCBADP@?$FLILXE?$FN$matlabroot$?1toolbox?1eml?1l@ 0000000180013508     _coder_getKeplerFromState_Alg_info.obj
 0002:00000540       ??_C@_07HBNJHBAD@eml_eps?$AA@ 0000000180013540     _coder_getKeplerFromState_Alg_info.obj
 0002:00000548       ??_C@_0DG@KPMKIFH@?$FLILXE?$FN$matlabroot$?1toolbox?1eml?1l@ 0000000180013548     _coder_getKeplerFromState_Alg_info.obj
 0002:00000580       ??_C@_03ICKAGFLH@eps?$AA@  0000000180013580     _coder_getKeplerFromState_Alg_info.obj
 0002:00000590       ??_C@_0ED@HJNNFABD@?$FLILXE?$FN$matlabroot$?1toolbox?1eml?1l@ 0000000180013590     _coder_getKeplerFromState_Alg_info.obj
 0002:000005d8       ??_C@_0BB@ENLEGGME@eml_scalar_log1p?$AA@ 00000001800135d8     _coder_getKeplerFromState_Alg_info.obj
 0002:000005f0       ??_C@_0ED@FHECPFGC@?$FLILXE?$FN$matlabroot$?1toolbox?1eml?1l@ 00000001800135f0     _coder_getKeplerFromState_Alg_info.obj
 0002:00000638       ??_C@_0BB@FBBOIJHO@eml_scalar_asinh?$AA@ 0000000180013638     _coder_getKeplerFromState_Alg_info.obj
 0002:00000650       ??_C@_0DL@IKEFNJOG@?$FLILXE?$FN$matlabroot$?1toolbox?1eml?1l@ 0000000180013650     _coder_getKeplerFromState_Alg_info.obj
 0002:00000690       ??_C@_0L@NOEBDGGL@eml_dlapy2?$AA@ 0000000180013690     _coder_getKeplerFromState_Alg_info.obj
 0002:000006a0       ??_C@_0DO@FIFFNPJ@?$FLILXE?$FN$matlabroot$?1toolbox?1eml?1l@ 00000001800136a0     _coder_getKeplerFromState_Alg_info.obj
 0002:000006e0       ??_C@_0O@DGEIFEHG@eml_scalar_eg?$AA@ 00000001800136e0     _coder_getKeplerFromState_Alg_info.obj
 0002:000006f0       ??_C@_0ED@OPALCDMD@?$FLILXE?$FN$matlabroot$?1toolbox?1eml?1l@ 00000001800136f0     _coder_getKeplerFromState_Alg_info.obj
 0002:00000738       ??_C@_0BB@PGAFOPGI@eml_scalar_hypot?$AA@ 0000000180013738     _coder_getKeplerFromState_Alg_info.obj
 0002:00000750       ??_C@_0DJ@LGGCAFOA@?$FLILXE?$FN$matlabroot$?1toolbox?1eml?1l@ 0000000180013750     _coder_getKeplerFromState_Alg_info.obj
 0002:00000790       ??_C@_08GNEFHMND@mrdivide?$AA@ 0000000180013790     _coder_getKeplerFromState_Alg_info.obj
 0002:000007a0       ??_C@_0EA@BFEKENJA@?$FLILXE?$FN$matlabroot$?1toolbox?1eml?1l@ 00000001800137a0     _coder_getKeplerFromState_Alg_info.obj
 0002:000007e0       ??_C@_0BA@PBHEJPIB@eml_float_model?$AA@ 00000001800137e0     _coder_getKeplerFromState_Alg_info.obj
 0002:000007f0       ??_C@_0DM@MEJDDAEB@?$FLILXE?$FN$matlabroot$?1toolbox?1eml?1l@ 00000001800137f0     _coder_getKeplerFromState_Alg_info.obj
 0002:00000830       ??_C@_0M@GIFFNMF@eml_realmax?$AA@ 0000000180013830     _coder_getKeplerFromState_Alg_info.obj
 0002:00000840       ??_C@_0DK@PPBLBLEL@?$FLILXE?$FN$matlabroot$?1toolbox?1eml?1l@ 0000000180013840     _coder_getKeplerFromState_Alg_info.obj
 0002:00000880       ??_C@_07FFPDOOLN@realmax?$AA@ 0000000180013880     _coder_getKeplerFromState_Alg_info.obj
 0002:00000890       ??_C@_0EA@OKJMMGHG@?$FLILXE?$FN$matlabroot$?1toolbox?1eml?1l@ 0000000180013890     _coder_getKeplerFromState_Alg_info.obj
 0002:000008d0       ??_C@_0BA@MGLIJKGI@eml_guarded_inf?$AA@ 00000001800138d0     _coder_getKeplerFromState_Alg_info.obj
 0002:000008e0       ??_C@_0DI@IEIPGFNC@?$FLILXE?$FN$matlabroot$?1toolbox?1eml?1l@ 00000001800138e0     _coder_getKeplerFromState_Alg_info.obj
 0002:00000918       ??_C@_05OIHEAIFD@isinf?$AA@ 0000000180013918     _coder_getKeplerFromState_Alg_info.obj
 0002:00000920       ??_C@_0ED@NGEOFMII@?$FLILXE?$FN$matlabroot$?1toolbox?1eml?1l@ 0000000180013920     _coder_getKeplerFromState_Alg_info.obj
 0002:00000968       ??_C@_0BD@EACIBKCB@eml_is_float_class?$AA@ 0000000180013968     _coder_getKeplerFromState_Alg_info.obj
 0002:00000980       ??_C@_0EA@LAHNEJPA@?$FLILXE?$FN$matlabroot$?1toolbox?1eml?1l@ 0000000180013980     _coder_getKeplerFromState_Alg_info.obj
 0002:000009c0       ??_C@_04ENMBGAPA@char?$AA@ 00000001800139c0     _coder_getKeplerFromState_Alg_info.obj
 0002:000009c8       ??_C@_0BA@JIOKGPOE@eml_guarded_nan?$AA@ 00000001800139c8     _coder_getKeplerFromState_Alg_info.obj
 0002:000009e0       ??_C@_0FC@OMKEPILP@?$FLILXE?$FN$matlabroot$?1toolbox?1share@ 00000001800139e0     _coder_getKeplerFromState_Alg_info.obj
 0002:00000a38       ??_C@_0CA@GGIPMLJM@coder?4internal?4isBuiltInNumeric?$AA@ 0000000180013a38     _coder_getKeplerFromState_Alg_info.obj
 0002:00000a58       ??_C@_0DI@NOGOOKFE@?$FLILXE?$FN$matlabroot$?1toolbox?1eml?1l@ 0000000180013a58     _coder_getKeplerFromState_Alg_info.obj
 0002:00000a90       ??_C@_05LGCGPNNP@isnan?$AA@ 0000000180013a90     _coder_getKeplerFromState_Alg_info.obj
 0002:00000a98       ??_C@_0DI@ECPGNJBG@?$FLILXE?$FN$matlabroot$?1toolbox?1eml?1l@ 0000000180013a98     _coder_getKeplerFromState_Alg_info.obj
 0002:00000ad0       ??_C@_07EDECNBOH@rdivide?$AA@ 0000000180013ad0     _coder_getKeplerFromState_Alg_info.obj
 0002:00000ae0       ??_C@_0FK@LLFJLCKI@?$FLILXE?$FN$matlabroot$?1toolbox?1eml?1l@ 0000000180013ae0     _coder_getKeplerFromState_Alg_info.obj
 0002:00000b40       ??_C@_0EC@CDBNIKKB@?$FLILXE?$FN$matlabroot$?1toolbox?1eml?1l@ 0000000180013b40     _coder_getKeplerFromState_Alg_info.obj
 0002:00000b88       ??_C@_0BA@JDJHBHHI@eml_scalar_sqrt?$AA@ 0000000180013b88     _coder_getKeplerFromState_Alg_info.obj
 0002:00000b98       ??_C@_0DG@GPPKOLMK@?$FLILXE?$FN$matlabroot$?1toolbox?1eml?1l@ 0000000180013b98     _coder_getKeplerFromState_Alg_info.obj
 0002:00000bd0       ??_C@_03BCGAIFPO@abs?$AA@  0000000180013bd0     _coder_getKeplerFromState_Alg_info.obj
 0002:00000be0       ??_C@_0EC@JIOFMPFM@?$FLILXE?$FN$matlabroot$?1toolbox?1eml?1l@ 0000000180013be0     _coder_getKeplerFromState_Alg_info.obj
 0002:00000c28       ??_C@_0BA@CIBIOKGK@eml_scalar_acos?$AA@ 0000000180013c28     _coder_getKeplerFromState_Alg_info.obj
 0002:00000c38       ??_C@_0DH@IOHKIJGP@?$FLILXE?$FN$matlabroot$?1toolbox?1eml?1l@ 0000000180013c38     _coder_getKeplerFromState_Alg_info.obj
 0002:00000c70       ??_C@_04PDIFKINK@acos?$AA@ 0000000180013c70     _coder_getKeplerFromState_Alg_info.obj
 0002:00000c80       ??_C@_0IB@NLDPGINP@?$FLE?$FNC?3?1Users?1Adam?1Dropbox?1Documen@ 0000000180013c80     _coder_getKeplerFromState_Alg_info.obj
 0002:00000d10       ??_C@_0EP@LONMACPJ@?$FLILXE?$FN$matlabroot$?1toolbox?1eml?1l@ 0000000180013d10     _coder_getKeplerFromState_Alg_info.obj
 0002:00000d5f       ??_C@_00CNPNBAHC@?$AA@     0000000180013d5f     _coder_getKeplerFromState_Alg_info.obj
 0002:00000d60       ??_C@_0BP@OEONONCM@eml_int_forloop_overflow_check?$AA@ 0000000180013d60     _coder_getKeplerFromState_Alg_info.obj
 0002:00000d80       ??_C@_0EL@MBIFDMAD@?$FLILXE?$FN$matlabroot$?1toolbox?1share@ 0000000180013d80     _coder_getKeplerFromState_Alg_info.obj
 0002:00000dd0       ??_C@_0BJ@MCOHGMPE@coder?4internal?4indexPlus?$AA@ 0000000180013dd0     _coder_getKeplerFromState_Alg_info.obj
 0002:00000dec       ??_C@_03ONJNNIPF@lhs?$AA@  0000000180013dec     _coder_getKeplerFromState_Alg_info.obj
 0002:00000df0       ??_C@_03FNFLPIFJ@rhs?$AA@  0000000180013df0     _coder_getKeplerFromState_Alg_info.obj
 0002:00000df8       ??_C@_0M@FMAJFPGC@mFileTimeHi?$AA@ 0000000180013df8     _coder_getKeplerFromState_Alg_info.obj
 0002:00000e08       ??_C@_0M@NFKFADI@mFileTimeLo?$AA@ 0000000180013e08     _coder_getKeplerFromState_Alg_info.obj
 0002:00000e18       ??_C@_0L@HMDKMKNA@fileTimeHi?$AA@ 0000000180013e18     _coder_getKeplerFromState_Alg_info.obj
 0002:00000e28       ??_C@_0L@CNGJMFIK@fileTimeLo?$AA@ 0000000180013e28     _coder_getKeplerFromState_Alg_info.obj
 0002:00000e38       ??_C@_08CGJBBLIA@resolved?$AA@ 0000000180013e38     _coder_getKeplerFromState_Alg_info.obj
 0002:00000e50       ??_C@_0EM@NEHHOGAD@?$FLILXE?$FN$matlabroot$?1toolbox?1share@ 0000000180013e50     _coder_getKeplerFromState_Alg_info.obj
 0002:00000ea0       ??_C@_0N@IGLAPNJK@dominantType?$AA@ 0000000180013ea0     _coder_getKeplerFromState_Alg_info.obj
 0002:00000eb0       ??_C@_0BI@MOBBIOAA@coder?4internal?4indexInt?$AA@ 0000000180013eb0     _coder_getKeplerFromState_Alg_info.obj
 0002:00000ec8       ??_C@_04MEMAJGDJ@name?$AA@ 0000000180013ec8     _coder_getKeplerFromState_Alg_info.obj
 0002:00000ed0       ??_C@_0BK@GAHHJGII@coder?4internal?4indexTimes?$AA@ 0000000180013ed0     _coder_getKeplerFromState_Alg_info.obj
 0002:00000ef0       ??_C@_07JKKCBBMM@context?$AA@ 0000000180013ef0     _coder_getKeplerFromState_Alg_info.obj
 0002:00000f00       ??_C@_0EJ@BAIFOLPA@?$FLILXE?$FN$matlabroot$?1toolbox?1coder@ 0000000180013f00     _coder_getKeplerFromState_Alg_info.obj
 0002:00000f50       ??_C@_0BN@GFLHNIJN@coder?4internal?4refblas?4xdotx?$AA@ 0000000180013f50     _coder_getKeplerFromState_Alg_info.obj
 0002:00000f70       ??_C@_0EI@EDJNPJHO@?$FLILXE?$FN$matlabroot$?1toolbox?1coder@ 0000000180013f70     _coder_getKeplerFromState_Alg_info.obj
 0002:00000fb8       ??_C@_0BM@FJNPKCFG@coder?4internal?4refblas?4xdot?$AA@ 0000000180013fb8     _coder_getKeplerFromState_Alg_info.obj
 0002:00000fe0       ??_C@_0FF@NHEEIMKN@?$FLILXE?$FN$matlabroot$?1toolbox?1coder@ 0000000180013fe0     _coder_getKeplerFromState_Alg_info.obj
 0002:00001040       ??_C@_0EF@FANMDKIJ@?$FLILXE?$FN$matlabroot$?1toolbox?1coder@ 0000000180014040     _coder_getKeplerFromState_Alg_info.obj
 0002:00001088       ??_C@_0BJ@OIDNAPLE@coder?4internal?4blas?4xdot?$AA@ 0000000180014088     _coder_getKeplerFromState_Alg_info.obj
 0002:000010b0       ??_C@_0EG@MBCFBFFB@?$FLILXE?$FN$matlabroot$?1toolbox?1coder@ 00000001800140b0     _coder_getKeplerFromState_Alg_info.obj
 0002:000010f8       ??_C@_0BK@JOKMMHCJ@coder?4internal?4blas?4xdotu?$AA@ 00000001800140f8     _coder_getKeplerFromState_Alg_info.obj
 0002:00001118       ??_C@_0DP@MCBJJGKP@?$FLILXE?$FN$matlabroot$?1toolbox?1eml?1l@ 0000000180014118     _coder_getKeplerFromState_Alg_info.obj
 0002:00001158       ??_C@_09DNHIOGKP@eml_xdotu?$AA@ 0000000180014158     _coder_getKeplerFromState_Alg_info.obj
 0002:00001170       ??_C@_0HM@FKNADOPD@?$FLE?$FNC?3?1Users?1Adam?1Dropbox?1Documen@ 0000000180014170     _coder_getKeplerFromState_Alg_info.obj
 0002:000011ec       ??_C@_06JMKKLDHM@dotARH?$AA@ 00000001800141ec     _coder_getKeplerFromState_Alg_info.obj
 0002:00001200       ??_C@_0FA@MPDEEPKJ@?$FLILXE?$FN$matlabroot$?1toolbox?1eml?1l@ 0000000180014200     _coder_getKeplerFromState_Alg_info.obj
 0002:00001250       ??_C@_0EC@NFHIFAKL@?$FLILXE?$FN$matlabroot$?1toolbox?1eml?1l@ 0000000180014250     _coder_getKeplerFromState_Alg_info.obj
 0002:00001298       ??_C@_0BC@CHEDBFHF@eml_mtimes_helper?$AA@ 0000000180014298     _coder_getKeplerFromState_Alg_info.obj
 0002:000012b0       ??_C@_0DO@HJMJNACA@?$FLILXE?$FN$matlabroot$?1toolbox?1coder@ 00000001800142b0     _coder_getKeplerFromState_Alg_info.obj
 0002:000012f0       ??_C@_0BD@JLGMKPKJ@coder?4internal?4div?$AA@ 00000001800142f0     _coder_getKeplerFromState_Alg_info.obj
 0002:00001308       ??_C@_0DI@GANAMGFL@?$FLILXE?$FN$matlabroot$?1toolbox?1eml?1l@ 0000000180014308     _coder_getKeplerFromState_Alg_info.obj
 0002:00001340       ??_C@_07KHOFHKNM@eml_div?$AA@ 0000000180014340     _coder_getKeplerFromState_Alg_info.obj
 0002:00001350       ??_C@_0EH@ELBOGDPJ@?$FLILXE?$FN$matlabroot$?1toolbox?1eml?1l@ 0000000180014350     _coder_getKeplerFromState_Alg_info.obj
 0002:00001398       ??_C@_0BH@LFDIDDBI@eml_scalexp_compatible?$AA@ 0000000180014398     _coder_getKeplerFromState_Alg_info.obj
 0002:000013b0       ??_C@_0EI@KLLPIDAJ@?$FLILXE?$FN$matlabroot$?1toolbox?1share@ 00000001800143b0     _coder_getKeplerFromState_Alg_info.obj
 0002:000013f8       ??_C@_0BG@JDHJGNPG@coder?4internal?4assert?$AA@ 00000001800143f8     _coder_getKeplerFromState_Alg_info.obj
 0002:00001410       ??_C@_0EJ@ICIFOOJM@?$FLILXE?$FN$matlabroot$?1toolbox?1eml?1l@ 0000000180014410     _coder_getKeplerFromState_Alg_info.obj
 0002:00001460       ??_C@_0ED@BIIMGNAK@?$FLILXE?$FN$matlabroot$?1toolbox?1eml?1l@ 0000000180014460     _coder_getKeplerFromState_Alg_info.obj
 0002:000014a8       ??_C@_0BB@DKCPHGKF@eml_scalar_floor?$AA@ 00000001800144a8     _coder_getKeplerFromState_Alg_info.obj
 0002:000014c0       ??_C@_0DI@KHEKJDFK@?$FLILXE?$FN$matlabroot$?1toolbox?1eml?1l@ 00000001800144c0     _coder_getKeplerFromState_Alg_info.obj
 0002:000014f8       ??_C@_05PBJFFIGL@floor?$AA@ 00000001800144f8     _coder_getKeplerFromState_Alg_info.obj
 0002:00001500       ??_C@_0EH@NKKKFOFD@?$FLILXE?$FN$matlabroot$?1toolbox?1coder@ 0000000180014500     _coder_getKeplerFromState_Alg_info.obj
 0002:00001548       ??_C@_0BM@OMMFNHB@coder?4internal?4scalexpAlloc?$AA@ 0000000180014548     _coder_getKeplerFromState_Alg_info.obj
 0002:00001570       ??_C@_0EC@EDKCHFKG@?$FLILXE?$FN$matlabroot$?1toolbox?1eml?1l@ 0000000180014570     _coder_getKeplerFromState_Alg_info.obj
 0002:000015b8       ??_C@_0BC@JEELAMCJ@eml_scalexp_alloc?$AA@ 00000001800145b8     _coder_getKeplerFromState_Alg_info.obj
 0002:000015d0       ??_C@_0ED@BIKNGDGL@?$FLILXE?$FN$matlabroot$?1toolbox?1coder@ 00000001800145d0     _coder_getKeplerFromState_Alg_info.obj
 0002:00001618       ??_C@_0BI@GOAEPJB@coder?4internal?4scalarEg?$AA@ 0000000180014618     _coder_getKeplerFromState_Alg_info.obj
 0002:00001630       ??_C@_0DP@JAKKLAFJ@?$FLILXE?$FN$matlabroot$?1toolbox?1eml?1l@ 0000000180014630     _coder_getKeplerFromState_Alg_info.obj
 0002:00001670       ??_C@_0DG@PFPDNIHA@?$FLILXE?$FN$matlabroot$?1toolbox?1eml?1l@ 0000000180014670     _coder_getKeplerFromState_Alg_info.obj
 0002:000016a8       ??_C@_05PLIADJJL@power?$AA@ 00000001800146a8     _coder_getKeplerFromState_Alg_info.obj
 0002:000016b0       ??_C@_0DL@FNMKLGPB@?$FLILXE?$FN$matlabroot$?1toolbox?1eml?1l@ 00000001800146b0     _coder_getKeplerFromState_Alg_info.obj
 0002:000016f0       ??_C@_08IPKEJGEO@ismatrix?$AA@ 00000001800146f0     _coder_getKeplerFromState_Alg_info.obj
 0002:00001700       ??_C@_0DH@EDFPKIIH@?$FLILXE?$FN$matlabroot$?1toolbox?1eml?1l@ 0000000180014700     _coder_getKeplerFromState_Alg_info.obj
 0002:00001738       ??_C@_06DNEPGKGD@mpower?$AA@ 0000000180014738     _coder_getKeplerFromState_Alg_info.obj
 0002:00001740       ??_C@_0DJ@LELBHOFI@?$FLILXE?$FN$matlabroot$?1toolbox?1eml?1l@ 0000000180014740     _coder_getKeplerFromState_Alg_info.obj
 0002:0000177c       ??_C@_06DHCFJIMK@intmin?$AA@ 000000018001477c     _coder_getKeplerFromState_Alg_info.obj
 0002:00001788       ??_C@_0DJ@PBLDDNNK@?$FLILXE?$FN$matlabroot$?1toolbox?1eml?1l@ 0000000180014788     _coder_getKeplerFromState_Alg_info.obj
 0002:000017c4       ??_C@_06CFKOHMKF@intmax?$AA@ 00000001800147c4     _coder_getKeplerFromState_Alg_info.obj
 0002:000017d0       ??_C@_0DO@BLDIPFGE@?$FLILXE?$FN$matlabroot$?1toolbox?1eml?1l@ 00000001800147d0     _coder_getKeplerFromState_Alg_info.obj
 0002:00001810       ??_C@_0O@FPCPFABD@isnumerictype?$AA@ 0000000180014810     _coder_getKeplerFromState_Alg_info.obj
 0002:00001820       ??_C@_0DF@PPFGMPFN@?$FLILXE?$FN$matlabroot$?1toolbox?1eml?1l@ 0000000180014820     _coder_getKeplerFromState_Alg_info.obj
 0002:00001858       ??_C@_04CMBAHFNA@isfi?$AA@ 0000000180014858     _coder_getKeplerFromState_Alg_info.obj
 0002:00001860       ??_C@_0HF@KHPAKDPE@?$FLILXE?$FN$matlabroot$?1toolbox?1eml?1l@ 0000000180014860     _coder_getKeplerFromState_Alg_info.obj
 0002:000018e0       ??_C@_0EM@FBPHCJCP@?$FLILXE?$FN$matlabroot$?1toolbox?1share@ 00000001800148e0     _coder_getKeplerFromState_Alg_info.obj
 0002:00001930       ??_C@_0BK@EKDNMJEF@coder?4internal?4indexMinus?$AA@ 0000000180014930     _coder_getKeplerFromState_Alg_info.obj
 0002:00001950       ??_C@_0DM@IBJBHDMD@?$FLILXE?$FN$matlabroot$?1toolbox?1eml?1l@ 0000000180014950     _coder_getKeplerFromState_Alg_info.obj
 0002:00001990       ??_C@_0M@BEAOLJKK@eml_realmin?$AA@ 0000000180014990     _coder_getKeplerFromState_Alg_info.obj
 0002:000019a0       ??_C@_0DK@LKBJFIMJ@?$FLILXE?$FN$matlabroot$?1toolbox?1eml?1l@ 00000001800149a0     _coder_getKeplerFromState_Alg_info.obj
 0002:000019e0       ??_C@_07EHHIAKNC@realmin?$AA@ 00000001800149e0     _coder_getKeplerFromState_Alg_info.obj
 0002:000019f0       ??_C@_0EJ@JCOEOIFB@?$FLILXE?$FN$matlabroot$?1toolbox?1coder@ 00000001800149f0     _coder_getKeplerFromState_Alg_info.obj
 0002:00001a40       ??_C@_0BN@JEBFHAAO@coder?4internal?4refblas?4xnrm2?$AA@ 0000000180014a40     _coder_getKeplerFromState_Alg_info.obj
 0002:00001a60       ??_C@_0EC@LHGHJECH@?$FLILXE?$FN$matlabroot$?1toolbox?1eml?1l@ 0000000180014a60     _coder_getKeplerFromState_Alg_info.obj
 0002:00001aa8       ??_C@_0BC@MBJAEGPC@eml_switch_helper?$AA@ 0000000180014aa8     _coder_getKeplerFromState_Alg_info.obj
 0002:00001ac0       ??_C@_0EK@ONGJLJDP@?$FLILXE?$FN$matlabroot$?1toolbox?1coder@ 0000000180014ac0     _coder_getKeplerFromState_Alg_info.obj
 0002:00001b10       ??_C@_0BO@NKMCCJOO@coder?4internal?4blas?4threshold?$AA@ 0000000180014b10     _coder_getKeplerFromState_Alg_info.obj
 0002:00001b30       ??_C@_0FG@HBGNKHBB@?$FLILXE?$FN$matlabroot$?1toolbox?1coder@ 0000000180014b30     _coder_getKeplerFromState_Alg_info.obj
 0002:00001b90       ??_C@_0EM@POLDDPIB@?$FLILXE?$FN$matlabroot$?1toolbox?1coder@ 0000000180014b90     _coder_getKeplerFromState_Alg_info.obj
 0002:00001be0       ??_C@_0CA@FHKBGOML@coder?4internal?4blas?4use_refblas?$AA@ 0000000180014be0     _coder_getKeplerFromState_Alg_info.obj
 0002:00001c00       ??_C@_0EG@LBCOMOCN@?$FLILXE?$FN$matlabroot$?1toolbox?1coder@ 0000000180014c00     _coder_getKeplerFromState_Alg_info.obj
 0002:00001c48       ??_C@_0BK@NKKABBPH@coder?4internal?4blas?4xnrm2?$AA@ 0000000180014c48     _coder_getKeplerFromState_Alg_info.obj
 0002:00001c70       ??_C@_0EH@KKEOAGLG@?$FLILXE?$FN$matlabroot$?1toolbox?1coder@ 0000000180014c70     _coder_getKeplerFromState_Alg_info.obj
 0002:00001cb8       ??_C@_0BL@MPDEKGFG@coder?4internal?4blas?4inline?$AA@ 0000000180014cb8     _coder_getKeplerFromState_Alg_info.obj
 0002:00001cd8       ??_C@_0DP@LCBCENND@?$FLILXE?$FN$matlabroot$?1toolbox?1eml?1l@ 0000000180014cd8     _coder_getKeplerFromState_Alg_info.obj
 0002:00001d18       ??_C@_09HJHEDAHB@eml_xnrm2?$AA@ 0000000180014d18     _coder_getKeplerFromState_Alg_info.obj
 0002:00001d30       ??_C@_0EA@GLIAMHNI@?$FLILXE?$FN$matlabroot$?1toolbox?1eml?1l@ 0000000180014d30     _coder_getKeplerFromState_Alg_info.obj
 0002:00001d70       ??_C@_0BA@LGKKDMEL@eml_index_class?$AA@ 0000000180014d70     _coder_getKeplerFromState_Alg_info.obj
 0002:00001d80       ??_C@_0EB@LHHEBOLO@?$FLILXE?$FN$matlabroot$?1toolbox?1eml?1l@ 0000000180014d80     _coder_getKeplerFromState_Alg_info.obj
 0002:00001dc8       ??_C@_0DI@CDOIINPF@?$FLILXE?$FN$matlabroot$?1toolbox?1eml?1l@ 0000000180014dc8     _coder_getKeplerFromState_Alg_info.obj
 0002:00001e00       ??_C@_04PLLMIPEP@norm?$AA@ 0000000180014e00     _coder_getKeplerFromState_Alg_info.obj
 0002:00001e10       ??_C@_0HO@OLGNCNFA@?$FLE?$FNC?3?1Users?1Adam?1Dropbox?1Documen@ 0000000180014e10     _coder_getKeplerFromState_Alg_info.obj
 0002:00001e90       ??_C@_08KIGHBJCK@crossARH?$AA@ 0000000180014e90     _coder_getKeplerFromState_Alg_info.obj
 0002:00001ea0       ??_C@_0BG@PKOKOJEF@8?44?40?4150421?5?$CIR2014b?$CJ?$AA@ 0000000180014ea0     _coder_getKeplerFromState_Alg_info.obj
 0002:00001eb8       __real@4018000000000000    0000000180014eb8     _coder_getKeplerFromState_Alg_info.obj
 0002:00001ec0       __real@4008000000000000    0000000180014ec0     _coder_getKeplerFromState_Alg_info.obj
 0002:00001ec8       ??_C@_0P@FDPDNMBC@ConstantInputs?$AA@ 0000000180014ec8     _coder_getKeplerFromState_Alg_info.obj
 0002:00001ed8       ??_C@_0BA@HBLCOFA@NumberOfOutputs?$AA@ 0000000180014ed8     _coder_getKeplerFromState_Alg_info.obj
 0002:00001ee8       ??_C@_0P@DJPKAEOC@NumberOfInputs?$AA@ 0000000180014ee8     _coder_getKeplerFromState_Alg_info.obj
 0002:00001ef8       ??_C@_04FABLJDN@Name?$AA@  0000000180014ef8     _coder_getKeplerFromState_Alg_info.obj
 0002:00001f00       ??_C@_0N@HPEKDNOD@CoverageInfo?$AA@ 0000000180014f00     _coder_getKeplerFromState_Alg_info.obj
 0002:00001f10       ??_C@_0M@HOOGCLMJ@EntryPoints?$AA@ 0000000180014f10     _coder_getKeplerFromState_Alg_info.obj
 0002:00001f20       ??_C@_0BC@PFKIGKIM@ResolvedFunctions?$AA@ 0000000180014f20     _coder_getKeplerFromState_Alg_info.obj
 0002:00001f38       ??_C@_07NGFJPNPN@Version?$AA@ 0000000180014f38     _coder_getKeplerFromState_Alg_info.obj
 0002:00001f40       _pDefaultRawDllMain        0000000180014f40     MSVCRT:crtdll.obj
 0002:00001f40       _pRawDllMain               0000000180014f40     MSVCRT:crtdll.obj
 0002:00001f58       __rtc_iaa                  0000000180014f58     MSVCRT:_initsect_.obj
 0002:00001f60       __rtc_izz                  0000000180014f60     MSVCRT:_initsect_.obj
 0002:00001f68       __rtc_taa                  0000000180014f68     MSVCRT:_initsect_.obj
 0002:00001f70       __rtc_tzz                  0000000180014f70     MSVCRT:_initsect_.obj
 0002:000021d4       __IMPORT_DESCRIPTOR_libmx  00000001800151d4     libmx:libmx.dll
 0002:000021e8       __IMPORT_DESCRIPTOR_libmex 00000001800151e8     libmex:libmex.dll
 0002:000021fc       __IMPORT_DESCRIPTOR_libemlrt 00000001800151fc     libemlrt:libemlrt.dll
 0002:00002210       __IMPORT_DESCRIPTOR_libmwmathutil 0000000180015210     libmwmathutil:libmwmathutil.dll
 0002:00002224       __IMPORT_DESCRIPTOR_MSVCR100 0000000180015224     MSVCRT:MSVCR100.dll
 0002:00002238       __IMPORT_DESCRIPTOR_KERNEL32 0000000180015238     kernel32:KERNEL32.dll
 0002:0000224c       __NULL_IMPORT_DESCRIPTOR   000000018001524c     libmx:libmx.dll
 0003:00000000       emlrtContextGlobal         0000000180016000     _coder_getKeplerFromState_Alg_mex.obj
 0003:00000040       __security_cookie          0000000180016040     MSVCRT:gs_cookie.obj
 0003:00000048       __security_cookie_complement 0000000180016048     MSVCRT:gs_cookie.obj
 0003:00000050       _fltused                   0000000180016050     MSVCRT:dllsupp.obj
 0003:00000060       __native_dllmain_reason    0000000180016060     MSVCRT:natstart.obj
 0003:00000064       __native_vcclrit_reason    0000000180016064     MSVCRT:natstart.obj
 0003:00000078       emlrtRootTLSGlobal         0000000180016078     _coder_getKeplerFromState_Alg_mex.obj
 0003:00000600       ?__type_info_root_node@@3U__type_info_node@@A 0000000180016600     MSVCRT:tncleanup.obj
 0003:00000610       __native_startup_state     0000000180016610     <common>
 0003:00000618       __native_startup_lock      0000000180016618     <common>
 0003:00000620       __onexitend                0000000180016620     <common>
 0003:00000628       __onexitbegin              0000000180016628     <common>
 0003:00000630       __dyn_tls_init_callback    0000000180016630     <common>

 entry point at        0001:00011500

 Static symbols

 0001:00000790       eml_scalar_sqrt            0000000180001790 f   acos.obj
 0001:00000fb0       getKeplerFromState_Alg_mexFunction 0000000180001fb0 f   _coder_getKeplerFromState_Alg_mex.obj
 0001:00001160       b_emlrt_marshallOut        0000000180002160 f   _coder_getKeplerFromState_Alg_info.obj
 0001:000011c0       b_info_helper              00000001800021c0 f   _coder_getKeplerFromState_Alg_info.obj
 0001:00007bd0       info_helper                0000000180008bd0 f   _coder_getKeplerFromState_Alg_info.obj
 0001:00011108       pre_c_init                 0000000180012108 f   MSVCRT:crtdll.obj
 0001:000113c4       __DllMainCRTStartup        00000001800123c4 f   MSVCRT:crtdll.obj
 0001:000119c0       __DllMainCRTStartup$filt$0 00000001800129c0 f   MSVCRT:crtdll.obj
 0001:000119f0       __DllMainCRTStartup$fin$1  00000001800129f0 f   MSVCRT:crtdll.obj
 0001:00011a0a       _onexit$fin$0              0000000180012a0a f   MSVCRT:atonexit.obj
 0001:00011a30       _IsNonwritableInCurrentImage$filt$0 0000000180012a30 f   MSVCRT:pesect.obj
